test	Set up job	´╗┐2025-12-01T19:22:06.6900744Z Current runner version: '2.329.0'
test	Set up job	2025-12-01T19:22:06.6924074Z ##[group]Runner Image Provisioner
test	Set up job	2025-12-01T19:22:06.6924811Z Hosted Compute Agent
test	Set up job	2025-12-01T19:22:06.6925308Z Version: 20251016.436
test	Set up job	2025-12-01T19:22:06.6925869Z Commit: 8ab8ac8bfd662a3739dab9fe09456aba92132568
test	Set up job	2025-12-01T19:22:06.6926528Z Build Date: 2025-10-15T20:44:12Z
test	Set up job	2025-12-01T19:22:06.6927079Z ##[endgroup]
test	Set up job	2025-12-01T19:22:06.6927566Z ##[group]Operating System
test	Set up job	2025-12-01T19:22:06.6928099Z Ubuntu
test	Set up job	2025-12-01T19:22:06.6928517Z 24.04.3
test	Set up job	2025-12-01T19:22:06.6928947Z LTS
test	Set up job	2025-12-01T19:22:06.6929347Z ##[endgroup]
test	Set up job	2025-12-01T19:22:06.6929789Z ##[group]Runner Image
test	Set up job	2025-12-01T19:22:06.6930314Z Image: ubuntu-24.04
test	Set up job	2025-12-01T19:22:06.6930749Z Version: 20251112.124.1
test	Set up job	2025-12-01T19:22:06.6931899Z Included Software: https://github.com/actions/runner-images/blob/ubuntu24/20251112.124/images/ubuntu/Ubuntu2404-Readme.md
test	Set up job	2025-12-01T19:22:06.6933067Z Image Release: https://github.com/actions/runner-images/releases/tag/ubuntu24%2F20251112.124
test	Set up job	2025-12-01T19:22:06.6934133Z ##[endgroup]
test	Set up job	2025-12-01T19:22:06.6935123Z ##[group]GITHUB_TOKEN Permissions
test	Set up job	2025-12-01T19:22:06.6937156Z Contents: read
test	Set up job	2025-12-01T19:22:06.6937650Z Metadata: read
test	Set up job	2025-12-01T19:22:06.6938134Z Packages: read
test	Set up job	2025-12-01T19:22:06.6938586Z ##[endgroup]
test	Set up job	2025-12-01T19:22:06.6940460Z Secret source: Actions
test	Set up job	2025-12-01T19:22:06.6941326Z Prepare workflow directory
test	Set up job	2025-12-01T19:22:06.7297663Z Prepare all required actions
test	Set up job	2025-12-01T19:22:06.7336768Z Getting action download info
test	Set up job	2025-12-01T19:22:07.1506676Z Download action repository 'actions/checkout@v4' (SHA:34e114876b0b11c390a56381ad16ebd13914f8d5)
test	Set up job	2025-12-01T19:22:08.0057884Z Download action repository 'actions/setup-node@v4' (SHA:49933ea5288caeca8642d1e84afbd3f7d6820020)
test	Set up job	2025-12-01T19:22:08.1285723Z Download action repository 'actions/upload-artifact@v4' (SHA:ea165f8d65b6e75b540449e92b4886f43607fa02)
test	Set up job	2025-12-01T19:22:08.2996940Z Complete job name: test
test	Checkout	´╗┐2025-12-01T19:22:08.3708792Z ##[group]Run actions/checkout@v4
test	Checkout	2025-12-01T19:22:08.3710373Z with:
test	Checkout	2025-12-01T19:22:08.3711345Z   repository: Tris247/cvforge-mvp
test	Checkout	2025-12-01T19:22:08.3712617Z   token: ***
test	Checkout	2025-12-01T19:22:08.3713368Z   ssh-strict: true
test	Checkout	2025-12-01T19:22:08.3714129Z   ssh-user: git
test	Checkout	2025-12-01T19:22:08.3714922Z   persist-credentials: true
test	Checkout	2025-12-01T19:22:08.3715775Z   clean: true
test	Checkout	2025-12-01T19:22:08.3716573Z   sparse-checkout-cone-mode: true
test	Checkout	2025-12-01T19:22:08.3717497Z   fetch-depth: 1
test	Checkout	2025-12-01T19:22:08.3718258Z   fetch-tags: false
test	Checkout	2025-12-01T19:22:08.3719009Z   show-progress: true
test	Checkout	2025-12-01T19:22:08.3719848Z   lfs: false
test	Checkout	2025-12-01T19:22:08.3720593Z   submodules: false
test	Checkout	2025-12-01T19:22:08.3721433Z   set-safe-directory: true
test	Checkout	2025-12-01T19:22:08.3722620Z env:
test	Checkout	2025-12-01T19:22:08.3723316Z   DATABASE_URL: file:./dev.db
test	Checkout	2025-12-01T19:22:08.3724173Z ##[endgroup]
test	Checkout	2025-12-01T19:22:08.4756035Z Syncing repository: Tris247/cvforge-mvp
test	Checkout	2025-12-01T19:22:08.4758679Z ##[group]Getting Git version info
test	Checkout	2025-12-01T19:22:08.4759974Z Working directory is '/home/runner/work/cvforge-mvp/cvforge-mvp'
test	Checkout	2025-12-01T19:22:08.4762360Z [command]/usr/bin/git version
test	Checkout	2025-12-01T19:22:08.4807952Z git version 2.51.2
test	Checkout	2025-12-01T19:22:08.4831016Z ##[endgroup]
test	Checkout	2025-12-01T19:22:08.4851091Z Temporarily overriding HOME='/home/runner/work/_temp/1675422b-d45c-4e98-ace1-08fa40b9c613' before making global git config changes
test	Checkout	2025-12-01T19:22:08.4853835Z Adding repository directory to the temporary git global config as a safe directory
test	Checkout	2025-12-01T19:22:08.4957341Z [command]/usr/bin/git config --global --add safe.directory /home/runner/work/cvforge-mvp/cvforge-mvp
test	Checkout	2025-12-01T19:22:08.4962179Z Deleting the contents of '/home/runner/work/cvforge-mvp/cvforge-mvp'
test	Checkout	2025-12-01T19:22:08.4964759Z ##[group]Initializing the repository
test	Checkout	2025-12-01T19:22:08.4965996Z [command]/usr/bin/git init /home/runner/work/cvforge-mvp/cvforge-mvp
test	Checkout	2025-12-01T19:22:08.5004757Z hint: Using 'master' as the name for the initial branch. This default branch name
test	Checkout	2025-12-01T19:22:08.5007440Z hint: is subject to change. To configure the initial branch name to use in all
test	Checkout	2025-12-01T19:22:08.5009547Z hint: of your new repositories, which will suppress this warning, call:
test	Checkout	2025-12-01T19:22:08.5011097Z hint:
test	Checkout	2025-12-01T19:22:08.5012394Z hint: 	git config --global init.defaultBranch <name>
test	Checkout	2025-12-01T19:22:08.5013446Z hint:
test	Checkout	2025-12-01T19:22:08.5014448Z hint: Names commonly chosen instead of 'master' are 'main', 'trunk' and
test	Checkout	2025-12-01T19:22:08.5016101Z hint: 'development'. The just-created branch can be renamed via this command:
test	Checkout	2025-12-01T19:22:08.5017565Z hint:
test	Checkout	2025-12-01T19:22:08.5018221Z hint: 	git branch -m <name>
test	Checkout	2025-12-01T19:22:08.5018988Z hint:
test	Checkout	2025-12-01T19:22:08.5020008Z hint: Disable this message with "git config set advice.defaultBranchName false"
test	Checkout	2025-12-01T19:22:08.5021925Z Initialized empty Git repository in /home/runner/work/cvforge-mvp/cvforge-mvp/.git/
test	Checkout	2025-12-01T19:22:08.5024775Z [command]/usr/bin/git remote add origin https://github.com/Tris247/cvforge-mvp
test	Checkout	2025-12-01T19:22:08.5048391Z ##[endgroup]
test	Checkout	2025-12-01T19:22:08.5049648Z ##[group]Disabling automatic garbage collection
test	Checkout	2025-12-01T19:22:08.5051841Z [command]/usr/bin/git config --local gc.auto 0
test	Checkout	2025-12-01T19:22:08.5077486Z ##[endgroup]
test	Checkout	2025-12-01T19:22:08.5079372Z ##[group]Setting up auth
test	Checkout	2025-12-01T19:22:08.5085191Z [command]/usr/bin/git config --local --name-only --get-regexp core\.sshCommand
test	Checkout	2025-12-01T19:22:08.5113215Z [command]/usr/bin/git submodule foreach --recursive sh -c "git config --local --name-only --get-regexp 'core\.sshCommand' && git config --local --unset-all 'core.sshCommand' || :"
test	Checkout	2025-12-01T19:22:08.5415497Z [command]/usr/bin/git config --local --name-only --get-regexp http\.https\:\/\/github\.com\/\.extraheader
test	Checkout	2025-12-01T19:22:08.5442076Z [command]/usr/bin/git submodule foreach --recursive sh -c "git config --local --name-only --get-regexp 'http\.https\:\/\/github\.com\/\.extraheader' && git config --local --unset-all 'http.https://github.com/.extraheader' || :"
test	Checkout	2025-12-01T19:22:08.5610243Z [command]/usr/bin/git config --local --name-only --get-regexp ^includeIf\.gitdir:
test	Checkout	2025-12-01T19:22:08.5644557Z [command]/usr/bin/git submodule foreach --recursive git config --local --show-origin --name-only --get-regexp remote.origin.url
test	Checkout	2025-12-01T19:22:08.5816457Z [command]/usr/bin/git config --local http.https://github.com/.extraheader AUTHORIZATION: basic ***
test	Checkout	2025-12-01T19:22:08.5843707Z ##[endgroup]
test	Checkout	2025-12-01T19:22:08.5845044Z ##[group]Fetching the repository
test	Checkout	2025-12-01T19:22:08.5852469Z [command]/usr/bin/git -c protocol.version=2 fetch --no-tags --prune --no-recurse-submodules --depth=1 origin +876d11f23639d6a58bba6575a115e044289131b3:refs/remotes/origin/feat/postgres-ci-migration
test	Checkout	2025-12-01T19:22:09.0709451Z From https://github.com/Tris247/cvforge-mvp
test	Checkout	2025-12-01T19:22:09.0735933Z  * [new ref]         876d11f23639d6a58bba6575a115e044289131b3 -> origin/feat/postgres-ci-migration
test	Checkout	2025-12-01T19:22:09.0739267Z ##[endgroup]
test	Checkout	2025-12-01T19:22:09.0740434Z ##[group]Determining the checkout info
test	Checkout	2025-12-01T19:22:09.0742070Z ##[endgroup]
test	Checkout	2025-12-01T19:22:09.0743198Z [command]/usr/bin/git sparse-checkout disable
test	Checkout	2025-12-01T19:22:09.0775544Z [command]/usr/bin/git config --local --unset-all extensions.worktreeConfig
test	Checkout	2025-12-01T19:22:09.0797123Z ##[group]Checking out the ref
test	Checkout	2025-12-01T19:22:09.0800173Z [command]/usr/bin/git checkout --progress --force -B feat/postgres-ci-migration refs/remotes/origin/feat/postgres-ci-migration
test	Checkout	2025-12-01T19:22:09.0894119Z Switched to a new branch 'feat/postgres-ci-migration'
test	Checkout	2025-12-01T19:22:09.0896256Z branch 'feat/postgres-ci-migration' set up to track 'origin/feat/postgres-ci-migration'.
test	Checkout	2025-12-01T19:22:09.0900743Z ##[endgroup]
test	Checkout	2025-12-01T19:22:09.0928416Z [command]/usr/bin/git log -1 --format=%H
test	Checkout	2025-12-01T19:22:09.0946436Z 876d11f23639d6a58bba6575a115e044289131b3
test	Setup Node.js	´╗┐2025-12-01T19:22:09.1184086Z ##[group]Run actions/setup-node@v4
test	Setup Node.js	2025-12-01T19:22:09.1184982Z with:
test	Setup Node.js	2025-12-01T19:22:09.1185599Z   node-version: 18
test	Setup Node.js	2025-12-01T19:22:09.1186282Z   always-auth: false
test	Setup Node.js	2025-12-01T19:22:09.1186992Z   check-latest: false
test	Setup Node.js	2025-12-01T19:22:09.1187929Z   token: ***
test	Setup Node.js	2025-12-01T19:22:09.1188542Z env:
test	Setup Node.js	2025-12-01T19:22:09.1189310Z   DATABASE_URL: file:./dev.db
test	Setup Node.js	2025-12-01T19:22:09.1190080Z ##[endgroup]
test	Setup Node.js	2025-12-01T19:22:09.3328999Z Attempting to download 18...
test	Setup Node.js	2025-12-01T19:22:10.2542863Z Acquiring 18.20.8 - x64 from https://github.com/actions/node-versions/releases/download/18.20.8-14110393767/node-18.20.8-linux-x64.tar.gz
test	Setup Node.js	2025-12-01T19:22:10.7795225Z Extracting ...
test	Setup Node.js	2025-12-01T19:22:10.7881195Z [command]/usr/bin/tar xz --strip 1 --warning=no-unknown-keyword --overwrite -C /home/runner/work/_temp/1232c852-ea0a-47c9-a527-9d25ca5bcf02 -f /home/runner/work/_temp/98fc0630-5148-4133-9371-c6218543f5d8
test	Setup Node.js	2025-12-01T19:22:11.6803547Z Adding to the cache ...
test	Setup Node.js	2025-12-01T19:22:12.8446568Z ##[group]Environment details
test	Setup Node.js	2025-12-01T19:22:13.0673180Z node: v18.20.8
test	Setup Node.js	2025-12-01T19:22:13.0673865Z npm: 10.8.2
test	Setup Node.js	2025-12-01T19:22:13.0674151Z yarn: 1.22.22
test	Setup Node.js	2025-12-01T19:22:13.0674869Z ##[endgroup]
test	Install dependencies	´╗┐2025-12-01T19:22:13.0784327Z ##[group]Run npm ci
test	Install dependencies	2025-12-01T19:22:13.0784682Z [36;1mnpm ci[0m
test	Install dependencies	2025-12-01T19:22:13.0812492Z shell: /usr/bin/bash -e {0}
test	Install dependencies	2025-12-01T19:22:13.0812804Z env:
test	Install dependencies	2025-12-01T19:22:13.0813001Z   DATABASE_URL: file:./dev.db
test	Install dependencies	2025-12-01T19:22:13.0813222Z ##[endgroup]
test	Install dependencies	2025-12-01T19:22:14.6638565Z npm warn deprecated rimraf@3.0.2: Rimraf versions prior to v4 are no longer supported
test	Install dependencies	2025-12-01T19:22:14.8120789Z npm warn deprecated npmlog@6.0.2: This package is no longer supported.
test	Install dependencies	2025-12-01T19:22:15.0213534Z npm warn deprecated inflight@1.0.6: This module is not supported, and leaks memory. Do not use it. Check out lru-cache if you want a good and tested way to coalesce async requests by a key value, which is much more comprehensive and powerful.
test	Install dependencies	2025-12-01T19:22:15.1342469Z npm warn deprecated glob@7.2.3: Glob versions prior to v9 are no longer supported
test	Install dependencies	2025-12-01T19:22:15.2804108Z npm warn deprecated node-domexception@1.0.0: Use your platform's native DOMException instead
test	Install dependencies	2025-12-01T19:22:15.2811561Z npm warn deprecated gauge@4.0.4: This package is no longer supported.
test	Install dependencies	2025-12-01T19:22:15.3758035Z npm warn deprecated are-we-there-yet@3.0.1: This package is no longer supported.
test	Install dependencies	2025-12-01T19:22:15.5147135Z npm warn deprecated @npmcli/move-file@1.1.2: This functionality has been moved to @npmcli/fs
test	Install dependencies	2025-12-01T19:22:23.0047254Z 
test	Install dependencies	2025-12-01T19:22:23.0049552Z added 310 packages, and audited 311 packages in 10s
test	Install dependencies	2025-12-01T19:22:23.0052083Z 
test	Install dependencies	2025-12-01T19:22:23.0053892Z 52 packages are looking for funding
test	Install dependencies	2025-12-01T19:22:23.0055945Z   run `npm fund` for details
test	Install dependencies	2025-12-01T19:22:23.0244648Z 
test	Install dependencies	2025-12-01T19:22:23.0246528Z 4 moderate severity vulnerabilities
test	Install dependencies	2025-12-01T19:22:23.0251190Z 
test	Install dependencies	2025-12-01T19:22:23.0251723Z To address all issues (including breaking changes), run:
test	Install dependencies	2025-12-01T19:22:23.0252264Z   npm audit fix --force
test	Install dependencies	2025-12-01T19:22:23.0252494Z 
test	Install dependencies	2025-12-01T19:22:23.0252679Z Run `npm audit` for details.
test	Prepare clean test environment	´╗┐2025-12-01T19:22:23.0439308Z ##[group]Run # ensure no leftover marketplace test files interfere with tests
test	Prepare clean test environment	2025-12-01T19:22:23.0439795Z [36;1m# ensure no leftover marketplace test files interfere with tests[0m
test	Prepare clean test environment	2025-12-01T19:22:23.0440174Z [36;1mrm -f ./data/marketplace*.json || true[0m
test	Prepare clean test environment	2025-12-01T19:22:23.0440493Z [36;1mrm -f ./data/marketplace-applications*.json || true[0m
test	Prepare clean test environment	2025-12-01T19:22:23.0440779Z [36;1mmkdir -p data[0m
test	Prepare clean test environment	2025-12-01T19:22:23.0441267Z [36;1mecho "Cleaned data/ and removed marketplace test files"[0m
test	Prepare clean test environment	2025-12-01T19:22:23.0463139Z shell: /usr/bin/bash --noprofile --norc -e -o pipefail {0}
test	Prepare clean test environment	2025-12-01T19:22:23.0463447Z env:
test	Prepare clean test environment	2025-12-01T19:22:23.0463634Z   DATABASE_URL: file:./dev.db
test	Prepare clean test environment	2025-12-01T19:22:23.0463846Z ##[endgroup]
test	Prepare clean test environment	2025-12-01T19:22:23.0528408Z Cleaned data/ and removed marketplace test files
test	Prepare test files and SQLite DB	´╗┐2025-12-01T19:22:23.0548028Z ##[group]Run mkdir -p data
test	Prepare test files and SQLite DB	2025-12-01T19:22:23.0548289Z [36;1mmkdir -p data[0m
test	Prepare test files and SQLite DB	2025-12-01T19:22:23.0548495Z [36;1mtouch dev.db[0m
test	Prepare test files and SQLite DB	2025-12-01T19:22:23.0548745Z [36;1mecho "Using SQLite dev DB at ./dev.db for test run"[0m
test	Prepare test files and SQLite DB	2025-12-01T19:22:23.0549121Z [36;1m# Apply the Prisma schema to the local sqlite dev.db (safe for CI)[0m
test	Prepare test files and SQLite DB	2025-12-01T19:22:23.0549491Z [36;1mnpx prisma db push --schema=prisma/schema.prisma[0m
test	Prepare test files and SQLite DB	2025-12-01T19:22:23.0550012Z [36;1mnpx prisma generate --schema=prisma/schema.prisma[0m
test	Prepare test files and SQLite DB	2025-12-01T19:22:23.0567089Z shell: /usr/bin/bash --noprofile --norc -e -o pipefail {0}
test	Prepare test files and SQLite DB	2025-12-01T19:22:23.0567387Z env:
test	Prepare test files and SQLite DB	2025-12-01T19:22:23.0567562Z   DATABASE_URL: file:./dev.db
test	Prepare test files and SQLite DB	2025-12-01T19:22:23.0567772Z ##[endgroup]
test	Prepare test files and SQLite DB	2025-12-01T19:22:23.0621975Z Using SQLite dev DB at ./dev.db for test run
test	Prepare test files and SQLite DB	2025-12-01T19:22:23.8749135Z Prisma schema loaded from prisma/schema.prisma
test	Prepare test files and SQLite DB	2025-12-01T19:22:23.8793622Z Datasource "db": SQLite database "dev.db" at "file:./dev.db"
test	Prepare test files and SQLite DB	2025-12-01T19:22:23.9220975Z 
test	Prepare test files and SQLite DB	2025-12-01T19:22:23.9222602Z The database is already in sync with the Prisma schema.
test	Prepare test files and SQLite DB	2025-12-01T19:22:23.9223053Z 
test	Prepare test files and SQLite DB	2025-12-01T19:22:23.9234047Z Running generate... (Use --skip-generate to skip the generators)
test	Prepare test files and SQLite DB	2025-12-01T19:22:24.1809872Z [2K[1A[2K[GRunning generate... - Prisma Client
test	Prepare test files and SQLite DB	2025-12-01T19:22:24.2775320Z [2K[1A[2K[GÔ£ö Generated Prisma Client (v5.22.0) to ./node_modules/@prisma/client in 96ms
test	Prepare test files and SQLite DB	2025-12-01T19:22:24.2778664Z 
test	Prepare test files and SQLite DB	2025-12-01T19:22:25.2070682Z Prisma schema loaded from prisma/schema.prisma
test	Prepare test files and SQLite DB	2025-12-01T19:22:25.5429683Z 
test	Prepare test files and SQLite DB	2025-12-01T19:22:25.5431103Z Ô£ö Generated Prisma Client (v5.22.0) to ./node_modules/@prisma/client in 97ms
test	Prepare test files and SQLite DB	2025-12-01T19:22:25.5431478Z 
test	Prepare test files and SQLite DB	2025-12-01T19:22:25.5431852Z Start by importing your Prisma Client (See: https://pris.ly/d/importing-client)
test	Prepare test files and SQLite DB	2025-12-01T19:22:25.5432284Z 
test	Prepare test files and SQLite DB	2025-12-01T19:22:25.5432940Z Tip: Curious about the SQL queries Prisma ORM generates? Optimize helps you enhance your visibility: https://pris.ly/tip-2-optimize
test	Prepare test files and SQLite DB	2025-12-01T19:22:25.5433467Z 
test	Prepare test files and SQLite DB	2025-12-01T19:22:25.5659800Z ÔöîÔöÇÔöÇÔöÇÔöÇÔöÇÔöÇÔöÇÔöÇÔöÇÔöÇÔöÇÔöÇÔöÇÔöÇÔöÇÔöÇÔöÇÔöÇÔöÇÔöÇÔöÇÔöÇÔöÇÔöÇÔöÇÔöÇÔöÇÔöÇÔöÇÔöÇÔöÇÔöÇÔöÇÔöÇÔöÇÔöÇÔöÇÔöÇÔöÇÔöÇÔöÇÔöÇÔöÇÔöÇÔöÇÔöÇÔöÇÔöÇÔöÇÔöÇÔöÇÔöÇÔöÇÔöÇÔöÇÔöÇÔöÇÔöÉ
test	Prepare test files and SQLite DB	2025-12-01T19:22:25.5660517Z Ôöé  Update available 5.22.0 -> 7.0.1                       Ôöé
test	Prepare test files and SQLite DB	2025-12-01T19:22:25.5661240Z Ôöé                                                         Ôöé
test	Prepare test files and SQLite DB	2025-12-01T19:22:25.5661870Z Ôöé  This is a major update - please follow the guide at    Ôöé
test	Prepare test files and SQLite DB	2025-12-01T19:22:25.5662661Z Ôöé  https://pris.ly/d/major-version-upgrade                Ôöé
test	Prepare test files and SQLite DB	2025-12-01T19:22:25.5663397Z Ôöé                                                         Ôöé
test	Prepare test files and SQLite DB	2025-12-01T19:22:25.5664110Z Ôöé  Run the following to update                            Ôöé
test	Prepare test files and SQLite DB	2025-12-01T19:22:25.5664809Z Ôöé    npm i --save-dev prisma@latest                       Ôöé
test	Prepare test files and SQLite DB	2025-12-01T19:22:25.5665607Z Ôöé    npm i @prisma/client@latest                          Ôöé
test	Prepare test files and SQLite DB	2025-12-01T19:22:25.5666562Z ÔööÔöÇÔöÇÔöÇÔöÇÔöÇÔöÇÔöÇÔöÇÔöÇÔöÇÔöÇÔöÇÔöÇÔöÇÔöÇÔöÇÔöÇÔöÇÔöÇÔöÇÔöÇÔöÇÔöÇÔöÇÔöÇÔöÇÔöÇÔöÇÔöÇÔöÇÔöÇÔöÇÔöÇÔöÇÔöÇÔöÇÔöÇÔöÇÔöÇÔöÇÔöÇÔöÇÔöÇÔöÇÔöÇÔöÇÔöÇÔöÇÔöÇÔöÇÔöÇÔöÇÔöÇÔöÇÔöÇÔöÇÔöÇÔöÿ
test	Run tests	´╗┐2025-12-01T19:22:25.7469737Z ##[group]Run npx vitest --run --threads=false
test	Run tests	2025-12-01T19:22:25.7470071Z [36;1mnpx vitest --run --threads=false[0m
test	Run tests	2025-12-01T19:22:25.7488586Z shell: /usr/bin/bash -e {0}
test	Run tests	2025-12-01T19:22:25.7488829Z env:
test	Run tests	2025-12-01T19:22:25.7489002Z   DATABASE_URL: file:./dev.db
test	Run tests	2025-12-01T19:22:25.7489238Z ##[endgroup]
test	Run tests	2025-12-01T19:22:26.1364357Z file:///home/runner/work/cvforge-mvp/cvforge-mvp/node_modules/vitest/dist/vendor/cac.cdAtVkJZ.js:403
test	Run tests	2025-12-01T19:22:26.1365788Z           throw new CACError(`Unknown option \`${name.length > 1 ? `--${name}` : `-${name}`}\``);
test	Run tests	2025-12-01T19:22:26.1366530Z                 ^
test	Run tests	2025-12-01T19:22:26.1366742Z 
test	Run tests	2025-12-01T19:22:26.1367011Z CACError: Unknown option `--threads`
test	Run tests	2025-12-01T19:22:26.1367752Z     at Command.checkUnknownOptions (file:///home/runner/work/cvforge-mvp/cvforge-mvp/node_modules/vitest/dist/vendor/cac.cdAtVkJZ.js:403:17)
test	Run tests	2025-12-01T19:22:26.1368775Z     at CAC.runMatchedCommand (file:///home/runner/work/cvforge-mvp/cvforge-mvp/node_modules/vitest/dist/vendor/cac.cdAtVkJZ.js:603:13)
test	Run tests	2025-12-01T19:22:26.1369755Z     at CAC.parse (file:///home/runner/work/cvforge-mvp/cvforge-mvp/node_modules/vitest/dist/vendor/cac.cdAtVkJZ.js:544:12)
test	Run tests	2025-12-01T19:22:26.1370535Z     at file:///home/runner/work/cvforge-mvp/cvforge-mvp/node_modules/vitest/dist/cli.js:9:13
test	Run tests	2025-12-01T19:22:26.1371375Z     at ModuleJob.run (node:internal/modules/esm/module_job:195:25)
test	Run tests	2025-12-01T19:22:26.1371989Z     at async ModuleLoader.import (node:internal/modules/esm/loader:337:24)
test	Run tests	2025-12-01T19:22:26.1373323Z     at async main (file:///home/runner/work/cvforge-mvp/cvforge-mvp/node_modules/vitest/dist/cli-wrapper.js:45:5)
test	Run tests	2025-12-01T19:22:26.1374479Z 
test	Run tests	2025-12-01T19:22:26.1374650Z Node.js v18.20.8
test	Run tests	2025-12-01T19:22:26.1472013Z ##[error]Process completed with exit code 1.
test	Upload test reports (optional)	´╗┐2025-12-01T19:22:26.1538148Z ##[group]Run actions/upload-artifact@v4
test	Upload test reports (optional)	2025-12-01T19:22:26.1538411Z with:
test	Upload test reports (optional)	2025-12-01T19:22:26.1538576Z   name: vitest-logs
test	Upload test reports (optional)	2025-12-01T19:22:26.1538762Z   path: .
test	Upload test reports (optional)	2025-12-01T19:22:26.1538936Z   if-no-files-found: warn
test	Upload test reports (optional)	2025-12-01T19:22:26.1539152Z   compression-level: 6
test	Upload test reports (optional)	2025-12-01T19:22:26.1539340Z   overwrite: false
test	Upload test reports (optional)	2025-12-01T19:22:26.1539543Z   include-hidden-files: false
test	Upload test reports (optional)	2025-12-01T19:22:26.1539742Z env:
test	Upload test reports (optional)	2025-12-01T19:22:26.1539914Z   DATABASE_URL: file:./dev.db
test	Upload test reports (optional)	2025-12-01T19:22:26.1540110Z ##[endgroup]
test	Upload test reports (optional)	2025-12-01T19:22:27.6225984Z With the provided path, there will be 13834 files uploaded
test	Upload test reports (optional)	2025-12-01T19:22:27.6231541Z Artifact name is valid!
test	Upload test reports (optional)	2025-12-01T19:22:27.6232286Z Root directory input is valid!
test	Upload test reports (optional)	2025-12-01T19:22:27.9765633Z Beginning upload of artifact content to blob storage
test	Upload test reports (optional)	2025-12-01T19:22:29.7406926Z Uploaded bytes 8388608
test	Upload test reports (optional)	2025-12-01T19:22:30.7288663Z Uploaded bytes 16777216
test	Upload test reports (optional)	2025-12-01T19:22:30.7322844Z Uploaded bytes 25165824
test	Upload test reports (optional)	2025-12-01T19:22:31.2709435Z Uploaded bytes 33554432
test	Upload test reports (optional)	2025-12-01T19:22:31.8789327Z Uploaded bytes 41943040
test	Upload test reports (optional)	2025-12-01T19:22:32.5931721Z Uploaded bytes 50331648
test	Upload test reports (optional)	2025-12-01T19:22:33.2791265Z Uploaded bytes 58720256
test	Upload test reports (optional)	2025-12-01T19:22:33.9787093Z Uploaded bytes 67108864
test	Upload test reports (optional)	2025-12-01T19:22:34.7007644Z Uploaded bytes 75497472
test	Upload test reports (optional)	2025-12-01T19:22:35.3808477Z Uploaded bytes 83886080
test	Upload test reports (optional)	2025-12-01T19:22:35.9552551Z Uploaded bytes 92274688
test	Upload test reports (optional)	2025-12-01T19:22:36.7070085Z Uploaded bytes 100663296
test	Upload test reports (optional)	2025-12-01T19:22:37.2953687Z Uploaded bytes 109051904
test	Upload test reports (optional)	2025-12-01T19:22:37.9652020Z Uploaded bytes 117440512
test	Upload test reports (optional)	2025-12-01T19:22:39.8257261Z Uploaded bytes 125829120
test	Upload test reports (optional)	2025-12-01T19:22:41.0513299Z Uploaded bytes 134217728
test	Upload test reports (optional)	2025-12-01T19:22:41.8776130Z Uploaded bytes 142606336
test	Upload test reports (optional)	2025-12-01T19:22:43.8285373Z Uploaded bytes 150994944
test	Upload test reports (optional)	2025-12-01T19:22:44.6933236Z Uploaded bytes 159383552
test	Upload test reports (optional)	2025-12-01T19:22:45.2919211Z Uploaded bytes 167772160
test	Upload test reports (optional)	2025-12-01T19:22:46.3068096Z Uploaded bytes 176160768
test	Upload test reports (optional)	2025-12-01T19:22:47.2752910Z Uploaded bytes 182451094
test	Upload test reports (optional)	2025-12-01T19:22:47.3402959Z Finished uploading artifact content to blob storage!
test	Upload test reports (optional)	2025-12-01T19:22:47.3405984Z SHA256 digest of uploaded artifact zip is b481bd834c2ec2b4e82e2c63d9c1b5c49a716df8e78eb2a77ec83713a11a3399
test	Upload test reports (optional)	2025-12-01T19:22:47.3407980Z Finalizing artifact upload
test	Upload test reports (optional)	2025-12-01T19:22:47.6071541Z Artifact vitest-logs.zip successfully finalized. Artifact ID 4728827353
test	Upload test reports (optional)	2025-12-01T19:22:47.6072379Z Artifact vitest-logs has been successfully uploaded! Final size is 182451094 bytes. Artifact ID is 4728827353
test	Upload test reports (optional)	2025-12-01T19:22:47.6078601Z Artifact download URL: https://github.com/Tris247/cvforge-mvp/actions/runs/19834701966/artifacts/4728827353
test	Post Checkout	´╗┐2025-12-01T19:22:47.6335266Z Post job cleanup.
test	Post Checkout	2025-12-01T19:22:47.7180975Z [command]/usr/bin/git version
test	Post Checkout	2025-12-01T19:22:47.7213301Z git version 2.51.2
test	Post Checkout	2025-12-01T19:22:47.7249926Z Temporarily overriding HOME='/home/runner/work/_temp/45d0f58e-6907-47ee-8797-0d5bd34b7c1a' before making global git config changes
test	Post Checkout	2025-12-01T19:22:47.7250951Z Adding repository directory to the temporary git global config as a safe directory
test	Post Checkout	2025-12-01T19:22:47.7254932Z [command]/usr/bin/git config --global --add safe.directory /home/runner/work/cvforge-mvp/cvforge-mvp
test	Post Checkout	2025-12-01T19:22:47.7284632Z [command]/usr/bin/git config --local --name-only --get-regexp core\.sshCommand
test	Post Checkout	2025-12-01T19:22:47.7310257Z [command]/usr/bin/git submodule foreach --recursive sh -c "git config --local --name-only --get-regexp 'core\.sshCommand' && git config --local --unset-all 'core.sshCommand' || :"
test	Post Checkout	2025-12-01T19:22:47.7483378Z [command]/usr/bin/git config --local --name-only --get-regexp http\.https\:\/\/github\.com\/\.extraheader
test	Post Checkout	2025-12-01T19:22:47.7499759Z http.https://github.com/.extraheader
test	Post Checkout	2025-12-01T19:22:47.7509858Z [command]/usr/bin/git config --local --unset-all http.https://github.com/.extraheader
test	Post Checkout	2025-12-01T19:22:47.7535306Z [command]/usr/bin/git submodule foreach --recursive sh -c "git config --local --name-only --get-regexp 'http\.https\:\/\/github\.com\/\.extraheader' && git config --local --unset-all 'http.https://github.com/.extraheader' || :"
test	Post Checkout	2025-12-01T19:22:47.7702176Z [command]/usr/bin/git config --local --name-only --get-regexp ^includeIf\.gitdir:
test	Post Checkout	2025-12-01T19:22:47.7726002Z [command]/usr/bin/git submodule foreach --recursive git config --local --show-origin --name-only --get-regexp remote.origin.url
test	Complete job	´╗┐2025-12-01T19:22:47.7973885Z Cleaning up orphan processes
