Ingest analytics JSONL to DB	UNKNOWN STEP	﻿2025-12-02T01:27:31.5342635Z Current runner version: '2.329.0'
Ingest analytics JSONL to DB	UNKNOWN STEP	2025-12-02T01:27:31.5375783Z ##[group]Runner Image Provisioner
Ingest analytics JSONL to DB	UNKNOWN STEP	2025-12-02T01:27:31.5376977Z Hosted Compute Agent
Ingest analytics JSONL to DB	UNKNOWN STEP	2025-12-02T01:27:31.5377987Z Version: 20251016.436
Ingest analytics JSONL to DB	UNKNOWN STEP	2025-12-02T01:27:31.5379029Z Commit: 8ab8ac8bfd662a3739dab9fe09456aba92132568
Ingest analytics JSONL to DB	UNKNOWN STEP	2025-12-02T01:27:31.5380258Z Build Date: 2025-10-15T20:44:12Z
Ingest analytics JSONL to DB	UNKNOWN STEP	2025-12-02T01:27:31.5381357Z ##[endgroup]
Ingest analytics JSONL to DB	UNKNOWN STEP	2025-12-02T01:27:31.5382259Z ##[group]Operating System
Ingest analytics JSONL to DB	UNKNOWN STEP	2025-12-02T01:27:31.5383237Z Ubuntu
Ingest analytics JSONL to DB	UNKNOWN STEP	2025-12-02T01:27:31.5384305Z 24.04.3
Ingest analytics JSONL to DB	UNKNOWN STEP	2025-12-02T01:27:31.5385073Z LTS
Ingest analytics JSONL to DB	UNKNOWN STEP	2025-12-02T01:27:31.5385744Z ##[endgroup]
Ingest analytics JSONL to DB	UNKNOWN STEP	2025-12-02T01:27:31.5386635Z ##[group]Runner Image
Ingest analytics JSONL to DB	UNKNOWN STEP	2025-12-02T01:27:31.5387534Z Image: ubuntu-24.04
Ingest analytics JSONL to DB	UNKNOWN STEP	2025-12-02T01:27:31.5388362Z Version: 20251112.124.1
Ingest analytics JSONL to DB	UNKNOWN STEP	2025-12-02T01:27:31.5390166Z Included Software: https://github.com/actions/runner-images/blob/ubuntu24/20251112.124/images/ubuntu/Ubuntu2404-Readme.md
Ingest analytics JSONL to DB	UNKNOWN STEP	2025-12-02T01:27:31.5392887Z Image Release: https://github.com/actions/runner-images/releases/tag/ubuntu24%2F20251112.124
Ingest analytics JSONL to DB	UNKNOWN STEP	2025-12-02T01:27:31.5394868Z ##[endgroup]
Ingest analytics JSONL to DB	UNKNOWN STEP	2025-12-02T01:27:31.5396712Z ##[group]GITHUB_TOKEN Permissions
Ingest analytics JSONL to DB	UNKNOWN STEP	2025-12-02T01:27:31.5399364Z Contents: read
Ingest analytics JSONL to DB	UNKNOWN STEP	2025-12-02T01:27:31.5400235Z Metadata: read
Ingest analytics JSONL to DB	UNKNOWN STEP	2025-12-02T01:27:31.5401098Z Packages: read
Ingest analytics JSONL to DB	UNKNOWN STEP	2025-12-02T01:27:31.5401983Z ##[endgroup]
Ingest analytics JSONL to DB	UNKNOWN STEP	2025-12-02T01:27:31.5405335Z Secret source: Actions
Ingest analytics JSONL to DB	UNKNOWN STEP	2025-12-02T01:27:31.5406606Z Prepare workflow directory
Ingest analytics JSONL to DB	UNKNOWN STEP	2025-12-02T01:27:31.6151050Z Prepare all required actions
Ingest analytics JSONL to DB	UNKNOWN STEP	2025-12-02T01:27:31.6209453Z Getting action download info
Ingest analytics JSONL to DB	UNKNOWN STEP	2025-12-02T01:27:31.8291473Z Download action repository 'actions/checkout@v4' (SHA:34e114876b0b11c390a56381ad16ebd13914f8d5)
Ingest analytics JSONL to DB	UNKNOWN STEP	2025-12-02T01:27:32.0822787Z Download action repository 'actions/setup-node@v4' (SHA:49933ea5288caeca8642d1e84afbd3f7d6820020)
Ingest analytics JSONL to DB	UNKNOWN STEP	2025-12-02T01:27:32.2272720Z Complete job name: Ingest analytics JSONL to DB
Ingest analytics JSONL to DB	UNKNOWN STEP	2025-12-02T01:27:32.2956907Z ##[group]Run actions/checkout@v4
Ingest analytics JSONL to DB	UNKNOWN STEP	2025-12-02T01:27:32.2957725Z with:
Ingest analytics JSONL to DB	UNKNOWN STEP	2025-12-02T01:27:32.2958138Z   repository: Tris247/cvforge-mvp
Ingest analytics JSONL to DB	UNKNOWN STEP	2025-12-02T01:27:32.2958774Z   token: ***
Ingest analytics JSONL to DB	UNKNOWN STEP	2025-12-02T01:27:32.2959197Z   ssh-strict: true
Ingest analytics JSONL to DB	UNKNOWN STEP	2025-12-02T01:27:32.2959616Z   ssh-user: git
Ingest analytics JSONL to DB	UNKNOWN STEP	2025-12-02T01:27:32.2960026Z   persist-credentials: true
Ingest analytics JSONL to DB	UNKNOWN STEP	2025-12-02T01:27:32.2960483Z   clean: true
Ingest analytics JSONL to DB	UNKNOWN STEP	2025-12-02T01:27:32.2960898Z   sparse-checkout-cone-mode: true
Ingest analytics JSONL to DB	UNKNOWN STEP	2025-12-02T01:27:32.2961390Z   fetch-depth: 1
Ingest analytics JSONL to DB	UNKNOWN STEP	2025-12-02T01:27:32.2961813Z   fetch-tags: false
Ingest analytics JSONL to DB	UNKNOWN STEP	2025-12-02T01:27:32.2962232Z   show-progress: true
Ingest analytics JSONL to DB	UNKNOWN STEP	2025-12-02T01:27:32.2962646Z   lfs: false
Ingest analytics JSONL to DB	UNKNOWN STEP	2025-12-02T01:27:32.2963014Z   submodules: false
Ingest analytics JSONL to DB	UNKNOWN STEP	2025-12-02T01:27:32.2963434Z   set-safe-directory: true
Ingest analytics JSONL to DB	UNKNOWN STEP	2025-12-02T01:27:32.2964060Z env:
Ingest analytics JSONL to DB	UNKNOWN STEP	2025-12-02T01:27:32.2964729Z   NODE_OPTIONS: --max-old-space-size=512
Ingest analytics JSONL to DB	UNKNOWN STEP	2025-12-02T01:27:32.2965304Z   ANALYTICS_FILE: data/analytics.jsonl
Ingest analytics JSONL to DB	UNKNOWN STEP	2025-12-02T01:27:32.2965813Z   DATABASE_URL: 
Ingest analytics JSONL to DB	UNKNOWN STEP	2025-12-02T01:27:32.2966229Z ##[endgroup]
Ingest analytics JSONL to DB	UNKNOWN STEP	2025-12-02T01:27:32.4295754Z Syncing repository: Tris247/cvforge-mvp
Ingest analytics JSONL to DB	UNKNOWN STEP	2025-12-02T01:27:32.4297474Z ##[group]Getting Git version info
Ingest analytics JSONL to DB	UNKNOWN STEP	2025-12-02T01:27:32.4298203Z Working directory is '/home/runner/work/cvforge-mvp/cvforge-mvp'
Ingest analytics JSONL to DB	UNKNOWN STEP	2025-12-02T01:27:32.4299204Z [command]/usr/bin/git version
Ingest analytics JSONL to DB	UNKNOWN STEP	2025-12-02T01:27:32.4358754Z git version 2.51.2
Ingest analytics JSONL to DB	UNKNOWN STEP	2025-12-02T01:27:32.4383867Z ##[endgroup]
Ingest analytics JSONL to DB	UNKNOWN STEP	2025-12-02T01:27:32.4405383Z Temporarily overriding HOME='/home/runner/work/_temp/e6c107b2-a4c1-4c37-9d9e-5a43b617b289' before making global git config changes
Ingest analytics JSONL to DB	UNKNOWN STEP	2025-12-02T01:27:32.4406823Z Adding repository directory to the temporary git global config as a safe directory
Ingest analytics JSONL to DB	UNKNOWN STEP	2025-12-02T01:27:32.4410372Z [command]/usr/bin/git config --global --add safe.directory /home/runner/work/cvforge-mvp/cvforge-mvp
Ingest analytics JSONL to DB	UNKNOWN STEP	2025-12-02T01:27:32.4444951Z Deleting the contents of '/home/runner/work/cvforge-mvp/cvforge-mvp'
Ingest analytics JSONL to DB	UNKNOWN STEP	2025-12-02T01:27:32.4448358Z ##[group]Initializing the repository
Ingest analytics JSONL to DB	UNKNOWN STEP	2025-12-02T01:27:32.4452081Z [command]/usr/bin/git init /home/runner/work/cvforge-mvp/cvforge-mvp
Ingest analytics JSONL to DB	UNKNOWN STEP	2025-12-02T01:27:32.4552958Z hint: Using 'master' as the name for the initial branch. This default branch name
Ingest analytics JSONL to DB	UNKNOWN STEP	2025-12-02T01:27:32.4554459Z hint: is subject to change. To configure the initial branch name to use in all
Ingest analytics JSONL to DB	UNKNOWN STEP	2025-12-02T01:27:32.4555668Z hint: of your new repositories, which will suppress this warning, call:
Ingest analytics JSONL to DB	UNKNOWN STEP	2025-12-02T01:27:32.4556712Z hint:
Ingest analytics JSONL to DB	UNKNOWN STEP	2025-12-02T01:27:32.4557360Z hint: 	git config --global init.defaultBranch <name>
Ingest analytics JSONL to DB	UNKNOWN STEP	2025-12-02T01:27:32.4557958Z hint:
Ingest analytics JSONL to DB	UNKNOWN STEP	2025-12-02T01:27:32.4558526Z hint: Names commonly chosen instead of 'master' are 'main', 'trunk' and
Ingest analytics JSONL to DB	UNKNOWN STEP	2025-12-02T01:27:32.4559452Z hint: 'development'. The just-created branch can be renamed via this command:
Ingest analytics JSONL to DB	UNKNOWN STEP	2025-12-02T01:27:32.4560185Z hint:
Ingest analytics JSONL to DB	UNKNOWN STEP	2025-12-02T01:27:32.4560564Z hint: 	git branch -m <name>
Ingest analytics JSONL to DB	UNKNOWN STEP	2025-12-02T01:27:32.4561023Z hint:
Ingest analytics JSONL to DB	UNKNOWN STEP	2025-12-02T01:27:32.4561782Z hint: Disable this message with "git config set advice.defaultBranchName false"
Ingest analytics JSONL to DB	UNKNOWN STEP	2025-12-02T01:27:32.4562866Z Initialized empty Git repository in /home/runner/work/cvforge-mvp/cvforge-mvp/.git/
Ingest analytics JSONL to DB	UNKNOWN STEP	2025-12-02T01:27:32.4567349Z [command]/usr/bin/git remote add origin https://github.com/Tris247/cvforge-mvp
Ingest analytics JSONL to DB	UNKNOWN STEP	2025-12-02T01:27:32.4598056Z ##[endgroup]
Ingest analytics JSONL to DB	UNKNOWN STEP	2025-12-02T01:27:32.4598787Z ##[group]Disabling automatic garbage collection
Ingest analytics JSONL to DB	UNKNOWN STEP	2025-12-02T01:27:32.4601985Z [command]/usr/bin/git config --local gc.auto 0
Ingest analytics JSONL to DB	UNKNOWN STEP	2025-12-02T01:27:32.4628234Z ##[endgroup]
Ingest analytics JSONL to DB	UNKNOWN STEP	2025-12-02T01:27:32.4628904Z ##[group]Setting up auth
Ingest analytics JSONL to DB	UNKNOWN STEP	2025-12-02T01:27:32.4634974Z [command]/usr/bin/git config --local --name-only --get-regexp core\.sshCommand
Ingest analytics JSONL to DB	UNKNOWN STEP	2025-12-02T01:27:32.4663712Z [command]/usr/bin/git submodule foreach --recursive sh -c "git config --local --name-only --get-regexp 'core\.sshCommand' && git config --local --unset-all 'core.sshCommand' || :"
Ingest analytics JSONL to DB	UNKNOWN STEP	2025-12-02T01:27:32.4982456Z [command]/usr/bin/git config --local --name-only --get-regexp http\.https\:\/\/github\.com\/\.extraheader
Ingest analytics JSONL to DB	UNKNOWN STEP	2025-12-02T01:27:32.5018692Z [command]/usr/bin/git submodule foreach --recursive sh -c "git config --local --name-only --get-regexp 'http\.https\:\/\/github\.com\/\.extraheader' && git config --local --unset-all 'http.https://github.com/.extraheader' || :"
Ingest analytics JSONL to DB	UNKNOWN STEP	2025-12-02T01:27:32.5245063Z [command]/usr/bin/git config --local --name-only --get-regexp ^includeIf\.gitdir:
Ingest analytics JSONL to DB	UNKNOWN STEP	2025-12-02T01:27:32.5283605Z [command]/usr/bin/git submodule foreach --recursive git config --local --show-origin --name-only --get-regexp remote.origin.url
Ingest analytics JSONL to DB	UNKNOWN STEP	2025-12-02T01:27:32.5521573Z [command]/usr/bin/git config --local http.https://github.com/.extraheader AUTHORIZATION: basic ***
Ingest analytics JSONL to DB	UNKNOWN STEP	2025-12-02T01:27:32.5556036Z ##[endgroup]
Ingest analytics JSONL to DB	UNKNOWN STEP	2025-12-02T01:27:32.5558502Z ##[group]Fetching the repository
Ingest analytics JSONL to DB	UNKNOWN STEP	2025-12-02T01:27:32.5565357Z [command]/usr/bin/git -c protocol.version=2 fetch --no-tags --prune --no-recurse-submodules --depth=1 origin +df5aaa561df9ccc480e7b7cff2e8d1d3c7cbbc4a:refs/remotes/origin/feat/postgres-ci-migration
Ingest analytics JSONL to DB	UNKNOWN STEP	2025-12-02T01:27:32.7177862Z From https://github.com/Tris247/cvforge-mvp
Ingest analytics JSONL to DB	UNKNOWN STEP	2025-12-02T01:27:32.7179902Z  * [new ref]         df5aaa561df9ccc480e7b7cff2e8d1d3c7cbbc4a -> origin/feat/postgres-ci-migration
Ingest analytics JSONL to DB	UNKNOWN STEP	2025-12-02T01:27:32.7213140Z ##[endgroup]
Ingest analytics JSONL to DB	UNKNOWN STEP	2025-12-02T01:27:32.7214447Z ##[group]Determining the checkout info
Ingest analytics JSONL to DB	UNKNOWN STEP	2025-12-02T01:27:32.7216002Z ##[endgroup]
Ingest analytics JSONL to DB	UNKNOWN STEP	2025-12-02T01:27:32.7221864Z [command]/usr/bin/git sparse-checkout disable
Ingest analytics JSONL to DB	UNKNOWN STEP	2025-12-02T01:27:32.7263359Z [command]/usr/bin/git config --local --unset-all extensions.worktreeConfig
Ingest analytics JSONL to DB	UNKNOWN STEP	2025-12-02T01:27:32.7290122Z ##[group]Checking out the ref
Ingest analytics JSONL to DB	UNKNOWN STEP	2025-12-02T01:27:32.7295388Z [command]/usr/bin/git checkout --progress --force -B feat/postgres-ci-migration refs/remotes/origin/feat/postgres-ci-migration
Ingest analytics JSONL to DB	UNKNOWN STEP	2025-12-02T01:27:32.7432936Z Switched to a new branch 'feat/postgres-ci-migration'
Ingest analytics JSONL to DB	UNKNOWN STEP	2025-12-02T01:27:32.7436384Z branch 'feat/postgres-ci-migration' set up to track 'origin/feat/postgres-ci-migration'.
Ingest analytics JSONL to DB	UNKNOWN STEP	2025-12-02T01:27:32.7443184Z ##[endgroup]
Ingest analytics JSONL to DB	UNKNOWN STEP	2025-12-02T01:27:32.7478239Z [command]/usr/bin/git log -1 --format=%H
Ingest analytics JSONL to DB	UNKNOWN STEP	2025-12-02T01:27:32.7500358Z df5aaa561df9ccc480e7b7cff2e8d1d3c7cbbc4a
Ingest analytics JSONL to DB	UNKNOWN STEP	2025-12-02T01:27:32.7737392Z ##[group]Run actions/setup-node@v4
Ingest analytics JSONL to DB	UNKNOWN STEP	2025-12-02T01:27:32.7737945Z with:
Ingest analytics JSONL to DB	UNKNOWN STEP	2025-12-02T01:27:32.7738318Z   node-version: 18
Ingest analytics JSONL to DB	UNKNOWN STEP	2025-12-02T01:27:32.7738735Z   always-auth: false
Ingest analytics JSONL to DB	UNKNOWN STEP	2025-12-02T01:27:32.7739157Z   check-latest: false
Ingest analytics JSONL to DB	UNKNOWN STEP	2025-12-02T01:27:32.7739721Z   token: ***
Ingest analytics JSONL to DB	UNKNOWN STEP	2025-12-02T01:27:32.7740299Z env:
Ingest analytics JSONL to DB	UNKNOWN STEP	2025-12-02T01:27:32.7740703Z   NODE_OPTIONS: --max-old-space-size=512
Ingest analytics JSONL to DB	UNKNOWN STEP	2025-12-02T01:27:32.7741270Z   ANALYTICS_FILE: data/analytics.jsonl
Ingest analytics JSONL to DB	UNKNOWN STEP	2025-12-02T01:27:32.7741787Z   DATABASE_URL: 
Ingest analytics JSONL to DB	UNKNOWN STEP	2025-12-02T01:27:32.7742186Z ##[endgroup]
Ingest analytics JSONL to DB	UNKNOWN STEP	2025-12-02T01:27:32.9837689Z Attempting to download 18...
Ingest analytics JSONL to DB	UNKNOWN STEP	2025-12-02T01:27:33.3310351Z Acquiring 18.20.8 - x64 from https://github.com/actions/node-versions/releases/download/18.20.8-14110393767/node-18.20.8-linux-x64.tar.gz
Ingest analytics JSONL to DB	UNKNOWN STEP	2025-12-02T01:27:33.7078449Z Extracting ...
Ingest analytics JSONL to DB	UNKNOWN STEP	2025-12-02T01:27:33.7201799Z [command]/usr/bin/tar xz --strip 1 --warning=no-unknown-keyword --overwrite -C /home/runner/work/_temp/543087d6-e84b-4670-8d1f-cdedbf4fecc7 -f /home/runner/work/_temp/292ec235-2392-4145-a635-d30fce1519a9
Ingest analytics JSONL to DB	UNKNOWN STEP	2025-12-02T01:27:34.6837268Z Adding to the cache ...
Ingest analytics JSONL to DB	UNKNOWN STEP	2025-12-02T01:27:36.3748732Z ##[group]Environment details
Ingest analytics JSONL to DB	UNKNOWN STEP	2025-12-02T01:27:36.6253676Z node: v18.20.8
Ingest analytics JSONL to DB	UNKNOWN STEP	2025-12-02T01:27:36.6254655Z npm: 10.8.2
Ingest analytics JSONL to DB	UNKNOWN STEP	2025-12-02T01:27:36.6255083Z yarn: 1.22.22
Ingest analytics JSONL to DB	UNKNOWN STEP	2025-12-02T01:27:36.6255973Z ##[endgroup]
Ingest analytics JSONL to DB	UNKNOWN STEP	2025-12-02T01:27:36.6408666Z ##[group]Run npm ci
Ingest analytics JSONL to DB	UNKNOWN STEP	2025-12-02T01:27:36.6408975Z [36;1mnpm ci[0m
Ingest analytics JSONL to DB	UNKNOWN STEP	2025-12-02T01:27:36.6447313Z shell: /usr/bin/bash -e {0}
Ingest analytics JSONL to DB	UNKNOWN STEP	2025-12-02T01:27:36.6447599Z env:
Ingest analytics JSONL to DB	UNKNOWN STEP	2025-12-02T01:27:36.6447891Z   NODE_OPTIONS: --max-old-space-size=512
Ingest analytics JSONL to DB	UNKNOWN STEP	2025-12-02T01:27:36.6448234Z   ANALYTICS_FILE: data/analytics.jsonl
Ingest analytics JSONL to DB	UNKNOWN STEP	2025-12-02T01:27:36.6448510Z   DATABASE_URL: 
Ingest analytics JSONL to DB	UNKNOWN STEP	2025-12-02T01:27:36.6448715Z ##[endgroup]
Ingest analytics JSONL to DB	UNKNOWN STEP	2025-12-02T01:27:38.4492222Z npm warn deprecated rimraf@3.0.2: Rimraf versions prior to v4 are no longer supported
Ingest analytics JSONL to DB	UNKNOWN STEP	2025-12-02T01:27:38.6860144Z npm warn deprecated npmlog@6.0.2: This package is no longer supported.
Ingest analytics JSONL to DB	UNKNOWN STEP	2025-12-02T01:27:38.9698767Z npm warn deprecated inflight@1.0.6: This module is not supported, and leaks memory. Do not use it. Check out lru-cache if you want a good and tested way to coalesce async requests by a key value, which is much more comprehensive and powerful.
Ingest analytics JSONL to DB	UNKNOWN STEP	2025-12-02T01:27:39.0951448Z npm warn deprecated glob@7.2.3: Glob versions prior to v9 are no longer supported
Ingest analytics JSONL to DB	UNKNOWN STEP	2025-12-02T01:27:39.3648371Z npm warn deprecated gauge@4.0.4: This package is no longer supported.
Ingest analytics JSONL to DB	UNKNOWN STEP	2025-12-02T01:27:39.4045646Z npm warn deprecated are-we-there-yet@3.0.1: This package is no longer supported.
Ingest analytics JSONL to DB	UNKNOWN STEP	2025-12-02T01:27:39.4412373Z npm warn deprecated node-domexception@1.0.0: Use your platform's native DOMException instead
Ingest analytics JSONL to DB	UNKNOWN STEP	2025-12-02T01:27:39.6228212Z npm warn deprecated @npmcli/move-file@1.1.2: This functionality has been moved to @npmcli/fs
Ingest analytics JSONL to DB	UNKNOWN STEP	2025-12-02T01:27:48.3589448Z 
Ingest analytics JSONL to DB	UNKNOWN STEP	2025-12-02T01:27:48.3592094Z added 310 packages, and audited 311 packages in 12s
Ingest analytics JSONL to DB	UNKNOWN STEP	2025-12-02T01:27:48.3592638Z 
Ingest analytics JSONL to DB	UNKNOWN STEP	2025-12-02T01:27:48.3593035Z 52 packages are looking for funding
Ingest analytics JSONL to DB	UNKNOWN STEP	2025-12-02T01:27:48.3593633Z   run `npm fund` for details
Ingest analytics JSONL to DB	UNKNOWN STEP	2025-12-02T01:27:48.3781720Z 
Ingest analytics JSONL to DB	UNKNOWN STEP	2025-12-02T01:27:48.3782248Z 4 moderate severity vulnerabilities
Ingest analytics JSONL to DB	UNKNOWN STEP	2025-12-02T01:27:48.3782726Z 
Ingest analytics JSONL to DB	UNKNOWN STEP	2025-12-02T01:27:48.3783226Z To address all issues (including breaking changes), run:
Ingest analytics JSONL to DB	UNKNOWN STEP	2025-12-02T01:27:48.3783924Z   npm audit fix --force
Ingest analytics JSONL to DB	UNKNOWN STEP	2025-12-02T01:27:48.3784412Z 
Ingest analytics JSONL to DB	UNKNOWN STEP	2025-12-02T01:27:48.3784787Z Run `npm audit` for details.
Ingest analytics JSONL to DB	UNKNOWN STEP	2025-12-02T01:27:48.4062906Z ##[group]Run node ./scripts/ingest-analytics-worker.js
Ingest analytics JSONL to DB	UNKNOWN STEP	2025-12-02T01:27:48.4063482Z [36;1mnode ./scripts/ingest-analytics-worker.js[0m
Ingest analytics JSONL to DB	UNKNOWN STEP	2025-12-02T01:27:48.4100367Z shell: /usr/bin/bash -e {0}
Ingest analytics JSONL to DB	UNKNOWN STEP	2025-12-02T01:27:48.4100628Z env:
Ingest analytics JSONL to DB	UNKNOWN STEP	2025-12-02T01:27:48.4100833Z   NODE_OPTIONS: --max-old-space-size=512
Ingest analytics JSONL to DB	UNKNOWN STEP	2025-12-02T01:27:48.4101124Z   ANALYTICS_FILE: data/analytics.jsonl
Ingest analytics JSONL to DB	UNKNOWN STEP	2025-12-02T01:27:48.4101372Z   DATABASE_URL: 
Ingest analytics JSONL to DB	UNKNOWN STEP	2025-12-02T01:27:48.4101559Z ##[endgroup]
Ingest analytics JSONL to DB	UNKNOWN STEP	2025-12-02T01:27:48.4495989Z DATABASE_URL not set — ingestion worker disabled
Ingest analytics JSONL to DB	UNKNOWN STEP	2025-12-02T01:27:48.4671920Z Post job cleanup.
Ingest analytics JSONL to DB	UNKNOWN STEP	2025-12-02T01:27:48.6723842Z Post job cleanup.
Ingest analytics JSONL to DB	UNKNOWN STEP	2025-12-02T01:27:48.7930142Z [command]/usr/bin/git version
Ingest analytics JSONL to DB	UNKNOWN STEP	2025-12-02T01:27:48.7965646Z git version 2.51.2
Ingest analytics JSONL to DB	UNKNOWN STEP	2025-12-02T01:27:48.8008393Z Temporarily overriding HOME='/home/runner/work/_temp/ad8b8f62-871f-4833-b7f6-385ecbf83c55' before making global git config changes
Ingest analytics JSONL to DB	UNKNOWN STEP	2025-12-02T01:27:48.8009851Z Adding repository directory to the temporary git global config as a safe directory
Ingest analytics JSONL to DB	UNKNOWN STEP	2025-12-02T01:27:48.8021731Z [command]/usr/bin/git config --global --add safe.directory /home/runner/work/cvforge-mvp/cvforge-mvp
Ingest analytics JSONL to DB	UNKNOWN STEP	2025-12-02T01:27:48.8054870Z [command]/usr/bin/git config --local --name-only --get-regexp core\.sshCommand
Ingest analytics JSONL to DB	UNKNOWN STEP	2025-12-02T01:27:48.8086968Z [command]/usr/bin/git submodule foreach --recursive sh -c "git config --local --name-only --get-regexp 'core\.sshCommand' && git config --local --unset-all 'core.sshCommand' || :"
Ingest analytics JSONL to DB	UNKNOWN STEP	2025-12-02T01:27:48.9652563Z [command]/usr/bin/git config --local --name-only --get-regexp http\.https\:\/\/github\.com\/\.extraheader
Ingest analytics JSONL to DB	UNKNOWN STEP	2025-12-02T01:27:48.9677775Z http.https://github.com/.extraheader
Ingest analytics JSONL to DB	UNKNOWN STEP	2025-12-02T01:27:48.9694482Z [command]/usr/bin/git config --local --unset-all http.https://github.com/.extraheader
Ingest analytics JSONL to DB	UNKNOWN STEP	2025-12-02T01:27:48.9728958Z [command]/usr/bin/git submodule foreach --recursive sh -c "git config --local --name-only --get-regexp 'http\.https\:\/\/github\.com\/\.extraheader' && git config --local --unset-all 'http.https://github.com/.extraheader' || :"
Ingest analytics JSONL to DB	UNKNOWN STEP	2025-12-02T01:27:48.9966890Z [command]/usr/bin/git config --local --name-only --get-regexp ^includeIf\.gitdir:
Ingest analytics JSONL to DB	UNKNOWN STEP	2025-12-02T01:27:48.9998471Z [command]/usr/bin/git submodule foreach --recursive git config --local --show-origin --name-only --get-regexp remote.origin.url
Ingest analytics JSONL to DB	UNKNOWN STEP	2025-12-02T01:27:49.0364779Z Cleaning up orphan processes
