Ingest analytics JSONL to DB	UNKNOWN STEP	﻿2025-12-02T10:21:54.3469969Z Current runner version: '2.329.0'
Ingest analytics JSONL to DB	UNKNOWN STEP	2025-12-02T10:21:54.3494433Z ##[group]Runner Image Provisioner
Ingest analytics JSONL to DB	UNKNOWN STEP	2025-12-02T10:21:54.3495303Z Hosted Compute Agent
Ingest analytics JSONL to DB	UNKNOWN STEP	2025-12-02T10:21:54.3495808Z Version: 20251016.436
Ingest analytics JSONL to DB	UNKNOWN STEP	2025-12-02T10:21:54.3496418Z Commit: 8ab8ac8bfd662a3739dab9fe09456aba92132568
Ingest analytics JSONL to DB	UNKNOWN STEP	2025-12-02T10:21:54.3497421Z Build Date: 2025-10-15T20:44:12Z
Ingest analytics JSONL to DB	UNKNOWN STEP	2025-12-02T10:21:54.3498079Z ##[endgroup]
Ingest analytics JSONL to DB	UNKNOWN STEP	2025-12-02T10:21:54.3498645Z ##[group]Operating System
Ingest analytics JSONL to DB	UNKNOWN STEP	2025-12-02T10:21:54.3499231Z Ubuntu
Ingest analytics JSONL to DB	UNKNOWN STEP	2025-12-02T10:21:54.3499736Z 24.04.3
Ingest analytics JSONL to DB	UNKNOWN STEP	2025-12-02T10:21:54.3500160Z LTS
Ingest analytics JSONL to DB	UNKNOWN STEP	2025-12-02T10:21:54.3500646Z ##[endgroup]
Ingest analytics JSONL to DB	UNKNOWN STEP	2025-12-02T10:21:54.3501119Z ##[group]Runner Image
Ingest analytics JSONL to DB	UNKNOWN STEP	2025-12-02T10:21:54.3501700Z Image: ubuntu-24.04
Ingest analytics JSONL to DB	UNKNOWN STEP	2025-12-02T10:21:54.3502247Z Version: 20251112.124.1
Ingest analytics JSONL to DB	UNKNOWN STEP	2025-12-02T10:21:54.3503419Z Included Software: https://github.com/actions/runner-images/blob/ubuntu24/20251112.124/images/ubuntu/Ubuntu2404-Readme.md
Ingest analytics JSONL to DB	UNKNOWN STEP	2025-12-02T10:21:54.3504980Z Image Release: https://github.com/actions/runner-images/releases/tag/ubuntu24%2F20251112.124
Ingest analytics JSONL to DB	UNKNOWN STEP	2025-12-02T10:21:54.3506013Z ##[endgroup]
Ingest analytics JSONL to DB	UNKNOWN STEP	2025-12-02T10:21:54.3507138Z ##[group]GITHUB_TOKEN Permissions
Ingest analytics JSONL to DB	UNKNOWN STEP	2025-12-02T10:21:54.3509287Z Contents: read
Ingest analytics JSONL to DB	UNKNOWN STEP	2025-12-02T10:21:54.3509803Z Metadata: read
Ingest analytics JSONL to DB	UNKNOWN STEP	2025-12-02T10:21:54.3510297Z Packages: read
Ingest analytics JSONL to DB	UNKNOWN STEP	2025-12-02T10:21:54.3510867Z ##[endgroup]
Ingest analytics JSONL to DB	UNKNOWN STEP	2025-12-02T10:21:54.3513247Z Secret source: Actions
Ingest analytics JSONL to DB	UNKNOWN STEP	2025-12-02T10:21:54.3514254Z Prepare workflow directory
Ingest analytics JSONL to DB	UNKNOWN STEP	2025-12-02T10:21:54.4020440Z Prepare all required actions
Ingest analytics JSONL to DB	UNKNOWN STEP	2025-12-02T10:21:54.4058100Z Getting action download info
Ingest analytics JSONL to DB	UNKNOWN STEP	2025-12-02T10:21:54.7304313Z Download action repository 'actions/checkout@v4' (SHA:34e114876b0b11c390a56381ad16ebd13914f8d5)
Ingest analytics JSONL to DB	UNKNOWN STEP	2025-12-02T10:21:55.5738905Z Download action repository 'actions/setup-node@v4' (SHA:49933ea5288caeca8642d1e84afbd3f7d6820020)
Ingest analytics JSONL to DB	UNKNOWN STEP	2025-12-02T10:21:55.7281117Z Complete job name: Ingest analytics JSONL to DB
Ingest analytics JSONL to DB	UNKNOWN STEP	2025-12-02T10:21:55.8035490Z ##[group]Run actions/checkout@v4
Ingest analytics JSONL to DB	UNKNOWN STEP	2025-12-02T10:21:55.8036634Z with:
Ingest analytics JSONL to DB	UNKNOWN STEP	2025-12-02T10:21:55.8037328Z   repository: Tris247/cvforge-mvp
Ingest analytics JSONL to DB	UNKNOWN STEP	2025-12-02T10:21:55.8038288Z   token: ***
Ingest analytics JSONL to DB	UNKNOWN STEP	2025-12-02T10:21:55.8038976Z   ssh-strict: true
Ingest analytics JSONL to DB	UNKNOWN STEP	2025-12-02T10:21:55.8039649Z   ssh-user: git
Ingest analytics JSONL to DB	UNKNOWN STEP	2025-12-02T10:21:55.8040334Z   persist-credentials: true
Ingest analytics JSONL to DB	UNKNOWN STEP	2025-12-02T10:21:55.8041084Z   clean: true
Ingest analytics JSONL to DB	UNKNOWN STEP	2025-12-02T10:21:55.8041770Z   sparse-checkout-cone-mode: true
Ingest analytics JSONL to DB	UNKNOWN STEP	2025-12-02T10:21:55.8042721Z   fetch-depth: 1
Ingest analytics JSONL to DB	UNKNOWN STEP	2025-12-02T10:21:55.8043405Z   fetch-tags: false
Ingest analytics JSONL to DB	UNKNOWN STEP	2025-12-02T10:21:55.8044098Z   show-progress: true
Ingest analytics JSONL to DB	UNKNOWN STEP	2025-12-02T10:21:55.8044787Z   lfs: false
Ingest analytics JSONL to DB	UNKNOWN STEP	2025-12-02T10:21:55.8045452Z   submodules: false
Ingest analytics JSONL to DB	UNKNOWN STEP	2025-12-02T10:21:55.8046133Z   set-safe-directory: true
Ingest analytics JSONL to DB	UNKNOWN STEP	2025-12-02T10:21:55.8047105Z env:
Ingest analytics JSONL to DB	UNKNOWN STEP	2025-12-02T10:21:55.8047814Z   NODE_OPTIONS: --max-old-space-size=512
Ingest analytics JSONL to DB	UNKNOWN STEP	2025-12-02T10:21:55.8048660Z   ANALYTICS_FILE: data/analytics.jsonl
Ingest analytics JSONL to DB	UNKNOWN STEP	2025-12-02T10:21:55.8049440Z   DATABASE_URL: 
Ingest analytics JSONL to DB	UNKNOWN STEP	2025-12-02T10:21:55.8050098Z ##[endgroup]
Ingest analytics JSONL to DB	UNKNOWN STEP	2025-12-02T10:21:55.9411380Z Syncing repository: Tris247/cvforge-mvp
Ingest analytics JSONL to DB	UNKNOWN STEP	2025-12-02T10:21:55.9413856Z ##[group]Getting Git version info
Ingest analytics JSONL to DB	UNKNOWN STEP	2025-12-02T10:21:55.9414922Z Working directory is '/home/runner/work/cvforge-mvp/cvforge-mvp'
Ingest analytics JSONL to DB	UNKNOWN STEP	2025-12-02T10:21:55.9416377Z [command]/usr/bin/git version
Ingest analytics JSONL to DB	UNKNOWN STEP	2025-12-02T10:21:55.9498083Z git version 2.51.2
Ingest analytics JSONL to DB	UNKNOWN STEP	2025-12-02T10:21:55.9525003Z ##[endgroup]
Ingest analytics JSONL to DB	UNKNOWN STEP	2025-12-02T10:21:55.9541096Z Temporarily overriding HOME='/home/runner/work/_temp/2dee3ecb-0ee3-4348-94a5-b166627338fc' before making global git config changes
Ingest analytics JSONL to DB	UNKNOWN STEP	2025-12-02T10:21:55.9544817Z Adding repository directory to the temporary git global config as a safe directory
Ingest analytics JSONL to DB	UNKNOWN STEP	2025-12-02T10:21:55.9555704Z [command]/usr/bin/git config --global --add safe.directory /home/runner/work/cvforge-mvp/cvforge-mvp
Ingest analytics JSONL to DB	UNKNOWN STEP	2025-12-02T10:21:55.9591917Z Deleting the contents of '/home/runner/work/cvforge-mvp/cvforge-mvp'
Ingest analytics JSONL to DB	UNKNOWN STEP	2025-12-02T10:21:55.9595910Z ##[group]Initializing the repository
Ingest analytics JSONL to DB	UNKNOWN STEP	2025-12-02T10:21:55.9601067Z [command]/usr/bin/git init /home/runner/work/cvforge-mvp/cvforge-mvp
Ingest analytics JSONL to DB	UNKNOWN STEP	2025-12-02T10:21:55.9851710Z hint: Using 'master' as the name for the initial branch. This default branch name
Ingest analytics JSONL to DB	UNKNOWN STEP	2025-12-02T10:21:55.9854253Z hint: is subject to change. To configure the initial branch name to use in all
Ingest analytics JSONL to DB	UNKNOWN STEP	2025-12-02T10:21:55.9856993Z hint: of your new repositories, which will suppress this warning, call:
Ingest analytics JSONL to DB	UNKNOWN STEP	2025-12-02T10:21:55.9858595Z hint:
Ingest analytics JSONL to DB	UNKNOWN STEP	2025-12-02T10:21:55.9859421Z hint: 	git config --global init.defaultBranch <name>
Ingest analytics JSONL to DB	UNKNOWN STEP	2025-12-02T10:21:55.9860400Z hint:
Ingest analytics JSONL to DB	UNKNOWN STEP	2025-12-02T10:21:55.9861374Z hint: Names commonly chosen instead of 'master' are 'main', 'trunk' and
Ingest analytics JSONL to DB	UNKNOWN STEP	2025-12-02T10:21:55.9863445Z hint: 'development'. The just-created branch can be renamed via this command:
Ingest analytics JSONL to DB	UNKNOWN STEP	2025-12-02T10:21:55.9864692Z hint:
Ingest analytics JSONL to DB	UNKNOWN STEP	2025-12-02T10:21:55.9865359Z hint: 	git branch -m <name>
Ingest analytics JSONL to DB	UNKNOWN STEP	2025-12-02T10:21:55.9866232Z hint:
Ingest analytics JSONL to DB	UNKNOWN STEP	2025-12-02T10:21:55.9867137Z hint: Disable this message with "git config set advice.defaultBranchName false"
Ingest analytics JSONL to DB	UNKNOWN STEP	2025-12-02T10:21:55.9869043Z Initialized empty Git repository in /home/runner/work/cvforge-mvp/cvforge-mvp/.git/
Ingest analytics JSONL to DB	UNKNOWN STEP	2025-12-02T10:21:55.9872144Z [command]/usr/bin/git remote add origin https://github.com/Tris247/cvforge-mvp
Ingest analytics JSONL to DB	UNKNOWN STEP	2025-12-02T10:21:55.9905702Z ##[endgroup]
Ingest analytics JSONL to DB	UNKNOWN STEP	2025-12-02T10:21:55.9907160Z ##[group]Disabling automatic garbage collection
Ingest analytics JSONL to DB	UNKNOWN STEP	2025-12-02T10:21:55.9908487Z [command]/usr/bin/git config --local gc.auto 0
Ingest analytics JSONL to DB	UNKNOWN STEP	2025-12-02T10:21:55.9937204Z ##[endgroup]
Ingest analytics JSONL to DB	UNKNOWN STEP	2025-12-02T10:21:55.9938649Z ##[group]Setting up auth
Ingest analytics JSONL to DB	UNKNOWN STEP	2025-12-02T10:21:55.9942973Z [command]/usr/bin/git config --local --name-only --get-regexp core\.sshCommand
Ingest analytics JSONL to DB	UNKNOWN STEP	2025-12-02T10:21:55.9972714Z [command]/usr/bin/git submodule foreach --recursive sh -c "git config --local --name-only --get-regexp 'core\.sshCommand' && git config --local --unset-all 'core.sshCommand' || :"
Ingest analytics JSONL to DB	UNKNOWN STEP	2025-12-02T10:21:56.0313848Z [command]/usr/bin/git config --local --name-only --get-regexp http\.https\:\/\/github\.com\/\.extraheader
Ingest analytics JSONL to DB	UNKNOWN STEP	2025-12-02T10:21:56.0345229Z [command]/usr/bin/git submodule foreach --recursive sh -c "git config --local --name-only --get-regexp 'http\.https\:\/\/github\.com\/\.extraheader' && git config --local --unset-all 'http.https://github.com/.extraheader' || :"
Ingest analytics JSONL to DB	UNKNOWN STEP	2025-12-02T10:21:56.0559152Z [command]/usr/bin/git config --local --name-only --get-regexp ^includeIf\.gitdir:
Ingest analytics JSONL to DB	UNKNOWN STEP	2025-12-02T10:21:56.0588904Z [command]/usr/bin/git submodule foreach --recursive git config --local --show-origin --name-only --get-regexp remote.origin.url
Ingest analytics JSONL to DB	UNKNOWN STEP	2025-12-02T10:21:56.0815286Z [command]/usr/bin/git config --local http.https://github.com/.extraheader AUTHORIZATION: basic ***
Ingest analytics JSONL to DB	UNKNOWN STEP	2025-12-02T10:21:56.0847977Z ##[endgroup]
Ingest analytics JSONL to DB	UNKNOWN STEP	2025-12-02T10:21:56.0849082Z ##[group]Fetching the repository
Ingest analytics JSONL to DB	UNKNOWN STEP	2025-12-02T10:21:56.0856564Z [command]/usr/bin/git -c protocol.version=2 fetch --no-tags --prune --no-recurse-submodules --depth=1 origin +166d5b99f6fc694fde9912e554cba5d6d72580bd:refs/remotes/origin/feat/postgres-ci-migration
Ingest analytics JSONL to DB	UNKNOWN STEP	2025-12-02T10:21:56.4053629Z From https://github.com/Tris247/cvforge-mvp
Ingest analytics JSONL to DB	UNKNOWN STEP	2025-12-02T10:21:56.4057179Z  * [new ref]         166d5b99f6fc694fde9912e554cba5d6d72580bd -> origin/feat/postgres-ci-migration
Ingest analytics JSONL to DB	UNKNOWN STEP	2025-12-02T10:21:56.4091795Z ##[endgroup]
Ingest analytics JSONL to DB	UNKNOWN STEP	2025-12-02T10:21:56.4093695Z ##[group]Determining the checkout info
Ingest analytics JSONL to DB	UNKNOWN STEP	2025-12-02T10:21:56.4095991Z ##[endgroup]
Ingest analytics JSONL to DB	UNKNOWN STEP	2025-12-02T10:21:56.4100197Z [command]/usr/bin/git sparse-checkout disable
Ingest analytics JSONL to DB	UNKNOWN STEP	2025-12-02T10:21:56.4142063Z [command]/usr/bin/git config --local --unset-all extensions.worktreeConfig
Ingest analytics JSONL to DB	UNKNOWN STEP	2025-12-02T10:21:56.4168258Z ##[group]Checking out the ref
Ingest analytics JSONL to DB	UNKNOWN STEP	2025-12-02T10:21:56.4173753Z [command]/usr/bin/git checkout --progress --force -B feat/postgres-ci-migration refs/remotes/origin/feat/postgres-ci-migration
Ingest analytics JSONL to DB	UNKNOWN STEP	2025-12-02T10:21:56.4312652Z Switched to a new branch 'feat/postgres-ci-migration'
Ingest analytics JSONL to DB	UNKNOWN STEP	2025-12-02T10:21:56.4316120Z branch 'feat/postgres-ci-migration' set up to track 'origin/feat/postgres-ci-migration'.
Ingest analytics JSONL to DB	UNKNOWN STEP	2025-12-02T10:21:56.4322312Z ##[endgroup]
Ingest analytics JSONL to DB	UNKNOWN STEP	2025-12-02T10:21:56.4354968Z [command]/usr/bin/git log -1 --format=%H
Ingest analytics JSONL to DB	UNKNOWN STEP	2025-12-02T10:21:56.4376370Z 166d5b99f6fc694fde9912e554cba5d6d72580bd
Ingest analytics JSONL to DB	UNKNOWN STEP	2025-12-02T10:21:56.4637386Z ##[group]Run actions/setup-node@v4
Ingest analytics JSONL to DB	UNKNOWN STEP	2025-12-02T10:21:56.4638129Z with:
Ingest analytics JSONL to DB	UNKNOWN STEP	2025-12-02T10:21:56.4638541Z   node-version: 18
Ingest analytics JSONL to DB	UNKNOWN STEP	2025-12-02T10:21:56.4639072Z   always-auth: false
Ingest analytics JSONL to DB	UNKNOWN STEP	2025-12-02T10:21:56.4639610Z   check-latest: false
Ingest analytics JSONL to DB	UNKNOWN STEP	2025-12-02T10:21:56.4640408Z   token: ***
Ingest analytics JSONL to DB	UNKNOWN STEP	2025-12-02T10:21:56.4641042Z env:
Ingest analytics JSONL to DB	UNKNOWN STEP	2025-12-02T10:21:56.4641570Z   NODE_OPTIONS: --max-old-space-size=512
Ingest analytics JSONL to DB	UNKNOWN STEP	2025-12-02T10:21:56.4642562Z   ANALYTICS_FILE: data/analytics.jsonl
Ingest analytics JSONL to DB	UNKNOWN STEP	2025-12-02T10:21:56.4643306Z   DATABASE_URL: 
Ingest analytics JSONL to DB	UNKNOWN STEP	2025-12-02T10:21:56.4643781Z ##[endgroup]
Ingest analytics JSONL to DB	UNKNOWN STEP	2025-12-02T10:21:56.6706451Z Attempting to download 18...
Ingest analytics JSONL to DB	UNKNOWN STEP	2025-12-02T10:21:57.2719634Z Acquiring 18.20.8 - x64 from https://github.com/actions/node-versions/releases/download/18.20.8-14110393767/node-18.20.8-linux-x64.tar.gz
Ingest analytics JSONL to DB	UNKNOWN STEP	2025-12-02T10:21:57.8211896Z Extracting ...
Ingest analytics JSONL to DB	UNKNOWN STEP	2025-12-02T10:21:57.8337254Z [command]/usr/bin/tar xz --strip 1 --warning=no-unknown-keyword --overwrite -C /home/runner/work/_temp/8318e1b8-4659-48e5-aa88-06ed72207b23 -f /home/runner/work/_temp/1b46b87a-487e-45ea-9c5a-819e3af1c52b
Ingest analytics JSONL to DB	UNKNOWN STEP	2025-12-02T10:21:58.8052280Z Adding to the cache ...
Ingest analytics JSONL to DB	UNKNOWN STEP	2025-12-02T10:22:00.3875439Z ##[group]Environment details
Ingest analytics JSONL to DB	UNKNOWN STEP	2025-12-02T10:22:00.6349051Z node: v18.20.8
Ingest analytics JSONL to DB	UNKNOWN STEP	2025-12-02T10:22:00.6349522Z npm: 10.8.2
Ingest analytics JSONL to DB	UNKNOWN STEP	2025-12-02T10:22:00.6349850Z yarn: 1.22.22
Ingest analytics JSONL to DB	UNKNOWN STEP	2025-12-02T10:22:00.6350613Z ##[endgroup]
Ingest analytics JSONL to DB	UNKNOWN STEP	2025-12-02T10:22:00.6504520Z ##[group]Run npm ci
Ingest analytics JSONL to DB	UNKNOWN STEP	2025-12-02T10:22:00.6504801Z [36;1mnpm ci[0m
Ingest analytics JSONL to DB	UNKNOWN STEP	2025-12-02T10:22:00.6543404Z shell: /usr/bin/bash -e {0}
Ingest analytics JSONL to DB	UNKNOWN STEP	2025-12-02T10:22:00.6543664Z env:
Ingest analytics JSONL to DB	UNKNOWN STEP	2025-12-02T10:22:00.6543869Z   NODE_OPTIONS: --max-old-space-size=512
Ingest analytics JSONL to DB	UNKNOWN STEP	2025-12-02T10:22:00.6544151Z   ANALYTICS_FILE: data/analytics.jsonl
Ingest analytics JSONL to DB	UNKNOWN STEP	2025-12-02T10:22:00.6544417Z   DATABASE_URL: 
Ingest analytics JSONL to DB	UNKNOWN STEP	2025-12-02T10:22:00.6544615Z ##[endgroup]
Ingest analytics JSONL to DB	UNKNOWN STEP	2025-12-02T10:22:02.5799589Z npm warn deprecated rimraf@3.0.2: Rimraf versions prior to v4 are no longer supported
Ingest analytics JSONL to DB	UNKNOWN STEP	2025-12-02T10:22:02.8466849Z npm warn deprecated npmlog@6.0.2: This package is no longer supported.
Ingest analytics JSONL to DB	UNKNOWN STEP	2025-12-02T10:22:03.1024197Z npm warn deprecated inflight@1.0.6: This module is not supported, and leaks memory. Do not use it. Check out lru-cache if you want a good and tested way to coalesce async requests by a key value, which is much more comprehensive and powerful.
Ingest analytics JSONL to DB	UNKNOWN STEP	2025-12-02T10:22:03.3568714Z npm warn deprecated glob@7.2.3: Glob versions prior to v9 are no longer supported
Ingest analytics JSONL to DB	UNKNOWN STEP	2025-12-02T10:22:03.6514968Z npm warn deprecated are-we-there-yet@3.0.1: This package is no longer supported.
Ingest analytics JSONL to DB	UNKNOWN STEP	2025-12-02T10:22:03.6761093Z npm warn deprecated gauge@4.0.4: This package is no longer supported.
Ingest analytics JSONL to DB	UNKNOWN STEP	2025-12-02T10:22:03.7352297Z npm warn deprecated node-domexception@1.0.0: Use your platform's native DOMException instead
Ingest analytics JSONL to DB	UNKNOWN STEP	2025-12-02T10:22:03.7926541Z npm warn deprecated @npmcli/move-file@1.1.2: This functionality has been moved to @npmcli/fs
Ingest analytics JSONL to DB	UNKNOWN STEP	2025-12-02T10:22:12.3691755Z 
Ingest analytics JSONL to DB	UNKNOWN STEP	2025-12-02T10:22:12.3693157Z added 310 packages, and audited 311 packages in 12s
Ingest analytics JSONL to DB	UNKNOWN STEP	2025-12-02T10:22:12.3695489Z 
Ingest analytics JSONL to DB	UNKNOWN STEP	2025-12-02T10:22:12.3696057Z 52 packages are looking for funding
Ingest analytics JSONL to DB	UNKNOWN STEP	2025-12-02T10:22:12.3696634Z   run `npm fund` for details
Ingest analytics JSONL to DB	UNKNOWN STEP	2025-12-02T10:22:12.3856114Z 
Ingest analytics JSONL to DB	UNKNOWN STEP	2025-12-02T10:22:12.3856606Z 4 moderate severity vulnerabilities
Ingest analytics JSONL to DB	UNKNOWN STEP	2025-12-02T10:22:12.3857028Z 
Ingest analytics JSONL to DB	UNKNOWN STEP	2025-12-02T10:22:12.3857508Z To address all issues (including breaking changes), run:
Ingest analytics JSONL to DB	UNKNOWN STEP	2025-12-02T10:22:12.3858222Z   npm audit fix --force
Ingest analytics JSONL to DB	UNKNOWN STEP	2025-12-02T10:22:12.3859720Z 
Ingest analytics JSONL to DB	UNKNOWN STEP	2025-12-02T10:22:12.3860049Z Run `npm audit` for details.
Ingest analytics JSONL to DB	UNKNOWN STEP	2025-12-02T10:22:12.4121842Z ##[group]Run node ./scripts/ingest-analytics-worker.js
Ingest analytics JSONL to DB	UNKNOWN STEP	2025-12-02T10:22:12.4122249Z [36;1mnode ./scripts/ingest-analytics-worker.js[0m
Ingest analytics JSONL to DB	UNKNOWN STEP	2025-12-02T10:22:12.4156389Z shell: /usr/bin/bash -e {0}
Ingest analytics JSONL to DB	UNKNOWN STEP	2025-12-02T10:22:12.4156614Z env:
Ingest analytics JSONL to DB	UNKNOWN STEP	2025-12-02T10:22:12.4156807Z   NODE_OPTIONS: --max-old-space-size=512
Ingest analytics JSONL to DB	UNKNOWN STEP	2025-12-02T10:22:12.4157085Z   ANALYTICS_FILE: data/analytics.jsonl
Ingest analytics JSONL to DB	UNKNOWN STEP	2025-12-02T10:22:12.4157311Z   DATABASE_URL: 
Ingest analytics JSONL to DB	UNKNOWN STEP	2025-12-02T10:22:12.4157484Z ##[endgroup]
Ingest analytics JSONL to DB	UNKNOWN STEP	2025-12-02T10:22:12.4551943Z DATABASE_URL not set — ingestion worker disabled
Ingest analytics JSONL to DB	UNKNOWN STEP	2025-12-02T10:22:12.4735159Z Post job cleanup.
Ingest analytics JSONL to DB	UNKNOWN STEP	2025-12-02T10:22:12.6675721Z Post job cleanup.
Ingest analytics JSONL to DB	UNKNOWN STEP	2025-12-02T10:22:12.7878308Z [command]/usr/bin/git version
Ingest analytics JSONL to DB	UNKNOWN STEP	2025-12-02T10:22:12.7914413Z git version 2.51.2
Ingest analytics JSONL to DB	UNKNOWN STEP	2025-12-02T10:22:12.7957620Z Temporarily overriding HOME='/home/runner/work/_temp/27177150-6897-45ea-8f5b-a2c19d4cbf5b' before making global git config changes
Ingest analytics JSONL to DB	UNKNOWN STEP	2025-12-02T10:22:12.7959040Z Adding repository directory to the temporary git global config as a safe directory
Ingest analytics JSONL to DB	UNKNOWN STEP	2025-12-02T10:22:12.7970790Z [command]/usr/bin/git config --global --add safe.directory /home/runner/work/cvforge-mvp/cvforge-mvp
Ingest analytics JSONL to DB	UNKNOWN STEP	2025-12-02T10:22:12.8004711Z [command]/usr/bin/git config --local --name-only --get-regexp core\.sshCommand
Ingest analytics JSONL to DB	UNKNOWN STEP	2025-12-02T10:22:12.8037298Z [command]/usr/bin/git submodule foreach --recursive sh -c "git config --local --name-only --get-regexp 'core\.sshCommand' && git config --local --unset-all 'core.sshCommand' || :"
Ingest analytics JSONL to DB	UNKNOWN STEP	2025-12-02T10:22:12.8278157Z [command]/usr/bin/git config --local --name-only --get-regexp http\.https\:\/\/github\.com\/\.extraheader
Ingest analytics JSONL to DB	UNKNOWN STEP	2025-12-02T10:22:12.8300750Z http.https://github.com/.extraheader
Ingest analytics JSONL to DB	UNKNOWN STEP	2025-12-02T10:22:12.8318838Z [command]/usr/bin/git config --local --unset-all http.https://github.com/.extraheader
Ingest analytics JSONL to DB	UNKNOWN STEP	2025-12-02T10:22:12.8352222Z [command]/usr/bin/git submodule foreach --recursive sh -c "git config --local --name-only --get-regexp 'http\.https\:\/\/github\.com\/\.extraheader' && git config --local --unset-all 'http.https://github.com/.extraheader' || :"
Ingest analytics JSONL to DB	UNKNOWN STEP	2025-12-02T10:22:12.8589050Z [command]/usr/bin/git config --local --name-only --get-regexp ^includeIf\.gitdir:
Ingest analytics JSONL to DB	UNKNOWN STEP	2025-12-02T10:22:12.8621854Z [command]/usr/bin/git submodule foreach --recursive git config --local --show-origin --name-only --get-regexp remote.origin.url
Ingest analytics JSONL to DB	UNKNOWN STEP	2025-12-02T10:22:12.8969354Z Cleaning up orphan processes
