Ingest analytics JSONL to DB	UNKNOWN STEP	﻿2025-12-01T19:20:19.7672088Z Current runner version: '2.329.0'
Ingest analytics JSONL to DB	UNKNOWN STEP	2025-12-01T19:20:19.7696589Z ##[group]Runner Image Provisioner
Ingest analytics JSONL to DB	UNKNOWN STEP	2025-12-01T19:20:19.7697623Z Hosted Compute Agent
Ingest analytics JSONL to DB	UNKNOWN STEP	2025-12-01T19:20:19.7698185Z Version: 20251016.436
Ingest analytics JSONL to DB	UNKNOWN STEP	2025-12-01T19:20:19.7698755Z Commit: 8ab8ac8bfd662a3739dab9fe09456aba92132568
Ingest analytics JSONL to DB	UNKNOWN STEP	2025-12-01T19:20:19.7699515Z Build Date: 2025-10-15T20:44:12Z
Ingest analytics JSONL to DB	UNKNOWN STEP	2025-12-01T19:20:19.7700099Z ##[endgroup]
Ingest analytics JSONL to DB	UNKNOWN STEP	2025-12-01T19:20:19.7700622Z ##[group]Operating System
Ingest analytics JSONL to DB	UNKNOWN STEP	2025-12-01T19:20:19.7701234Z Ubuntu
Ingest analytics JSONL to DB	UNKNOWN STEP	2025-12-01T19:20:19.7701678Z 24.04.3
Ingest analytics JSONL to DB	UNKNOWN STEP	2025-12-01T19:20:19.7702129Z LTS
Ingest analytics JSONL to DB	UNKNOWN STEP	2025-12-01T19:20:19.7702846Z ##[endgroup]
Ingest analytics JSONL to DB	UNKNOWN STEP	2025-12-01T19:20:19.7703404Z ##[group]Runner Image
Ingest analytics JSONL to DB	UNKNOWN STEP	2025-12-01T19:20:19.7703949Z Image: ubuntu-24.04
Ingest analytics JSONL to DB	UNKNOWN STEP	2025-12-01T19:20:19.7704496Z Version: 20251112.124.1
Ingest analytics JSONL to DB	UNKNOWN STEP	2025-12-01T19:20:19.7705520Z Included Software: https://github.com/actions/runner-images/blob/ubuntu24/20251112.124/images/ubuntu/Ubuntu2404-Readme.md
Ingest analytics JSONL to DB	UNKNOWN STEP	2025-12-01T19:20:19.7706995Z Image Release: https://github.com/actions/runner-images/releases/tag/ubuntu24%2F20251112.124
Ingest analytics JSONL to DB	UNKNOWN STEP	2025-12-01T19:20:19.7708054Z ##[endgroup]
Ingest analytics JSONL to DB	UNKNOWN STEP	2025-12-01T19:20:19.7709107Z ##[group]GITHUB_TOKEN Permissions
Ingest analytics JSONL to DB	UNKNOWN STEP	2025-12-01T19:20:19.7711228Z Contents: read
Ingest analytics JSONL to DB	UNKNOWN STEP	2025-12-01T19:20:19.7711773Z Metadata: read
Ingest analytics JSONL to DB	UNKNOWN STEP	2025-12-01T19:20:19.7712217Z Packages: read
Ingest analytics JSONL to DB	UNKNOWN STEP	2025-12-01T19:20:19.7713120Z ##[endgroup]
Ingest analytics JSONL to DB	UNKNOWN STEP	2025-12-01T19:20:19.7715182Z Secret source: Actions
Ingest analytics JSONL to DB	UNKNOWN STEP	2025-12-01T19:20:19.7716124Z Prepare workflow directory
Ingest analytics JSONL to DB	UNKNOWN STEP	2025-12-01T19:20:19.8235796Z Prepare all required actions
Ingest analytics JSONL to DB	UNKNOWN STEP	2025-12-01T19:20:19.8273451Z Getting action download info
Ingest analytics JSONL to DB	UNKNOWN STEP	2025-12-01T19:20:20.1585032Z Download action repository 'actions/checkout@v4' (SHA:34e114876b0b11c390a56381ad16ebd13914f8d5)
Ingest analytics JSONL to DB	UNKNOWN STEP	2025-12-01T19:20:20.7020568Z Download action repository 'actions/setup-node@v4' (SHA:49933ea5288caeca8642d1e84afbd3f7d6820020)
Ingest analytics JSONL to DB	UNKNOWN STEP	2025-12-01T19:20:20.8491693Z Complete job name: Ingest analytics JSONL to DB
Ingest analytics JSONL to DB	UNKNOWN STEP	2025-12-01T19:20:20.9172931Z ##[group]Run actions/checkout@v4
Ingest analytics JSONL to DB	UNKNOWN STEP	2025-12-01T19:20:20.9173770Z with:
Ingest analytics JSONL to DB	UNKNOWN STEP	2025-12-01T19:20:20.9174167Z   repository: Tris247/cvforge-mvp
Ingest analytics JSONL to DB	UNKNOWN STEP	2025-12-01T19:20:20.9174793Z   token: ***
Ingest analytics JSONL to DB	UNKNOWN STEP	2025-12-01T19:20:20.9175186Z   ssh-strict: true
Ingest analytics JSONL to DB	UNKNOWN STEP	2025-12-01T19:20:20.9175569Z   ssh-user: git
Ingest analytics JSONL to DB	UNKNOWN STEP	2025-12-01T19:20:20.9175949Z   persist-credentials: true
Ingest analytics JSONL to DB	UNKNOWN STEP	2025-12-01T19:20:20.9176374Z   clean: true
Ingest analytics JSONL to DB	UNKNOWN STEP	2025-12-01T19:20:20.9176768Z   sparse-checkout-cone-mode: true
Ingest analytics JSONL to DB	UNKNOWN STEP	2025-12-01T19:20:20.9177240Z   fetch-depth: 1
Ingest analytics JSONL to DB	UNKNOWN STEP	2025-12-01T19:20:20.9177619Z   fetch-tags: false
Ingest analytics JSONL to DB	UNKNOWN STEP	2025-12-01T19:20:20.9178010Z   show-progress: true
Ingest analytics JSONL to DB	UNKNOWN STEP	2025-12-01T19:20:20.9178401Z   lfs: false
Ingest analytics JSONL to DB	UNKNOWN STEP	2025-12-01T19:20:20.9178758Z   submodules: false
Ingest analytics JSONL to DB	UNKNOWN STEP	2025-12-01T19:20:20.9179146Z   set-safe-directory: true
Ingest analytics JSONL to DB	UNKNOWN STEP	2025-12-01T19:20:20.9179758Z env:
Ingest analytics JSONL to DB	UNKNOWN STEP	2025-12-01T19:20:20.9180168Z   NODE_OPTIONS: --max-old-space-size=512
Ingest analytics JSONL to DB	UNKNOWN STEP	2025-12-01T19:20:20.9180703Z   ANALYTICS_FILE: data/analytics.jsonl
Ingest analytics JSONL to DB	UNKNOWN STEP	2025-12-01T19:20:20.9181176Z   DATABASE_URL: 
Ingest analytics JSONL to DB	UNKNOWN STEP	2025-12-01T19:20:20.9181542Z ##[endgroup]
Ingest analytics JSONL to DB	UNKNOWN STEP	2025-12-01T19:20:21.0512724Z Syncing repository: Tris247/cvforge-mvp
Ingest analytics JSONL to DB	UNKNOWN STEP	2025-12-01T19:20:21.0514901Z ##[group]Getting Git version info
Ingest analytics JSONL to DB	UNKNOWN STEP	2025-12-01T19:20:21.0515634Z Working directory is '/home/runner/work/cvforge-mvp/cvforge-mvp'
Ingest analytics JSONL to DB	UNKNOWN STEP	2025-12-01T19:20:21.0516613Z [command]/usr/bin/git version
Ingest analytics JSONL to DB	UNKNOWN STEP	2025-12-01T19:20:21.0589308Z git version 2.51.2
Ingest analytics JSONL to DB	UNKNOWN STEP	2025-12-01T19:20:21.0616214Z ##[endgroup]
Ingest analytics JSONL to DB	UNKNOWN STEP	2025-12-01T19:20:21.0631939Z Temporarily overriding HOME='/home/runner/work/_temp/cd4cb843-eabd-43af-9af2-3d9fc39b6a60' before making global git config changes
Ingest analytics JSONL to DB	UNKNOWN STEP	2025-12-01T19:20:21.0634580Z Adding repository directory to the temporary git global config as a safe directory
Ingest analytics JSONL to DB	UNKNOWN STEP	2025-12-01T19:20:21.0645590Z [command]/usr/bin/git config --global --add safe.directory /home/runner/work/cvforge-mvp/cvforge-mvp
Ingest analytics JSONL to DB	UNKNOWN STEP	2025-12-01T19:20:21.0681010Z Deleting the contents of '/home/runner/work/cvforge-mvp/cvforge-mvp'
Ingest analytics JSONL to DB	UNKNOWN STEP	2025-12-01T19:20:21.0685163Z ##[group]Initializing the repository
Ingest analytics JSONL to DB	UNKNOWN STEP	2025-12-01T19:20:21.0690062Z [command]/usr/bin/git init /home/runner/work/cvforge-mvp/cvforge-mvp
Ingest analytics JSONL to DB	UNKNOWN STEP	2025-12-01T19:20:21.0792256Z hint: Using 'master' as the name for the initial branch. This default branch name
Ingest analytics JSONL to DB	UNKNOWN STEP	2025-12-01T19:20:21.0793876Z hint: is subject to change. To configure the initial branch name to use in all
Ingest analytics JSONL to DB	UNKNOWN STEP	2025-12-01T19:20:21.0795371Z hint: of your new repositories, which will suppress this warning, call:
Ingest analytics JSONL to DB	UNKNOWN STEP	2025-12-01T19:20:21.0796364Z hint:
Ingest analytics JSONL to DB	UNKNOWN STEP	2025-12-01T19:20:21.0796997Z hint: 	git config --global init.defaultBranch <name>
Ingest analytics JSONL to DB	UNKNOWN STEP	2025-12-01T19:20:21.0798023Z hint:
Ingest analytics JSONL to DB	UNKNOWN STEP	2025-12-01T19:20:21.0799028Z hint: Names commonly chosen instead of 'master' are 'main', 'trunk' and
Ingest analytics JSONL to DB	UNKNOWN STEP	2025-12-01T19:20:21.0800633Z hint: 'development'. The just-created branch can be renamed via this command:
Ingest analytics JSONL to DB	UNKNOWN STEP	2025-12-01T19:20:21.0801937Z hint:
Ingest analytics JSONL to DB	UNKNOWN STEP	2025-12-01T19:20:21.0802879Z hint: 	git branch -m <name>
Ingest analytics JSONL to DB	UNKNOWN STEP	2025-12-01T19:20:21.0803659Z hint:
Ingest analytics JSONL to DB	UNKNOWN STEP	2025-12-01T19:20:21.0804657Z hint: Disable this message with "git config set advice.defaultBranchName false"
Ingest analytics JSONL to DB	UNKNOWN STEP	2025-12-01T19:20:21.0806405Z Initialized empty Git repository in /home/runner/work/cvforge-mvp/cvforge-mvp/.git/
Ingest analytics JSONL to DB	UNKNOWN STEP	2025-12-01T19:20:21.0809333Z [command]/usr/bin/git remote add origin https://github.com/Tris247/cvforge-mvp
Ingest analytics JSONL to DB	UNKNOWN STEP	2025-12-01T19:20:21.0842920Z ##[endgroup]
Ingest analytics JSONL to DB	UNKNOWN STEP	2025-12-01T19:20:21.0844143Z ##[group]Disabling automatic garbage collection
Ingest analytics JSONL to DB	UNKNOWN STEP	2025-12-01T19:20:21.0847807Z [command]/usr/bin/git config --local gc.auto 0
Ingest analytics JSONL to DB	UNKNOWN STEP	2025-12-01T19:20:21.0875358Z ##[endgroup]
Ingest analytics JSONL to DB	UNKNOWN STEP	2025-12-01T19:20:21.0876569Z ##[group]Setting up auth
Ingest analytics JSONL to DB	UNKNOWN STEP	2025-12-01T19:20:21.0882844Z [command]/usr/bin/git config --local --name-only --get-regexp core\.sshCommand
Ingest analytics JSONL to DB	UNKNOWN STEP	2025-12-01T19:20:21.0913133Z [command]/usr/bin/git submodule foreach --recursive sh -c "git config --local --name-only --get-regexp 'core\.sshCommand' && git config --local --unset-all 'core.sshCommand' || :"
Ingest analytics JSONL to DB	UNKNOWN STEP	2025-12-01T19:20:21.1226665Z [command]/usr/bin/git config --local --name-only --get-regexp http\.https\:\/\/github\.com\/\.extraheader
Ingest analytics JSONL to DB	UNKNOWN STEP	2025-12-01T19:20:21.1256750Z [command]/usr/bin/git submodule foreach --recursive sh -c "git config --local --name-only --get-regexp 'http\.https\:\/\/github\.com\/\.extraheader' && git config --local --unset-all 'http.https://github.com/.extraheader' || :"
Ingest analytics JSONL to DB	UNKNOWN STEP	2025-12-01T19:20:21.1472368Z [command]/usr/bin/git config --local --name-only --get-regexp ^includeIf\.gitdir:
Ingest analytics JSONL to DB	UNKNOWN STEP	2025-12-01T19:20:21.1502097Z [command]/usr/bin/git submodule foreach --recursive git config --local --show-origin --name-only --get-regexp remote.origin.url
Ingest analytics JSONL to DB	UNKNOWN STEP	2025-12-01T19:20:21.1726603Z [command]/usr/bin/git config --local http.https://github.com/.extraheader AUTHORIZATION: basic ***
Ingest analytics JSONL to DB	UNKNOWN STEP	2025-12-01T19:20:21.1759146Z ##[endgroup]
Ingest analytics JSONL to DB	UNKNOWN STEP	2025-12-01T19:20:21.1760410Z ##[group]Fetching the repository
Ingest analytics JSONL to DB	UNKNOWN STEP	2025-12-01T19:20:21.1769189Z [command]/usr/bin/git -c protocol.version=2 fetch --no-tags --prune --no-recurse-submodules --depth=1 origin +8d08fbb59ad1ffeb2d190c84886ad77b11330e07:refs/remotes/origin/feat/postgres-ci-migration
Ingest analytics JSONL to DB	UNKNOWN STEP	2025-12-01T19:20:21.4896672Z From https://github.com/Tris247/cvforge-mvp
Ingest analytics JSONL to DB	UNKNOWN STEP	2025-12-01T19:20:21.4898331Z  * [new ref]         8d08fbb59ad1ffeb2d190c84886ad77b11330e07 -> origin/feat/postgres-ci-migration
Ingest analytics JSONL to DB	UNKNOWN STEP	2025-12-01T19:20:21.4928553Z ##[endgroup]
Ingest analytics JSONL to DB	UNKNOWN STEP	2025-12-01T19:20:21.4929326Z ##[group]Determining the checkout info
Ingest analytics JSONL to DB	UNKNOWN STEP	2025-12-01T19:20:21.4930710Z ##[endgroup]
Ingest analytics JSONL to DB	UNKNOWN STEP	2025-12-01T19:20:21.4935726Z [command]/usr/bin/git sparse-checkout disable
Ingest analytics JSONL to DB	UNKNOWN STEP	2025-12-01T19:20:21.4975326Z [command]/usr/bin/git config --local --unset-all extensions.worktreeConfig
Ingest analytics JSONL to DB	UNKNOWN STEP	2025-12-01T19:20:21.4999973Z ##[group]Checking out the ref
Ingest analytics JSONL to DB	UNKNOWN STEP	2025-12-01T19:20:21.5004809Z [command]/usr/bin/git checkout --progress --force -B feat/postgres-ci-migration refs/remotes/origin/feat/postgres-ci-migration
Ingest analytics JSONL to DB	UNKNOWN STEP	2025-12-01T19:20:21.5144497Z Switched to a new branch 'feat/postgres-ci-migration'
Ingest analytics JSONL to DB	UNKNOWN STEP	2025-12-01T19:20:21.5148646Z branch 'feat/postgres-ci-migration' set up to track 'origin/feat/postgres-ci-migration'.
Ingest analytics JSONL to DB	UNKNOWN STEP	2025-12-01T19:20:21.5155704Z ##[endgroup]
Ingest analytics JSONL to DB	UNKNOWN STEP	2025-12-01T19:20:21.5187703Z [command]/usr/bin/git log -1 --format=%H
Ingest analytics JSONL to DB	UNKNOWN STEP	2025-12-01T19:20:21.5208367Z 8d08fbb59ad1ffeb2d190c84886ad77b11330e07
Ingest analytics JSONL to DB	UNKNOWN STEP	2025-12-01T19:20:21.5443056Z ##[group]Run actions/setup-node@v4
Ingest analytics JSONL to DB	UNKNOWN STEP	2025-12-01T19:20:21.5443674Z with:
Ingest analytics JSONL to DB	UNKNOWN STEP	2025-12-01T19:20:21.5444031Z   node-version: 18
Ingest analytics JSONL to DB	UNKNOWN STEP	2025-12-01T19:20:21.5444437Z   always-auth: false
Ingest analytics JSONL to DB	UNKNOWN STEP	2025-12-01T19:20:21.5444855Z   check-latest: false
Ingest analytics JSONL to DB	UNKNOWN STEP	2025-12-01T19:20:21.5445443Z   token: ***
Ingest analytics JSONL to DB	UNKNOWN STEP	2025-12-01T19:20:21.5446012Z env:
Ingest analytics JSONL to DB	UNKNOWN STEP	2025-12-01T19:20:21.5446404Z   NODE_OPTIONS: --max-old-space-size=512
Ingest analytics JSONL to DB	UNKNOWN STEP	2025-12-01T19:20:21.5446986Z   ANALYTICS_FILE: data/analytics.jsonl
Ingest analytics JSONL to DB	UNKNOWN STEP	2025-12-01T19:20:21.5447502Z   DATABASE_URL: 
Ingest analytics JSONL to DB	UNKNOWN STEP	2025-12-01T19:20:21.5447891Z ##[endgroup]
Ingest analytics JSONL to DB	UNKNOWN STEP	2025-12-01T19:20:21.7998485Z Attempting to download 18...
Ingest analytics JSONL to DB	UNKNOWN STEP	2025-12-01T19:20:22.3557534Z Acquiring 18.20.8 - x64 from https://github.com/actions/node-versions/releases/download/18.20.8-14110393767/node-18.20.8-linux-x64.tar.gz
Ingest analytics JSONL to DB	UNKNOWN STEP	2025-12-01T19:20:22.8851252Z Extracting ...
Ingest analytics JSONL to DB	UNKNOWN STEP	2025-12-01T19:20:22.8980903Z [command]/usr/bin/tar xz --strip 1 --warning=no-unknown-keyword --overwrite -C /home/runner/work/_temp/ef1138e3-c7f2-4528-880e-39e227433d15 -f /home/runner/work/_temp/af90346c-2c8f-495e-8ab9-fc7c5b68960c
Ingest analytics JSONL to DB	UNKNOWN STEP	2025-12-01T19:20:23.8564254Z Adding to the cache ...
Ingest analytics JSONL to DB	UNKNOWN STEP	2025-12-01T19:20:25.5946641Z ##[group]Environment details
Ingest analytics JSONL to DB	UNKNOWN STEP	2025-12-01T19:20:25.8463331Z node: v18.20.8
Ingest analytics JSONL to DB	UNKNOWN STEP	2025-12-01T19:20:25.8463846Z npm: 10.8.2
Ingest analytics JSONL to DB	UNKNOWN STEP	2025-12-01T19:20:25.8464173Z yarn: 1.22.22
Ingest analytics JSONL to DB	UNKNOWN STEP	2025-12-01T19:20:25.8464842Z ##[endgroup]
Ingest analytics JSONL to DB	UNKNOWN STEP	2025-12-01T19:20:25.8629485Z ##[group]Run npm ci
Ingest analytics JSONL to DB	UNKNOWN STEP	2025-12-01T19:20:25.8629789Z [36;1mnpm ci[0m
Ingest analytics JSONL to DB	UNKNOWN STEP	2025-12-01T19:20:25.8669145Z shell: /usr/bin/bash -e {0}
Ingest analytics JSONL to DB	UNKNOWN STEP	2025-12-01T19:20:25.8669400Z env:
Ingest analytics JSONL to DB	UNKNOWN STEP	2025-12-01T19:20:25.8669598Z   NODE_OPTIONS: --max-old-space-size=512
Ingest analytics JSONL to DB	UNKNOWN STEP	2025-12-01T19:20:25.8669873Z   ANALYTICS_FILE: data/analytics.jsonl
Ingest analytics JSONL to DB	UNKNOWN STEP	2025-12-01T19:20:25.8670111Z   DATABASE_URL: 
Ingest analytics JSONL to DB	UNKNOWN STEP	2025-12-01T19:20:25.8670319Z ##[endgroup]
Ingest analytics JSONL to DB	UNKNOWN STEP	2025-12-01T19:20:27.7001581Z npm warn deprecated rimraf@3.0.2: Rimraf versions prior to v4 are no longer supported
Ingest analytics JSONL to DB	UNKNOWN STEP	2025-12-01T19:20:27.9396055Z npm warn deprecated npmlog@6.0.2: This package is no longer supported.
Ingest analytics JSONL to DB	UNKNOWN STEP	2025-12-01T19:20:28.2358697Z npm warn deprecated inflight@1.0.6: This module is not supported, and leaks memory. Do not use it. Check out lru-cache if you want a good and tested way to coalesce async requests by a key value, which is much more comprehensive and powerful.
Ingest analytics JSONL to DB	UNKNOWN STEP	2025-12-01T19:20:28.3536563Z npm warn deprecated glob@7.2.3: Glob versions prior to v9 are no longer supported
Ingest analytics JSONL to DB	UNKNOWN STEP	2025-12-01T19:20:28.4250456Z npm warn deprecated node-domexception@1.0.0: Use your platform's native DOMException instead
Ingest analytics JSONL to DB	UNKNOWN STEP	2025-12-01T19:20:28.6312646Z npm warn deprecated gauge@4.0.4: This package is no longer supported.
Ingest analytics JSONL to DB	UNKNOWN STEP	2025-12-01T19:20:28.7202832Z npm warn deprecated are-we-there-yet@3.0.1: This package is no longer supported.
Ingest analytics JSONL to DB	UNKNOWN STEP	2025-12-01T19:20:29.0677772Z npm warn deprecated @npmcli/move-file@1.1.2: This functionality has been moved to @npmcli/fs
Ingest analytics JSONL to DB	UNKNOWN STEP	2025-12-01T19:20:37.7422723Z 
Ingest analytics JSONL to DB	UNKNOWN STEP	2025-12-01T19:20:37.7425056Z added 310 packages, and audited 311 packages in 12s
Ingest analytics JSONL to DB	UNKNOWN STEP	2025-12-01T19:20:37.7425609Z 
Ingest analytics JSONL to DB	UNKNOWN STEP	2025-12-01T19:20:37.7426411Z 52 packages are looking for funding
Ingest analytics JSONL to DB	UNKNOWN STEP	2025-12-01T19:20:37.7427620Z   run `npm fund` for details
Ingest analytics JSONL to DB	UNKNOWN STEP	2025-12-01T19:20:37.7669464Z 
Ingest analytics JSONL to DB	UNKNOWN STEP	2025-12-01T19:20:37.7670039Z 4 moderate severity vulnerabilities
Ingest analytics JSONL to DB	UNKNOWN STEP	2025-12-01T19:20:37.7671845Z 
Ingest analytics JSONL to DB	UNKNOWN STEP	2025-12-01T19:20:37.7677374Z To address all issues (including breaking changes), run:
Ingest analytics JSONL to DB	UNKNOWN STEP	2025-12-01T19:20:37.7909829Z   npm audit fix --force
Ingest analytics JSONL to DB	UNKNOWN STEP	2025-12-01T19:20:37.7910035Z 
Ingest analytics JSONL to DB	UNKNOWN STEP	2025-12-01T19:20:37.7910208Z Run `npm audit` for details.
Ingest analytics JSONL to DB	UNKNOWN STEP	2025-12-01T19:20:37.7937804Z ##[group]Run node ./scripts/ingest-analytics-worker.js
Ingest analytics JSONL to DB	UNKNOWN STEP	2025-12-01T19:20:37.7938222Z [36;1mnode ./scripts/ingest-analytics-worker.js[0m
Ingest analytics JSONL to DB	UNKNOWN STEP	2025-12-01T19:20:37.7973021Z shell: /usr/bin/bash -e {0}
Ingest analytics JSONL to DB	UNKNOWN STEP	2025-12-01T19:20:37.7973272Z env:
Ingest analytics JSONL to DB	UNKNOWN STEP	2025-12-01T19:20:37.7973468Z   NODE_OPTIONS: --max-old-space-size=512
Ingest analytics JSONL to DB	UNKNOWN STEP	2025-12-01T19:20:37.7973750Z   ANALYTICS_FILE: data/analytics.jsonl
Ingest analytics JSONL to DB	UNKNOWN STEP	2025-12-01T19:20:37.7973984Z   DATABASE_URL: 
Ingest analytics JSONL to DB	UNKNOWN STEP	2025-12-01T19:20:37.7974160Z ##[endgroup]
Ingest analytics JSONL to DB	UNKNOWN STEP	2025-12-01T19:20:37.8366566Z DATABASE_URL not set — ingestion worker disabled
Ingest analytics JSONL to DB	UNKNOWN STEP	2025-12-01T19:20:37.8547144Z Post job cleanup.
Ingest analytics JSONL to DB	UNKNOWN STEP	2025-12-01T19:20:38.0472313Z Post job cleanup.
Ingest analytics JSONL to DB	UNKNOWN STEP	2025-12-01T19:20:38.1714596Z [command]/usr/bin/git version
Ingest analytics JSONL to DB	UNKNOWN STEP	2025-12-01T19:20:38.1750453Z git version 2.51.2
Ingest analytics JSONL to DB	UNKNOWN STEP	2025-12-01T19:20:38.1794823Z Temporarily overriding HOME='/home/runner/work/_temp/e7ac653f-a9c4-4124-a2c4-81be17272429' before making global git config changes
Ingest analytics JSONL to DB	UNKNOWN STEP	2025-12-01T19:20:38.1796319Z Adding repository directory to the temporary git global config as a safe directory
Ingest analytics JSONL to DB	UNKNOWN STEP	2025-12-01T19:20:38.1801275Z [command]/usr/bin/git config --global --add safe.directory /home/runner/work/cvforge-mvp/cvforge-mvp
Ingest analytics JSONL to DB	UNKNOWN STEP	2025-12-01T19:20:38.1837324Z [command]/usr/bin/git config --local --name-only --get-regexp core\.sshCommand
Ingest analytics JSONL to DB	UNKNOWN STEP	2025-12-01T19:20:38.1870159Z [command]/usr/bin/git submodule foreach --recursive sh -c "git config --local --name-only --get-regexp 'core\.sshCommand' && git config --local --unset-all 'core.sshCommand' || :"
Ingest analytics JSONL to DB	UNKNOWN STEP	2025-12-01T19:20:38.2094349Z [command]/usr/bin/git config --local --name-only --get-regexp http\.https\:\/\/github\.com\/\.extraheader
Ingest analytics JSONL to DB	UNKNOWN STEP	2025-12-01T19:20:38.2113898Z http.https://github.com/.extraheader
Ingest analytics JSONL to DB	UNKNOWN STEP	2025-12-01T19:20:38.2126484Z [command]/usr/bin/git config --local --unset-all http.https://github.com/.extraheader
Ingest analytics JSONL to DB	UNKNOWN STEP	2025-12-01T19:20:38.2157509Z [command]/usr/bin/git submodule foreach --recursive sh -c "git config --local --name-only --get-regexp 'http\.https\:\/\/github\.com\/\.extraheader' && git config --local --unset-all 'http.https://github.com/.extraheader' || :"
Ingest analytics JSONL to DB	UNKNOWN STEP	2025-12-01T19:20:38.2377063Z [command]/usr/bin/git config --local --name-only --get-regexp ^includeIf\.gitdir:
Ingest analytics JSONL to DB	UNKNOWN STEP	2025-12-01T19:20:38.2408905Z [command]/usr/bin/git submodule foreach --recursive git config --local --show-origin --name-only --get-regexp remote.origin.url
Ingest analytics JSONL to DB	UNKNOWN STEP	2025-12-01T19:20:38.2734566Z Cleaning up orphan processes
