Ingest analytics JSONL to DB	UNKNOWN STEP	﻿2025-12-02T15:22:42.9858909Z Current runner version: '2.329.0'
Ingest analytics JSONL to DB	UNKNOWN STEP	2025-12-02T15:22:42.9880414Z ##[group]Runner Image Provisioner
Ingest analytics JSONL to DB	UNKNOWN STEP	2025-12-02T15:22:42.9881216Z Hosted Compute Agent
Ingest analytics JSONL to DB	UNKNOWN STEP	2025-12-02T15:22:42.9881796Z Version: 20251016.436
Ingest analytics JSONL to DB	UNKNOWN STEP	2025-12-02T15:22:42.9882421Z Commit: 8ab8ac8bfd662a3739dab9fe09456aba92132568
Ingest analytics JSONL to DB	UNKNOWN STEP	2025-12-02T15:22:42.9883066Z Build Date: 2025-10-15T20:44:12Z
Ingest analytics JSONL to DB	UNKNOWN STEP	2025-12-02T15:22:42.9883694Z ##[endgroup]
Ingest analytics JSONL to DB	UNKNOWN STEP	2025-12-02T15:22:42.9884242Z ##[group]Operating System
Ingest analytics JSONL to DB	UNKNOWN STEP	2025-12-02T15:22:42.9884803Z Ubuntu
Ingest analytics JSONL to DB	UNKNOWN STEP	2025-12-02T15:22:42.9885243Z 24.04.3
Ingest analytics JSONL to DB	UNKNOWN STEP	2025-12-02T15:22:42.9885786Z LTS
Ingest analytics JSONL to DB	UNKNOWN STEP	2025-12-02T15:22:42.9886471Z ##[endgroup]
Ingest analytics JSONL to DB	UNKNOWN STEP	2025-12-02T15:22:42.9886947Z ##[group]Runner Image
Ingest analytics JSONL to DB	UNKNOWN STEP	2025-12-02T15:22:42.9887599Z Image: ubuntu-24.04
Ingest analytics JSONL to DB	UNKNOWN STEP	2025-12-02T15:22:42.9888091Z Version: 20251112.124.1
Ingest analytics JSONL to DB	UNKNOWN STEP	2025-12-02T15:22:42.9889093Z Included Software: https://github.com/actions/runner-images/blob/ubuntu24/20251112.124/images/ubuntu/Ubuntu2404-Readme.md
Ingest analytics JSONL to DB	UNKNOWN STEP	2025-12-02T15:22:42.9890667Z Image Release: https://github.com/actions/runner-images/releases/tag/ubuntu24%2F20251112.124
Ingest analytics JSONL to DB	UNKNOWN STEP	2025-12-02T15:22:42.9891689Z ##[endgroup]
Ingest analytics JSONL to DB	UNKNOWN STEP	2025-12-02T15:22:42.9892754Z ##[group]GITHUB_TOKEN Permissions
Ingest analytics JSONL to DB	UNKNOWN STEP	2025-12-02T15:22:42.9894527Z Contents: read
Ingest analytics JSONL to DB	UNKNOWN STEP	2025-12-02T15:22:42.9895187Z Metadata: read
Ingest analytics JSONL to DB	UNKNOWN STEP	2025-12-02T15:22:42.9895666Z Packages: read
Ingest analytics JSONL to DB	UNKNOWN STEP	2025-12-02T15:22:42.9896422Z ##[endgroup]
Ingest analytics JSONL to DB	UNKNOWN STEP	2025-12-02T15:22:42.9898439Z Secret source: Actions
Ingest analytics JSONL to DB	UNKNOWN STEP	2025-12-02T15:22:42.9899209Z Prepare workflow directory
Ingest analytics JSONL to DB	UNKNOWN STEP	2025-12-02T15:22:43.0405690Z Prepare all required actions
Ingest analytics JSONL to DB	UNKNOWN STEP	2025-12-02T15:22:43.0442105Z Getting action download info
Ingest analytics JSONL to DB	UNKNOWN STEP	2025-12-02T15:22:43.4680220Z Download action repository 'actions/checkout@v4' (SHA:34e114876b0b11c390a56381ad16ebd13914f8d5)
Ingest analytics JSONL to DB	UNKNOWN STEP	2025-12-02T15:22:44.0972497Z Download action repository 'actions/setup-node@v4' (SHA:49933ea5288caeca8642d1e84afbd3f7d6820020)
Ingest analytics JSONL to DB	UNKNOWN STEP	2025-12-02T15:22:44.3142162Z Complete job name: Ingest analytics JSONL to DB
Ingest analytics JSONL to DB	UNKNOWN STEP	2025-12-02T15:22:44.3841544Z ##[group]Run actions/checkout@v4
Ingest analytics JSONL to DB	UNKNOWN STEP	2025-12-02T15:22:44.3842391Z with:
Ingest analytics JSONL to DB	UNKNOWN STEP	2025-12-02T15:22:44.3842804Z   repository: Tris247/cvforge-mvp
Ingest analytics JSONL to DB	UNKNOWN STEP	2025-12-02T15:22:44.3843466Z   token: ***
Ingest analytics JSONL to DB	UNKNOWN STEP	2025-12-02T15:22:44.3843882Z   ssh-strict: true
Ingest analytics JSONL to DB	UNKNOWN STEP	2025-12-02T15:22:44.3844284Z   ssh-user: git
Ingest analytics JSONL to DB	UNKNOWN STEP	2025-12-02T15:22:44.3844707Z   persist-credentials: true
Ingest analytics JSONL to DB	UNKNOWN STEP	2025-12-02T15:22:44.3845150Z   clean: true
Ingest analytics JSONL to DB	UNKNOWN STEP	2025-12-02T15:22:44.3845562Z   sparse-checkout-cone-mode: true
Ingest analytics JSONL to DB	UNKNOWN STEP	2025-12-02T15:22:44.3846052Z   fetch-depth: 1
Ingest analytics JSONL to DB	UNKNOWN STEP	2025-12-02T15:22:44.3846625Z   fetch-tags: false
Ingest analytics JSONL to DB	UNKNOWN STEP	2025-12-02T15:22:44.3847030Z   show-progress: true
Ingest analytics JSONL to DB	UNKNOWN STEP	2025-12-02T15:22:44.3847451Z   lfs: false
Ingest analytics JSONL to DB	UNKNOWN STEP	2025-12-02T15:22:44.3847820Z   submodules: false
Ingest analytics JSONL to DB	UNKNOWN STEP	2025-12-02T15:22:44.3848238Z   set-safe-directory: true
Ingest analytics JSONL to DB	UNKNOWN STEP	2025-12-02T15:22:44.3848927Z env:
Ingest analytics JSONL to DB	UNKNOWN STEP	2025-12-02T15:22:44.3849377Z   NODE_OPTIONS: --max-old-space-size=512
Ingest analytics JSONL to DB	UNKNOWN STEP	2025-12-02T15:22:44.3849930Z   ANALYTICS_FILE: data/analytics.jsonl
Ingest analytics JSONL to DB	UNKNOWN STEP	2025-12-02T15:22:44.3850444Z   DATABASE_URL: 
Ingest analytics JSONL to DB	UNKNOWN STEP	2025-12-02T15:22:44.3850834Z ##[endgroup]
Ingest analytics JSONL to DB	UNKNOWN STEP	2025-12-02T15:22:44.5226607Z Syncing repository: Tris247/cvforge-mvp
Ingest analytics JSONL to DB	UNKNOWN STEP	2025-12-02T15:22:44.5229367Z ##[group]Getting Git version info
Ingest analytics JSONL to DB	UNKNOWN STEP	2025-12-02T15:22:44.5230647Z Working directory is '/home/runner/work/cvforge-mvp/cvforge-mvp'
Ingest analytics JSONL to DB	UNKNOWN STEP	2025-12-02T15:22:44.5232478Z [command]/usr/bin/git version
Ingest analytics JSONL to DB	UNKNOWN STEP	2025-12-02T15:22:44.5283903Z git version 2.51.2
Ingest analytics JSONL to DB	UNKNOWN STEP	2025-12-02T15:22:44.5311074Z ##[endgroup]
Ingest analytics JSONL to DB	UNKNOWN STEP	2025-12-02T15:22:44.5326516Z Temporarily overriding HOME='/home/runner/work/_temp/4ce50be6-3b4a-4036-b322-877eb7296d56' before making global git config changes
Ingest analytics JSONL to DB	UNKNOWN STEP	2025-12-02T15:22:44.5328988Z Adding repository directory to the temporary git global config as a safe directory
Ingest analytics JSONL to DB	UNKNOWN STEP	2025-12-02T15:22:44.5340310Z [command]/usr/bin/git config --global --add safe.directory /home/runner/work/cvforge-mvp/cvforge-mvp
Ingest analytics JSONL to DB	UNKNOWN STEP	2025-12-02T15:22:44.5375992Z Deleting the contents of '/home/runner/work/cvforge-mvp/cvforge-mvp'
Ingest analytics JSONL to DB	UNKNOWN STEP	2025-12-02T15:22:44.5380153Z ##[group]Initializing the repository
Ingest analytics JSONL to DB	UNKNOWN STEP	2025-12-02T15:22:44.5384920Z [command]/usr/bin/git init /home/runner/work/cvforge-mvp/cvforge-mvp
Ingest analytics JSONL to DB	UNKNOWN STEP	2025-12-02T15:22:44.5473355Z hint: Using 'master' as the name for the initial branch. This default branch name
Ingest analytics JSONL to DB	UNKNOWN STEP	2025-12-02T15:22:44.5474812Z hint: is subject to change. To configure the initial branch name to use in all
Ingest analytics JSONL to DB	UNKNOWN STEP	2025-12-02T15:22:44.5476877Z hint: of your new repositories, which will suppress this warning, call:
Ingest analytics JSONL to DB	UNKNOWN STEP	2025-12-02T15:22:44.5477606Z hint:
Ingest analytics JSONL to DB	UNKNOWN STEP	2025-12-02T15:22:44.5478401Z hint: 	git config --global init.defaultBranch <name>
Ingest analytics JSONL to DB	UNKNOWN STEP	2025-12-02T15:22:44.5479454Z hint:
Ingest analytics JSONL to DB	UNKNOWN STEP	2025-12-02T15:22:44.5480483Z hint: Names commonly chosen instead of 'master' are 'main', 'trunk' and
Ingest analytics JSONL to DB	UNKNOWN STEP	2025-12-02T15:22:44.5482140Z hint: 'development'. The just-created branch can be renamed via this command:
Ingest analytics JSONL to DB	UNKNOWN STEP	2025-12-02T15:22:44.5483475Z hint:
Ingest analytics JSONL to DB	UNKNOWN STEP	2025-12-02T15:22:44.5484191Z hint: 	git branch -m <name>
Ingest analytics JSONL to DB	UNKNOWN STEP	2025-12-02T15:22:44.5484929Z hint:
Ingest analytics JSONL to DB	UNKNOWN STEP	2025-12-02T15:22:44.5485941Z hint: Disable this message with "git config set advice.defaultBranchName false"
Ingest analytics JSONL to DB	UNKNOWN STEP	2025-12-02T15:22:44.5488035Z Initialized empty Git repository in /home/runner/work/cvforge-mvp/cvforge-mvp/.git/
Ingest analytics JSONL to DB	UNKNOWN STEP	2025-12-02T15:22:44.5490981Z [command]/usr/bin/git remote add origin https://github.com/Tris247/cvforge-mvp
Ingest analytics JSONL to DB	UNKNOWN STEP	2025-12-02T15:22:44.5523431Z ##[endgroup]
Ingest analytics JSONL to DB	UNKNOWN STEP	2025-12-02T15:22:44.5524637Z ##[group]Disabling automatic garbage collection
Ingest analytics JSONL to DB	UNKNOWN STEP	2025-12-02T15:22:44.5528751Z [command]/usr/bin/git config --local gc.auto 0
Ingest analytics JSONL to DB	UNKNOWN STEP	2025-12-02T15:22:44.5556570Z ##[endgroup]
Ingest analytics JSONL to DB	UNKNOWN STEP	2025-12-02T15:22:44.5557832Z ##[group]Setting up auth
Ingest analytics JSONL to DB	UNKNOWN STEP	2025-12-02T15:22:44.5564085Z [command]/usr/bin/git config --local --name-only --get-regexp core\.sshCommand
Ingest analytics JSONL to DB	UNKNOWN STEP	2025-12-02T15:22:44.5594120Z [command]/usr/bin/git submodule foreach --recursive sh -c "git config --local --name-only --get-regexp 'core\.sshCommand' && git config --local --unset-all 'core.sshCommand' || :"
Ingest analytics JSONL to DB	UNKNOWN STEP	2025-12-02T15:22:44.5898300Z [command]/usr/bin/git config --local --name-only --get-regexp http\.https\:\/\/github\.com\/\.extraheader
Ingest analytics JSONL to DB	UNKNOWN STEP	2025-12-02T15:22:44.5926914Z [command]/usr/bin/git submodule foreach --recursive sh -c "git config --local --name-only --get-regexp 'http\.https\:\/\/github\.com\/\.extraheader' && git config --local --unset-all 'http.https://github.com/.extraheader' || :"
Ingest analytics JSONL to DB	UNKNOWN STEP	2025-12-02T15:22:44.6141345Z [command]/usr/bin/git config --local --name-only --get-regexp ^includeIf\.gitdir:
Ingest analytics JSONL to DB	UNKNOWN STEP	2025-12-02T15:22:44.6171649Z [command]/usr/bin/git submodule foreach --recursive git config --local --show-origin --name-only --get-regexp remote.origin.url
Ingest analytics JSONL to DB	UNKNOWN STEP	2025-12-02T15:22:44.6398258Z [command]/usr/bin/git config --local http.https://github.com/.extraheader AUTHORIZATION: basic ***
Ingest analytics JSONL to DB	UNKNOWN STEP	2025-12-02T15:22:44.6431524Z ##[endgroup]
Ingest analytics JSONL to DB	UNKNOWN STEP	2025-12-02T15:22:44.6432444Z ##[group]Fetching the repository
Ingest analytics JSONL to DB	UNKNOWN STEP	2025-12-02T15:22:44.6440663Z [command]/usr/bin/git -c protocol.version=2 fetch --no-tags --prune --no-recurse-submodules --depth=1 origin +166d5b99f6fc694fde9912e554cba5d6d72580bd:refs/remotes/origin/feat/postgres-ci-migration
Ingest analytics JSONL to DB	UNKNOWN STEP	2025-12-02T15:22:45.1209690Z From https://github.com/Tris247/cvforge-mvp
Ingest analytics JSONL to DB	UNKNOWN STEP	2025-12-02T15:22:45.1241920Z  * [new ref]         166d5b99f6fc694fde9912e554cba5d6d72580bd -> origin/feat/postgres-ci-migration
Ingest analytics JSONL to DB	UNKNOWN STEP	2025-12-02T15:22:45.1245228Z ##[endgroup]
Ingest analytics JSONL to DB	UNKNOWN STEP	2025-12-02T15:22:45.1246888Z ##[group]Determining the checkout info
Ingest analytics JSONL to DB	UNKNOWN STEP	2025-12-02T15:22:45.1248264Z ##[endgroup]
Ingest analytics JSONL to DB	UNKNOWN STEP	2025-12-02T15:22:45.1252468Z [command]/usr/bin/git sparse-checkout disable
Ingest analytics JSONL to DB	UNKNOWN STEP	2025-12-02T15:22:45.1294482Z [command]/usr/bin/git config --local --unset-all extensions.worktreeConfig
Ingest analytics JSONL to DB	UNKNOWN STEP	2025-12-02T15:22:45.1322165Z ##[group]Checking out the ref
Ingest analytics JSONL to DB	UNKNOWN STEP	2025-12-02T15:22:45.1327435Z [command]/usr/bin/git checkout --progress --force -B feat/postgres-ci-migration refs/remotes/origin/feat/postgres-ci-migration
Ingest analytics JSONL to DB	UNKNOWN STEP	2025-12-02T15:22:45.1466558Z Switched to a new branch 'feat/postgres-ci-migration'
Ingest analytics JSONL to DB	UNKNOWN STEP	2025-12-02T15:22:45.1470354Z branch 'feat/postgres-ci-migration' set up to track 'origin/feat/postgres-ci-migration'.
Ingest analytics JSONL to DB	UNKNOWN STEP	2025-12-02T15:22:45.1478563Z ##[endgroup]
Ingest analytics JSONL to DB	UNKNOWN STEP	2025-12-02T15:22:45.1511825Z [command]/usr/bin/git log -1 --format=%H
Ingest analytics JSONL to DB	UNKNOWN STEP	2025-12-02T15:22:45.1533574Z 166d5b99f6fc694fde9912e554cba5d6d72580bd
Ingest analytics JSONL to DB	UNKNOWN STEP	2025-12-02T15:22:45.1838436Z ##[group]Run actions/setup-node@v4
Ingest analytics JSONL to DB	UNKNOWN STEP	2025-12-02T15:22:45.1839604Z with:
Ingest analytics JSONL to DB	UNKNOWN STEP	2025-12-02T15:22:45.1840401Z   node-version: 18
Ingest analytics JSONL to DB	UNKNOWN STEP	2025-12-02T15:22:45.1841321Z   always-auth: false
Ingest analytics JSONL to DB	UNKNOWN STEP	2025-12-02T15:22:45.1842264Z   check-latest: false
Ingest analytics JSONL to DB	UNKNOWN STEP	2025-12-02T15:22:45.1843477Z   token: ***
Ingest analytics JSONL to DB	UNKNOWN STEP	2025-12-02T15:22:45.1844509Z env:
Ingest analytics JSONL to DB	UNKNOWN STEP	2025-12-02T15:22:45.1845383Z   NODE_OPTIONS: --max-old-space-size=512
Ingest analytics JSONL to DB	UNKNOWN STEP	2025-12-02T15:22:45.1846961Z   ANALYTICS_FILE: data/analytics.jsonl
Ingest analytics JSONL to DB	UNKNOWN STEP	2025-12-02T15:22:45.1848155Z   DATABASE_URL: 
Ingest analytics JSONL to DB	UNKNOWN STEP	2025-12-02T15:22:45.1849030Z ##[endgroup]
Ingest analytics JSONL to DB	UNKNOWN STEP	2025-12-02T15:22:45.4571222Z Attempting to download 18...
Ingest analytics JSONL to DB	UNKNOWN STEP	2025-12-02T15:22:46.2511712Z Acquiring 18.20.8 - x64 from https://github.com/actions/node-versions/releases/download/18.20.8-14110393767/node-18.20.8-linux-x64.tar.gz
Ingest analytics JSONL to DB	UNKNOWN STEP	2025-12-02T15:22:46.9863188Z Extracting ...
Ingest analytics JSONL to DB	UNKNOWN STEP	2025-12-02T15:22:47.0001504Z [command]/usr/bin/tar xz --strip 1 --warning=no-unknown-keyword --overwrite -C /home/runner/work/_temp/f1e4d836-34b5-4b21-a11d-5e45ce3dc8b9 -f /home/runner/work/_temp/b63f5685-7a26-4661-b1f5-12f97569fdea
Ingest analytics JSONL to DB	UNKNOWN STEP	2025-12-02T15:22:47.9634169Z Adding to the cache ...
Ingest analytics JSONL to DB	UNKNOWN STEP	2025-12-02T15:22:49.6785432Z ##[group]Environment details
Ingest analytics JSONL to DB	UNKNOWN STEP	2025-12-02T15:22:50.0101808Z node: v18.20.8
Ingest analytics JSONL to DB	UNKNOWN STEP	2025-12-02T15:22:50.0102315Z npm: 10.8.2
Ingest analytics JSONL to DB	UNKNOWN STEP	2025-12-02T15:22:50.0102672Z yarn: 1.22.22
Ingest analytics JSONL to DB	UNKNOWN STEP	2025-12-02T15:22:50.0103493Z ##[endgroup]
Ingest analytics JSONL to DB	UNKNOWN STEP	2025-12-02T15:22:50.0257001Z ##[group]Run npm ci
Ingest analytics JSONL to DB	UNKNOWN STEP	2025-12-02T15:22:50.0257287Z [36;1mnpm ci[0m
Ingest analytics JSONL to DB	UNKNOWN STEP	2025-12-02T15:22:50.0296928Z shell: /usr/bin/bash -e {0}
Ingest analytics JSONL to DB	UNKNOWN STEP	2025-12-02T15:22:50.0297195Z env:
Ingest analytics JSONL to DB	UNKNOWN STEP	2025-12-02T15:22:50.0297407Z   NODE_OPTIONS: --max-old-space-size=512
Ingest analytics JSONL to DB	UNKNOWN STEP	2025-12-02T15:22:50.0297705Z   ANALYTICS_FILE: data/analytics.jsonl
Ingest analytics JSONL to DB	UNKNOWN STEP	2025-12-02T15:22:50.0297978Z   DATABASE_URL: 
Ingest analytics JSONL to DB	UNKNOWN STEP	2025-12-02T15:22:50.0298187Z ##[endgroup]
Ingest analytics JSONL to DB	UNKNOWN STEP	2025-12-02T15:22:51.7748263Z npm warn deprecated rimraf@3.0.2: Rimraf versions prior to v4 are no longer supported
Ingest analytics JSONL to DB	UNKNOWN STEP	2025-12-02T15:22:52.0672838Z npm warn deprecated npmlog@6.0.2: This package is no longer supported.
Ingest analytics JSONL to DB	UNKNOWN STEP	2025-12-02T15:22:52.3225815Z npm warn deprecated inflight@1.0.6: This module is not supported, and leaks memory. Do not use it. Check out lru-cache if you want a good and tested way to coalesce async requests by a key value, which is much more comprehensive and powerful.
Ingest analytics JSONL to DB	UNKNOWN STEP	2025-12-02T15:22:52.4958856Z npm warn deprecated glob@7.2.3: Glob versions prior to v9 are no longer supported
Ingest analytics JSONL to DB	UNKNOWN STEP	2025-12-02T15:22:52.6748695Z npm warn deprecated gauge@4.0.4: This package is no longer supported.
Ingest analytics JSONL to DB	UNKNOWN STEP	2025-12-02T15:22:52.6963770Z npm warn deprecated node-domexception@1.0.0: Use your platform's native DOMException instead
Ingest analytics JSONL to DB	UNKNOWN STEP	2025-12-02T15:22:52.8298263Z npm warn deprecated are-we-there-yet@3.0.1: This package is no longer supported.
Ingest analytics JSONL to DB	UNKNOWN STEP	2025-12-02T15:22:53.0060100Z npm warn deprecated @npmcli/move-file@1.1.2: This functionality has been moved to @npmcli/fs
Ingest analytics JSONL to DB	UNKNOWN STEP	2025-12-02T15:23:01.9187736Z 
Ingest analytics JSONL to DB	UNKNOWN STEP	2025-12-02T15:23:01.9197876Z added 310 packages, and audited 311 packages in 12s
Ingest analytics JSONL to DB	UNKNOWN STEP	2025-12-02T15:23:01.9198365Z 
Ingest analytics JSONL to DB	UNKNOWN STEP	2025-12-02T15:23:01.9198641Z 52 packages are looking for funding
Ingest analytics JSONL to DB	UNKNOWN STEP	2025-12-02T15:23:01.9199169Z   run `npm fund` for details
Ingest analytics JSONL to DB	UNKNOWN STEP	2025-12-02T15:23:01.9410086Z 
Ingest analytics JSONL to DB	UNKNOWN STEP	2025-12-02T15:23:01.9410716Z 4 moderate severity vulnerabilities
Ingest analytics JSONL to DB	UNKNOWN STEP	2025-12-02T15:23:01.9411252Z 
Ingest analytics JSONL to DB	UNKNOWN STEP	2025-12-02T15:23:01.9412067Z To address all issues (including breaking changes), run:
Ingest analytics JSONL to DB	UNKNOWN STEP	2025-12-02T15:23:01.9412469Z   npm audit fix --force
Ingest analytics JSONL to DB	UNKNOWN STEP	2025-12-02T15:23:01.9412639Z 
Ingest analytics JSONL to DB	UNKNOWN STEP	2025-12-02T15:23:01.9412819Z Run `npm audit` for details.
Ingest analytics JSONL to DB	UNKNOWN STEP	2025-12-02T15:23:01.9695958Z ##[group]Run node ./scripts/ingest-analytics-worker.js
Ingest analytics JSONL to DB	UNKNOWN STEP	2025-12-02T15:23:01.9696610Z [36;1mnode ./scripts/ingest-analytics-worker.js[0m
Ingest analytics JSONL to DB	UNKNOWN STEP	2025-12-02T15:23:01.9729461Z shell: /usr/bin/bash -e {0}
Ingest analytics JSONL to DB	UNKNOWN STEP	2025-12-02T15:23:01.9729697Z env:
Ingest analytics JSONL to DB	UNKNOWN STEP	2025-12-02T15:23:01.9729903Z   NODE_OPTIONS: --max-old-space-size=512
Ingest analytics JSONL to DB	UNKNOWN STEP	2025-12-02T15:23:01.9730199Z   ANALYTICS_FILE: data/analytics.jsonl
Ingest analytics JSONL to DB	UNKNOWN STEP	2025-12-02T15:23:01.9730450Z   DATABASE_URL: 
Ingest analytics JSONL to DB	UNKNOWN STEP	2025-12-02T15:23:01.9730640Z ##[endgroup]
Ingest analytics JSONL to DB	UNKNOWN STEP	2025-12-02T15:23:02.0122983Z DATABASE_URL not set — ingestion worker disabled
Ingest analytics JSONL to DB	UNKNOWN STEP	2025-12-02T15:23:02.0307127Z Post job cleanup.
Ingest analytics JSONL to DB	UNKNOWN STEP	2025-12-02T15:23:02.2263281Z Post job cleanup.
Ingest analytics JSONL to DB	UNKNOWN STEP	2025-12-02T15:23:02.3479779Z [command]/usr/bin/git version
Ingest analytics JSONL to DB	UNKNOWN STEP	2025-12-02T15:23:02.3514620Z git version 2.51.2
Ingest analytics JSONL to DB	UNKNOWN STEP	2025-12-02T15:23:02.3559579Z Temporarily overriding HOME='/home/runner/work/_temp/9cdf867d-c31e-4d4e-a2d2-a8f74f28e569' before making global git config changes
Ingest analytics JSONL to DB	UNKNOWN STEP	2025-12-02T15:23:02.3560445Z Adding repository directory to the temporary git global config as a safe directory
Ingest analytics JSONL to DB	UNKNOWN STEP	2025-12-02T15:23:02.3564841Z [command]/usr/bin/git config --global --add safe.directory /home/runner/work/cvforge-mvp/cvforge-mvp
Ingest analytics JSONL to DB	UNKNOWN STEP	2025-12-02T15:23:02.3599842Z [command]/usr/bin/git config --local --name-only --get-regexp core\.sshCommand
Ingest analytics JSONL to DB	UNKNOWN STEP	2025-12-02T15:23:02.3632252Z [command]/usr/bin/git submodule foreach --recursive sh -c "git config --local --name-only --get-regexp 'core\.sshCommand' && git config --local --unset-all 'core.sshCommand' || :"
Ingest analytics JSONL to DB	UNKNOWN STEP	2025-12-02T15:23:02.3857660Z [command]/usr/bin/git config --local --name-only --get-regexp http\.https\:\/\/github\.com\/\.extraheader
Ingest analytics JSONL to DB	UNKNOWN STEP	2025-12-02T15:23:02.3877843Z http.https://github.com/.extraheader
Ingest analytics JSONL to DB	UNKNOWN STEP	2025-12-02T15:23:02.3890887Z [command]/usr/bin/git config --local --unset-all http.https://github.com/.extraheader
Ingest analytics JSONL to DB	UNKNOWN STEP	2025-12-02T15:23:02.3921667Z [command]/usr/bin/git submodule foreach --recursive sh -c "git config --local --name-only --get-regexp 'http\.https\:\/\/github\.com\/\.extraheader' && git config --local --unset-all 'http.https://github.com/.extraheader' || :"
Ingest analytics JSONL to DB	UNKNOWN STEP	2025-12-02T15:23:02.4137996Z [command]/usr/bin/git config --local --name-only --get-regexp ^includeIf\.gitdir:
Ingest analytics JSONL to DB	UNKNOWN STEP	2025-12-02T15:23:02.4167693Z [command]/usr/bin/git submodule foreach --recursive git config --local --show-origin --name-only --get-regexp remote.origin.url
Ingest analytics JSONL to DB	UNKNOWN STEP	2025-12-02T15:23:02.4491634Z Cleaning up orphan processes
