Ingest analytics JSONL to DB	UNKNOWN STEP	﻿2025-12-02T08:28:37.6573197Z Current runner version: '2.329.0'
Ingest analytics JSONL to DB	UNKNOWN STEP	2025-12-02T08:28:37.6598532Z ##[group]Runner Image Provisioner
Ingest analytics JSONL to DB	UNKNOWN STEP	2025-12-02T08:28:37.6599441Z Hosted Compute Agent
Ingest analytics JSONL to DB	UNKNOWN STEP	2025-12-02T08:28:37.6600030Z Version: 20251016.436
Ingest analytics JSONL to DB	UNKNOWN STEP	2025-12-02T08:28:37.6600610Z Commit: 8ab8ac8bfd662a3739dab9fe09456aba92132568
Ingest analytics JSONL to DB	UNKNOWN STEP	2025-12-02T08:28:37.6601354Z Build Date: 2025-10-15T20:44:12Z
Ingest analytics JSONL to DB	UNKNOWN STEP	2025-12-02T08:28:37.6601928Z ##[endgroup]
Ingest analytics JSONL to DB	UNKNOWN STEP	2025-12-02T08:28:37.6602490Z ##[group]Operating System
Ingest analytics JSONL to DB	UNKNOWN STEP	2025-12-02T08:28:37.6603007Z Ubuntu
Ingest analytics JSONL to DB	UNKNOWN STEP	2025-12-02T08:28:37.6603559Z 24.04.3
Ingest analytics JSONL to DB	UNKNOWN STEP	2025-12-02T08:28:37.6603997Z LTS
Ingest analytics JSONL to DB	UNKNOWN STEP	2025-12-02T08:28:37.6604436Z ##[endgroup]
Ingest analytics JSONL to DB	UNKNOWN STEP	2025-12-02T08:28:37.6604992Z ##[group]Runner Image
Ingest analytics JSONL to DB	UNKNOWN STEP	2025-12-02T08:28:37.6605542Z Image: ubuntu-24.04
Ingest analytics JSONL to DB	UNKNOWN STEP	2025-12-02T08:28:37.6606203Z Version: 20251112.124.1
Ingest analytics JSONL to DB	UNKNOWN STEP	2025-12-02T08:28:37.6607299Z Included Software: https://github.com/actions/runner-images/blob/ubuntu24/20251112.124/images/ubuntu/Ubuntu2404-Readme.md
Ingest analytics JSONL to DB	UNKNOWN STEP	2025-12-02T08:28:37.6608903Z Image Release: https://github.com/actions/runner-images/releases/tag/ubuntu24%2F20251112.124
Ingest analytics JSONL to DB	UNKNOWN STEP	2025-12-02T08:28:37.6609944Z ##[endgroup]
Ingest analytics JSONL to DB	UNKNOWN STEP	2025-12-02T08:28:37.6611062Z ##[group]GITHUB_TOKEN Permissions
Ingest analytics JSONL to DB	UNKNOWN STEP	2025-12-02T08:28:37.6613387Z Contents: read
Ingest analytics JSONL to DB	UNKNOWN STEP	2025-12-02T08:28:37.6613933Z Metadata: read
Ingest analytics JSONL to DB	UNKNOWN STEP	2025-12-02T08:28:37.6614458Z Packages: read
Ingest analytics JSONL to DB	UNKNOWN STEP	2025-12-02T08:28:37.6614978Z ##[endgroup]
Ingest analytics JSONL to DB	UNKNOWN STEP	2025-12-02T08:28:37.6617397Z Secret source: Actions
Ingest analytics JSONL to DB	UNKNOWN STEP	2025-12-02T08:28:37.6618118Z Prepare workflow directory
Ingest analytics JSONL to DB	UNKNOWN STEP	2025-12-02T08:28:37.7157296Z Prepare all required actions
Ingest analytics JSONL to DB	UNKNOWN STEP	2025-12-02T08:28:37.7195235Z Getting action download info
Ingest analytics JSONL to DB	UNKNOWN STEP	2025-12-02T08:28:38.0729776Z Download action repository 'actions/checkout@v4' (SHA:34e114876b0b11c390a56381ad16ebd13914f8d5)
Ingest analytics JSONL to DB	UNKNOWN STEP	2025-12-02T08:28:38.7350114Z Download action repository 'actions/setup-node@v4' (SHA:49933ea5288caeca8642d1e84afbd3f7d6820020)
Ingest analytics JSONL to DB	UNKNOWN STEP	2025-12-02T08:28:38.8870263Z Complete job name: Ingest analytics JSONL to DB
Ingest analytics JSONL to DB	UNKNOWN STEP	2025-12-02T08:28:38.9562740Z ##[group]Run actions/checkout@v4
Ingest analytics JSONL to DB	UNKNOWN STEP	2025-12-02T08:28:38.9563595Z with:
Ingest analytics JSONL to DB	UNKNOWN STEP	2025-12-02T08:28:38.9564010Z   repository: Tris247/cvforge-mvp
Ingest analytics JSONL to DB	UNKNOWN STEP	2025-12-02T08:28:38.9564691Z   token: ***
Ingest analytics JSONL to DB	UNKNOWN STEP	2025-12-02T08:28:38.9565123Z   ssh-strict: true
Ingest analytics JSONL to DB	UNKNOWN STEP	2025-12-02T08:28:38.9565522Z   ssh-user: git
Ingest analytics JSONL to DB	UNKNOWN STEP	2025-12-02T08:28:38.9566127Z   persist-credentials: true
Ingest analytics JSONL to DB	UNKNOWN STEP	2025-12-02T08:28:38.9566593Z   clean: true
Ingest analytics JSONL to DB	UNKNOWN STEP	2025-12-02T08:28:38.9567021Z   sparse-checkout-cone-mode: true
Ingest analytics JSONL to DB	UNKNOWN STEP	2025-12-02T08:28:38.9567514Z   fetch-depth: 1
Ingest analytics JSONL to DB	UNKNOWN STEP	2025-12-02T08:28:38.9567917Z   fetch-tags: false
Ingest analytics JSONL to DB	UNKNOWN STEP	2025-12-02T08:28:38.9568348Z   show-progress: true
Ingest analytics JSONL to DB	UNKNOWN STEP	2025-12-02T08:28:38.9568766Z   lfs: false
Ingest analytics JSONL to DB	UNKNOWN STEP	2025-12-02T08:28:38.9569150Z   submodules: false
Ingest analytics JSONL to DB	UNKNOWN STEP	2025-12-02T08:28:38.9569570Z   set-safe-directory: true
Ingest analytics JSONL to DB	UNKNOWN STEP	2025-12-02T08:28:38.9570228Z env:
Ingest analytics JSONL to DB	UNKNOWN STEP	2025-12-02T08:28:38.9570673Z   NODE_OPTIONS: --max-old-space-size=512
Ingest analytics JSONL to DB	UNKNOWN STEP	2025-12-02T08:28:38.9571264Z   ANALYTICS_FILE: data/analytics.jsonl
Ingest analytics JSONL to DB	UNKNOWN STEP	2025-12-02T08:28:38.9571821Z   DATABASE_URL: 
Ingest analytics JSONL to DB	UNKNOWN STEP	2025-12-02T08:28:38.9572222Z ##[endgroup]
Ingest analytics JSONL to DB	UNKNOWN STEP	2025-12-02T08:28:39.0985191Z Syncing repository: Tris247/cvforge-mvp
Ingest analytics JSONL to DB	UNKNOWN STEP	2025-12-02T08:28:39.0988150Z ##[group]Getting Git version info
Ingest analytics JSONL to DB	UNKNOWN STEP	2025-12-02T08:28:39.0989357Z Working directory is '/home/runner/work/cvforge-mvp/cvforge-mvp'
Ingest analytics JSONL to DB	UNKNOWN STEP	2025-12-02T08:28:39.0991076Z [command]/usr/bin/git version
Ingest analytics JSONL to DB	UNKNOWN STEP	2025-12-02T08:28:39.1051615Z git version 2.51.2
Ingest analytics JSONL to DB	UNKNOWN STEP	2025-12-02T08:28:39.1078772Z ##[endgroup]
Ingest analytics JSONL to DB	UNKNOWN STEP	2025-12-02T08:28:39.1095076Z Temporarily overriding HOME='/home/runner/work/_temp/0bdad460-da45-45f9-b5ee-82ed14e7bfea' before making global git config changes
Ingest analytics JSONL to DB	UNKNOWN STEP	2025-12-02T08:28:39.1097676Z Adding repository directory to the temporary git global config as a safe directory
Ingest analytics JSONL to DB	UNKNOWN STEP	2025-12-02T08:28:39.1109796Z [command]/usr/bin/git config --global --add safe.directory /home/runner/work/cvforge-mvp/cvforge-mvp
Ingest analytics JSONL to DB	UNKNOWN STEP	2025-12-02T08:28:39.1147730Z Deleting the contents of '/home/runner/work/cvforge-mvp/cvforge-mvp'
Ingest analytics JSONL to DB	UNKNOWN STEP	2025-12-02T08:28:39.1151645Z ##[group]Initializing the repository
Ingest analytics JSONL to DB	UNKNOWN STEP	2025-12-02T08:28:39.1156515Z [command]/usr/bin/git init /home/runner/work/cvforge-mvp/cvforge-mvp
Ingest analytics JSONL to DB	UNKNOWN STEP	2025-12-02T08:28:39.1259811Z hint: Using 'master' as the name for the initial branch. This default branch name
Ingest analytics JSONL to DB	UNKNOWN STEP	2025-12-02T08:28:39.1261202Z hint: is subject to change. To configure the initial branch name to use in all
Ingest analytics JSONL to DB	UNKNOWN STEP	2025-12-02T08:28:39.1263061Z hint: of your new repositories, which will suppress this warning, call:
Ingest analytics JSONL to DB	UNKNOWN STEP	2025-12-02T08:28:39.1263788Z hint:
Ingest analytics JSONL to DB	UNKNOWN STEP	2025-12-02T08:28:39.1264500Z hint: 	git config --global init.defaultBranch <name>
Ingest analytics JSONL to DB	UNKNOWN STEP	2025-12-02T08:28:39.1265527Z hint:
Ingest analytics JSONL to DB	UNKNOWN STEP	2025-12-02T08:28:39.1266782Z hint: Names commonly chosen instead of 'master' are 'main', 'trunk' and
Ingest analytics JSONL to DB	UNKNOWN STEP	2025-12-02T08:28:39.1268359Z hint: 'development'. The just-created branch can be renamed via this command:
Ingest analytics JSONL to DB	UNKNOWN STEP	2025-12-02T08:28:39.1269611Z hint:
Ingest analytics JSONL to DB	UNKNOWN STEP	2025-12-02T08:28:39.1270299Z hint: 	git branch -m <name>
Ingest analytics JSONL to DB	UNKNOWN STEP	2025-12-02T08:28:39.1271080Z hint:
Ingest analytics JSONL to DB	UNKNOWN STEP	2025-12-02T08:28:39.1272060Z hint: Disable this message with "git config set advice.defaultBranchName false"
Ingest analytics JSONL to DB	UNKNOWN STEP	2025-12-02T08:28:39.1273766Z Initialized empty Git repository in /home/runner/work/cvforge-mvp/cvforge-mvp/.git/
Ingest analytics JSONL to DB	UNKNOWN STEP	2025-12-02T08:28:39.1278262Z [command]/usr/bin/git remote add origin https://github.com/Tris247/cvforge-mvp
Ingest analytics JSONL to DB	UNKNOWN STEP	2025-12-02T08:28:39.1313509Z ##[endgroup]
Ingest analytics JSONL to DB	UNKNOWN STEP	2025-12-02T08:28:39.1314660Z ##[group]Disabling automatic garbage collection
Ingest analytics JSONL to DB	UNKNOWN STEP	2025-12-02T08:28:39.1318841Z [command]/usr/bin/git config --local gc.auto 0
Ingest analytics JSONL to DB	UNKNOWN STEP	2025-12-02T08:28:39.1348130Z ##[endgroup]
Ingest analytics JSONL to DB	UNKNOWN STEP	2025-12-02T08:28:39.1349304Z ##[group]Setting up auth
Ingest analytics JSONL to DB	UNKNOWN STEP	2025-12-02T08:28:39.1355816Z [command]/usr/bin/git config --local --name-only --get-regexp core\.sshCommand
Ingest analytics JSONL to DB	UNKNOWN STEP	2025-12-02T08:28:39.1387298Z [command]/usr/bin/git submodule foreach --recursive sh -c "git config --local --name-only --get-regexp 'core\.sshCommand' && git config --local --unset-all 'core.sshCommand' || :"
Ingest analytics JSONL to DB	UNKNOWN STEP	2025-12-02T08:28:39.1702320Z [command]/usr/bin/git config --local --name-only --get-regexp http\.https\:\/\/github\.com\/\.extraheader
Ingest analytics JSONL to DB	UNKNOWN STEP	2025-12-02T08:28:39.1735328Z [command]/usr/bin/git submodule foreach --recursive sh -c "git config --local --name-only --get-regexp 'http\.https\:\/\/github\.com\/\.extraheader' && git config --local --unset-all 'http.https://github.com/.extraheader' || :"
Ingest analytics JSONL to DB	UNKNOWN STEP	2025-12-02T08:28:39.1961107Z [command]/usr/bin/git config --local --name-only --get-regexp ^includeIf\.gitdir:
Ingest analytics JSONL to DB	UNKNOWN STEP	2025-12-02T08:28:39.1993545Z [command]/usr/bin/git submodule foreach --recursive git config --local --show-origin --name-only --get-regexp remote.origin.url
Ingest analytics JSONL to DB	UNKNOWN STEP	2025-12-02T08:28:39.2228758Z [command]/usr/bin/git config --local http.https://github.com/.extraheader AUTHORIZATION: basic ***
Ingest analytics JSONL to DB	UNKNOWN STEP	2025-12-02T08:28:39.2264545Z ##[endgroup]
Ingest analytics JSONL to DB	UNKNOWN STEP	2025-12-02T08:28:39.2265796Z ##[group]Fetching the repository
Ingest analytics JSONL to DB	UNKNOWN STEP	2025-12-02T08:28:39.2275050Z [command]/usr/bin/git -c protocol.version=2 fetch --no-tags --prune --no-recurse-submodules --depth=1 origin +166d5b99f6fc694fde9912e554cba5d6d72580bd:refs/remotes/origin/feat/postgres-ci-migration
Ingest analytics JSONL to DB	UNKNOWN STEP	2025-12-02T08:28:39.6745069Z From https://github.com/Tris247/cvforge-mvp
Ingest analytics JSONL to DB	UNKNOWN STEP	2025-12-02T08:28:39.6747575Z  * [new ref]         166d5b99f6fc694fde9912e554cba5d6d72580bd -> origin/feat/postgres-ci-migration
Ingest analytics JSONL to DB	UNKNOWN STEP	2025-12-02T08:28:39.6781041Z ##[endgroup]
Ingest analytics JSONL to DB	UNKNOWN STEP	2025-12-02T08:28:39.6782878Z ##[group]Determining the checkout info
Ingest analytics JSONL to DB	UNKNOWN STEP	2025-12-02T08:28:39.6784875Z ##[endgroup]
Ingest analytics JSONL to DB	UNKNOWN STEP	2025-12-02T08:28:39.6789434Z [command]/usr/bin/git sparse-checkout disable
Ingest analytics JSONL to DB	UNKNOWN STEP	2025-12-02T08:28:39.6832444Z [command]/usr/bin/git config --local --unset-all extensions.worktreeConfig
Ingest analytics JSONL to DB	UNKNOWN STEP	2025-12-02T08:28:39.6862538Z ##[group]Checking out the ref
Ingest analytics JSONL to DB	UNKNOWN STEP	2025-12-02T08:28:39.6867958Z [command]/usr/bin/git checkout --progress --force -B feat/postgres-ci-migration refs/remotes/origin/feat/postgres-ci-migration
Ingest analytics JSONL to DB	UNKNOWN STEP	2025-12-02T08:28:39.7012319Z Switched to a new branch 'feat/postgres-ci-migration'
Ingest analytics JSONL to DB	UNKNOWN STEP	2025-12-02T08:28:39.7017236Z branch 'feat/postgres-ci-migration' set up to track 'origin/feat/postgres-ci-migration'.
Ingest analytics JSONL to DB	UNKNOWN STEP	2025-12-02T08:28:39.7024430Z ##[endgroup]
Ingest analytics JSONL to DB	UNKNOWN STEP	2025-12-02T08:28:39.7068860Z [command]/usr/bin/git log -1 --format=%H
Ingest analytics JSONL to DB	UNKNOWN STEP	2025-12-02T08:28:39.7093652Z 166d5b99f6fc694fde9912e554cba5d6d72580bd
Ingest analytics JSONL to DB	UNKNOWN STEP	2025-12-02T08:28:39.7513249Z ##[group]Run actions/setup-node@v4
Ingest analytics JSONL to DB	UNKNOWN STEP	2025-12-02T08:28:39.7515010Z with:
Ingest analytics JSONL to DB	UNKNOWN STEP	2025-12-02T08:28:39.7516564Z   node-version: 18
Ingest analytics JSONL to DB	UNKNOWN STEP	2025-12-02T08:28:39.7517972Z   always-auth: false
Ingest analytics JSONL to DB	UNKNOWN STEP	2025-12-02T08:28:39.7519378Z   check-latest: false
Ingest analytics JSONL to DB	UNKNOWN STEP	2025-12-02T08:28:39.7521354Z   token: ***
Ingest analytics JSONL to DB	UNKNOWN STEP	2025-12-02T08:28:39.7522881Z env:
Ingest analytics JSONL to DB	UNKNOWN STEP	2025-12-02T08:28:39.7524170Z   NODE_OPTIONS: --max-old-space-size=512
Ingest analytics JSONL to DB	UNKNOWN STEP	2025-12-02T08:28:39.7526342Z   ANALYTICS_FILE: data/analytics.jsonl
Ingest analytics JSONL to DB	UNKNOWN STEP	2025-12-02T08:28:39.7528103Z   DATABASE_URL: 
Ingest analytics JSONL to DB	UNKNOWN STEP	2025-12-02T08:28:39.7529460Z ##[endgroup]
Ingest analytics JSONL to DB	UNKNOWN STEP	2025-12-02T08:28:39.9685296Z Attempting to download 18...
Ingest analytics JSONL to DB	UNKNOWN STEP	2025-12-02T08:28:42.0293674Z Acquiring 18.20.8 - x64 from https://github.com/actions/node-versions/releases/download/18.20.8-14110393767/node-18.20.8-linux-x64.tar.gz
Ingest analytics JSONL to DB	UNKNOWN STEP	2025-12-02T08:28:42.6669531Z Extracting ...
Ingest analytics JSONL to DB	UNKNOWN STEP	2025-12-02T08:28:42.6775779Z [command]/usr/bin/tar xz --strip 1 --warning=no-unknown-keyword --overwrite -C /home/runner/work/_temp/a0edaa44-0bf4-4a2e-96ac-2708573e17db -f /home/runner/work/_temp/60a150cc-45b9-4c4a-8b9a-110f7fc1763c
Ingest analytics JSONL to DB	UNKNOWN STEP	2025-12-02T08:28:43.6178009Z Adding to the cache ...
Ingest analytics JSONL to DB	UNKNOWN STEP	2025-12-02T08:28:45.3812552Z ##[group]Environment details
Ingest analytics JSONL to DB	UNKNOWN STEP	2025-12-02T08:28:45.6376169Z node: v18.20.8
Ingest analytics JSONL to DB	UNKNOWN STEP	2025-12-02T08:28:45.6376611Z npm: 10.8.2
Ingest analytics JSONL to DB	UNKNOWN STEP	2025-12-02T08:28:45.6376868Z yarn: 1.22.22
Ingest analytics JSONL to DB	UNKNOWN STEP	2025-12-02T08:28:45.6377466Z ##[endgroup]
Ingest analytics JSONL to DB	UNKNOWN STEP	2025-12-02T08:28:45.6540535Z ##[group]Run npm ci
Ingest analytics JSONL to DB	UNKNOWN STEP	2025-12-02T08:28:45.6540854Z [36;1mnpm ci[0m
Ingest analytics JSONL to DB	UNKNOWN STEP	2025-12-02T08:28:45.6578666Z shell: /usr/bin/bash -e {0}
Ingest analytics JSONL to DB	UNKNOWN STEP	2025-12-02T08:28:45.6578920Z env:
Ingest analytics JSONL to DB	UNKNOWN STEP	2025-12-02T08:28:45.6579130Z   NODE_OPTIONS: --max-old-space-size=512
Ingest analytics JSONL to DB	UNKNOWN STEP	2025-12-02T08:28:45.6579435Z   ANALYTICS_FILE: data/analytics.jsonl
Ingest analytics JSONL to DB	UNKNOWN STEP	2025-12-02T08:28:45.6579694Z   DATABASE_URL: 
Ingest analytics JSONL to DB	UNKNOWN STEP	2025-12-02T08:28:45.6579869Z ##[endgroup]
Ingest analytics JSONL to DB	UNKNOWN STEP	2025-12-02T08:28:47.5709442Z npm warn deprecated rimraf@3.0.2: Rimraf versions prior to v4 are no longer supported
Ingest analytics JSONL to DB	UNKNOWN STEP	2025-12-02T08:28:47.7588565Z npm warn deprecated npmlog@6.0.2: This package is no longer supported.
Ingest analytics JSONL to DB	UNKNOWN STEP	2025-12-02T08:28:48.0135394Z npm warn deprecated inflight@1.0.6: This module is not supported, and leaks memory. Do not use it. Check out lru-cache if you want a good and tested way to coalesce async requests by a key value, which is much more comprehensive and powerful.
Ingest analytics JSONL to DB	UNKNOWN STEP	2025-12-02T08:28:48.2245268Z npm warn deprecated glob@7.2.3: Glob versions prior to v9 are no longer supported
Ingest analytics JSONL to DB	UNKNOWN STEP	2025-12-02T08:28:48.4966593Z npm warn deprecated gauge@4.0.4: This package is no longer supported.
Ingest analytics JSONL to DB	UNKNOWN STEP	2025-12-02T08:28:48.5013081Z npm warn deprecated are-we-there-yet@3.0.1: This package is no longer supported.
Ingest analytics JSONL to DB	UNKNOWN STEP	2025-12-02T08:28:48.5195394Z npm warn deprecated node-domexception@1.0.0: Use your platform's native DOMException instead
Ingest analytics JSONL to DB	UNKNOWN STEP	2025-12-02T08:28:48.6131553Z npm warn deprecated @npmcli/move-file@1.1.2: This functionality has been moved to @npmcli/fs
Ingest analytics JSONL to DB	UNKNOWN STEP	2025-12-02T08:28:57.8940915Z 
Ingest analytics JSONL to DB	UNKNOWN STEP	2025-12-02T08:28:57.8942394Z added 310 packages, and audited 311 packages in 12s
Ingest analytics JSONL to DB	UNKNOWN STEP	2025-12-02T08:28:57.8942874Z 
Ingest analytics JSONL to DB	UNKNOWN STEP	2025-12-02T08:28:57.8943152Z 52 packages are looking for funding
Ingest analytics JSONL to DB	UNKNOWN STEP	2025-12-02T08:28:57.8943625Z   run `npm fund` for details
Ingest analytics JSONL to DB	UNKNOWN STEP	2025-12-02T08:28:57.9142043Z 
Ingest analytics JSONL to DB	UNKNOWN STEP	2025-12-02T08:28:57.9142784Z 4 moderate severity vulnerabilities
Ingest analytics JSONL to DB	UNKNOWN STEP	2025-12-02T08:28:57.9143167Z 
Ingest analytics JSONL to DB	UNKNOWN STEP	2025-12-02T08:28:57.9143563Z To address all issues (including breaking changes), run:
Ingest analytics JSONL to DB	UNKNOWN STEP	2025-12-02T08:28:57.9144083Z   npm audit fix --force
Ingest analytics JSONL to DB	UNKNOWN STEP	2025-12-02T08:28:57.9144308Z 
Ingest analytics JSONL to DB	UNKNOWN STEP	2025-12-02T08:28:57.9144538Z Run `npm audit` for details.
Ingest analytics JSONL to DB	UNKNOWN STEP	2025-12-02T08:28:57.9461178Z ##[group]Run node ./scripts/ingest-analytics-worker.js
Ingest analytics JSONL to DB	UNKNOWN STEP	2025-12-02T08:28:57.9461847Z [36;1mnode ./scripts/ingest-analytics-worker.js[0m
Ingest analytics JSONL to DB	UNKNOWN STEP	2025-12-02T08:28:57.9505790Z shell: /usr/bin/bash -e {0}
Ingest analytics JSONL to DB	UNKNOWN STEP	2025-12-02T08:28:57.9506334Z env:
Ingest analytics JSONL to DB	UNKNOWN STEP	2025-12-02T08:28:57.9506639Z   NODE_OPTIONS: --max-old-space-size=512
Ingest analytics JSONL to DB	UNKNOWN STEP	2025-12-02T08:28:57.9507074Z   ANALYTICS_FILE: data/analytics.jsonl
Ingest analytics JSONL to DB	UNKNOWN STEP	2025-12-02T08:28:57.9507456Z   DATABASE_URL: 
Ingest analytics JSONL to DB	UNKNOWN STEP	2025-12-02T08:28:57.9507728Z ##[endgroup]
Ingest analytics JSONL to DB	UNKNOWN STEP	2025-12-02T08:28:57.9925033Z DATABASE_URL not set — ingestion worker disabled
Ingest analytics JSONL to DB	UNKNOWN STEP	2025-12-02T08:28:58.0121854Z Post job cleanup.
Ingest analytics JSONL to DB	UNKNOWN STEP	2025-12-02T08:28:58.2178550Z Post job cleanup.
Ingest analytics JSONL to DB	UNKNOWN STEP	2025-12-02T08:28:58.3440322Z [command]/usr/bin/git version
Ingest analytics JSONL to DB	UNKNOWN STEP	2025-12-02T08:28:58.3493054Z git version 2.51.2
Ingest analytics JSONL to DB	UNKNOWN STEP	2025-12-02T08:28:58.3564714Z Temporarily overriding HOME='/home/runner/work/_temp/4348eacc-4561-46b2-8ed4-a3419c46e867' before making global git config changes
Ingest analytics JSONL to DB	UNKNOWN STEP	2025-12-02T08:28:58.3566824Z Adding repository directory to the temporary git global config as a safe directory
Ingest analytics JSONL to DB	UNKNOWN STEP	2025-12-02T08:28:58.3572312Z [command]/usr/bin/git config --global --add safe.directory /home/runner/work/cvforge-mvp/cvforge-mvp
Ingest analytics JSONL to DB	UNKNOWN STEP	2025-12-02T08:28:58.3625801Z [command]/usr/bin/git config --local --name-only --get-regexp core\.sshCommand
Ingest analytics JSONL to DB	UNKNOWN STEP	2025-12-02T08:28:58.3673700Z [command]/usr/bin/git submodule foreach --recursive sh -c "git config --local --name-only --get-regexp 'core\.sshCommand' && git config --local --unset-all 'core.sshCommand' || :"
Ingest analytics JSONL to DB	UNKNOWN STEP	2025-12-02T08:28:58.3992935Z [command]/usr/bin/git config --local --name-only --get-regexp http\.https\:\/\/github\.com\/\.extraheader
Ingest analytics JSONL to DB	UNKNOWN STEP	2025-12-02T08:28:58.4023079Z http.https://github.com/.extraheader
Ingest analytics JSONL to DB	UNKNOWN STEP	2025-12-02T08:28:58.4041933Z [command]/usr/bin/git config --local --unset-all http.https://github.com/.extraheader
Ingest analytics JSONL to DB	UNKNOWN STEP	2025-12-02T08:28:58.4078417Z [command]/usr/bin/git submodule foreach --recursive sh -c "git config --local --name-only --get-regexp 'http\.https\:\/\/github\.com\/\.extraheader' && git config --local --unset-all 'http.https://github.com/.extraheader' || :"
Ingest analytics JSONL to DB	UNKNOWN STEP	2025-12-02T08:28:58.4331844Z [command]/usr/bin/git config --local --name-only --get-regexp ^includeIf\.gitdir:
Ingest analytics JSONL to DB	UNKNOWN STEP	2025-12-02T08:28:58.4372069Z [command]/usr/bin/git submodule foreach --recursive git config --local --show-origin --name-only --get-regexp remote.origin.url
Ingest analytics JSONL to DB	UNKNOWN STEP	2025-12-02T08:28:58.4752843Z Cleaning up orphan processes
