Ingest analytics JSONL to DB	UNKNOWN STEP	﻿2025-12-02T07:21:03.7784087Z Current runner version: '2.329.0'
Ingest analytics JSONL to DB	UNKNOWN STEP	2025-12-02T07:21:03.7821621Z ##[group]Runner Image Provisioner
Ingest analytics JSONL to DB	UNKNOWN STEP	2025-12-02T07:21:03.7822808Z Hosted Compute Agent
Ingest analytics JSONL to DB	UNKNOWN STEP	2025-12-02T07:21:03.7823737Z Version: 20251016.436
Ingest analytics JSONL to DB	UNKNOWN STEP	2025-12-02T07:21:03.7825068Z Commit: 8ab8ac8bfd662a3739dab9fe09456aba92132568
Ingest analytics JSONL to DB	UNKNOWN STEP	2025-12-02T07:21:03.7826247Z Build Date: 2025-10-15T20:44:12Z
Ingest analytics JSONL to DB	UNKNOWN STEP	2025-12-02T07:21:03.7827255Z ##[endgroup]
Ingest analytics JSONL to DB	UNKNOWN STEP	2025-12-02T07:21:03.7828149Z ##[group]Operating System
Ingest analytics JSONL to DB	UNKNOWN STEP	2025-12-02T07:21:03.7829354Z Ubuntu
Ingest analytics JSONL to DB	UNKNOWN STEP	2025-12-02T07:21:03.7830124Z 24.04.3
Ingest analytics JSONL to DB	UNKNOWN STEP	2025-12-02T07:21:03.7831063Z LTS
Ingest analytics JSONL to DB	UNKNOWN STEP	2025-12-02T07:21:03.7831769Z ##[endgroup]
Ingest analytics JSONL to DB	UNKNOWN STEP	2025-12-02T07:21:03.7832646Z ##[group]Runner Image
Ingest analytics JSONL to DB	UNKNOWN STEP	2025-12-02T07:21:03.7833830Z Image: ubuntu-24.04
Ingest analytics JSONL to DB	UNKNOWN STEP	2025-12-02T07:21:03.7834702Z Version: 20251112.124.1
Ingest analytics JSONL to DB	UNKNOWN STEP	2025-12-02T07:21:03.7836809Z Included Software: https://github.com/actions/runner-images/blob/ubuntu24/20251112.124/images/ubuntu/Ubuntu2404-Readme.md
Ingest analytics JSONL to DB	UNKNOWN STEP	2025-12-02T07:21:03.7839862Z Image Release: https://github.com/actions/runner-images/releases/tag/ubuntu24%2F20251112.124
Ingest analytics JSONL to DB	UNKNOWN STEP	2025-12-02T07:21:03.7841630Z ##[endgroup]
Ingest analytics JSONL to DB	UNKNOWN STEP	2025-12-02T07:21:03.7843577Z ##[group]GITHUB_TOKEN Permissions
Ingest analytics JSONL to DB	UNKNOWN STEP	2025-12-02T07:21:03.7846582Z Contents: read
Ingest analytics JSONL to DB	UNKNOWN STEP	2025-12-02T07:21:03.7847572Z Metadata: read
Ingest analytics JSONL to DB	UNKNOWN STEP	2025-12-02T07:21:03.7848377Z Packages: read
Ingest analytics JSONL to DB	UNKNOWN STEP	2025-12-02T07:21:03.7849604Z ##[endgroup]
Ingest analytics JSONL to DB	UNKNOWN STEP	2025-12-02T07:21:03.7852621Z Secret source: Actions
Ingest analytics JSONL to DB	UNKNOWN STEP	2025-12-02T07:21:03.7853853Z Prepare workflow directory
Ingest analytics JSONL to DB	UNKNOWN STEP	2025-12-02T07:21:03.8618834Z Prepare all required actions
Ingest analytics JSONL to DB	UNKNOWN STEP	2025-12-02T07:21:03.8679061Z Getting action download info
Ingest analytics JSONL to DB	UNKNOWN STEP	2025-12-02T07:21:04.1326705Z Download action repository 'actions/checkout@v4' (SHA:34e114876b0b11c390a56381ad16ebd13914f8d5)
Ingest analytics JSONL to DB	UNKNOWN STEP	2025-12-02T07:21:04.8499784Z Download action repository 'actions/setup-node@v4' (SHA:49933ea5288caeca8642d1e84afbd3f7d6820020)
Ingest analytics JSONL to DB	UNKNOWN STEP	2025-12-02T07:21:05.0089462Z Complete job name: Ingest analytics JSONL to DB
Ingest analytics JSONL to DB	UNKNOWN STEP	2025-12-02T07:21:05.0869606Z ##[group]Run actions/checkout@v4
Ingest analytics JSONL to DB	UNKNOWN STEP	2025-12-02T07:21:05.0870607Z with:
Ingest analytics JSONL to DB	UNKNOWN STEP	2025-12-02T07:21:05.0871074Z   repository: Tris247/cvforge-mvp
Ingest analytics JSONL to DB	UNKNOWN STEP	2025-12-02T07:21:05.0871842Z   token: ***
Ingest analytics JSONL to DB	UNKNOWN STEP	2025-12-02T07:21:05.0872308Z   ssh-strict: true
Ingest analytics JSONL to DB	UNKNOWN STEP	2025-12-02T07:21:05.0872747Z   ssh-user: git
Ingest analytics JSONL to DB	UNKNOWN STEP	2025-12-02T07:21:05.0873175Z   persist-credentials: true
Ingest analytics JSONL to DB	UNKNOWN STEP	2025-12-02T07:21:05.0873664Z   clean: true
Ingest analytics JSONL to DB	UNKNOWN STEP	2025-12-02T07:21:05.0874098Z   sparse-checkout-cone-mode: true
Ingest analytics JSONL to DB	UNKNOWN STEP	2025-12-02T07:21:05.0874622Z   fetch-depth: 1
Ingest analytics JSONL to DB	UNKNOWN STEP	2025-12-02T07:21:05.0875035Z   fetch-tags: false
Ingest analytics JSONL to DB	UNKNOWN STEP	2025-12-02T07:21:05.0875489Z   show-progress: true
Ingest analytics JSONL to DB	UNKNOWN STEP	2025-12-02T07:21:05.0875946Z   lfs: false
Ingest analytics JSONL to DB	UNKNOWN STEP	2025-12-02T07:21:05.0876368Z   submodules: false
Ingest analytics JSONL to DB	UNKNOWN STEP	2025-12-02T07:21:05.0876815Z   set-safe-directory: true
Ingest analytics JSONL to DB	UNKNOWN STEP	2025-12-02T07:21:05.0877530Z env:
Ingest analytics JSONL to DB	UNKNOWN STEP	2025-12-02T07:21:05.0878008Z   NODE_OPTIONS: --max-old-space-size=512
Ingest analytics JSONL to DB	UNKNOWN STEP	2025-12-02T07:21:05.0878779Z   ANALYTICS_FILE: data/analytics.jsonl
Ingest analytics JSONL to DB	UNKNOWN STEP	2025-12-02T07:21:05.0879322Z   DATABASE_URL: 
Ingest analytics JSONL to DB	UNKNOWN STEP	2025-12-02T07:21:05.0879750Z ##[endgroup]
Ingest analytics JSONL to DB	UNKNOWN STEP	2025-12-02T07:21:05.2281544Z Syncing repository: Tris247/cvforge-mvp
Ingest analytics JSONL to DB	UNKNOWN STEP	2025-12-02T07:21:05.2283750Z ##[group]Getting Git version info
Ingest analytics JSONL to DB	UNKNOWN STEP	2025-12-02T07:21:05.2284574Z Working directory is '/home/runner/work/cvforge-mvp/cvforge-mvp'
Ingest analytics JSONL to DB	UNKNOWN STEP	2025-12-02T07:21:05.2285661Z [command]/usr/bin/git version
Ingest analytics JSONL to DB	UNKNOWN STEP	2025-12-02T07:21:05.2367636Z git version 2.51.2
Ingest analytics JSONL to DB	UNKNOWN STEP	2025-12-02T07:21:05.2397525Z ##[endgroup]
Ingest analytics JSONL to DB	UNKNOWN STEP	2025-12-02T07:21:05.2420016Z Temporarily overriding HOME='/home/runner/work/_temp/fe0a63ba-d43e-4194-b352-c431c49bd237' before making global git config changes
Ingest analytics JSONL to DB	UNKNOWN STEP	2025-12-02T07:21:05.2422281Z Adding repository directory to the temporary git global config as a safe directory
Ingest analytics JSONL to DB	UNKNOWN STEP	2025-12-02T07:21:05.2425427Z [command]/usr/bin/git config --global --add safe.directory /home/runner/work/cvforge-mvp/cvforge-mvp
Ingest analytics JSONL to DB	UNKNOWN STEP	2025-12-02T07:21:05.2464475Z Deleting the contents of '/home/runner/work/cvforge-mvp/cvforge-mvp'
Ingest analytics JSONL to DB	UNKNOWN STEP	2025-12-02T07:21:05.2468242Z ##[group]Initializing the repository
Ingest analytics JSONL to DB	UNKNOWN STEP	2025-12-02T07:21:05.2472707Z [command]/usr/bin/git init /home/runner/work/cvforge-mvp/cvforge-mvp
Ingest analytics JSONL to DB	UNKNOWN STEP	2025-12-02T07:21:05.2603235Z hint: Using 'master' as the name for the initial branch. This default branch name
Ingest analytics JSONL to DB	UNKNOWN STEP	2025-12-02T07:21:05.2604615Z hint: is subject to change. To configure the initial branch name to use in all
Ingest analytics JSONL to DB	UNKNOWN STEP	2025-12-02T07:21:05.2606146Z hint: of your new repositories, which will suppress this warning, call:
Ingest analytics JSONL to DB	UNKNOWN STEP	2025-12-02T07:21:05.2607020Z hint:
Ingest analytics JSONL to DB	UNKNOWN STEP	2025-12-02T07:21:05.2607638Z hint: 	git config --global init.defaultBranch <name>
Ingest analytics JSONL to DB	UNKNOWN STEP	2025-12-02T07:21:05.2608405Z hint:
Ingest analytics JSONL to DB	UNKNOWN STEP	2025-12-02T07:21:05.2609419Z hint: Names commonly chosen instead of 'master' are 'main', 'trunk' and
Ingest analytics JSONL to DB	UNKNOWN STEP	2025-12-02T07:21:05.2610612Z hint: 'development'. The just-created branch can be renamed via this command:
Ingest analytics JSONL to DB	UNKNOWN STEP	2025-12-02T07:21:05.2611484Z hint:
Ingest analytics JSONL to DB	UNKNOWN STEP	2025-12-02T07:21:05.2611893Z hint: 	git branch -m <name>
Ingest analytics JSONL to DB	UNKNOWN STEP	2025-12-02T07:21:05.2622138Z hint:
Ingest analytics JSONL to DB	UNKNOWN STEP	2025-12-02T07:21:05.2622979Z hint: Disable this message with "git config set advice.defaultBranchName false"
Ingest analytics JSONL to DB	UNKNOWN STEP	2025-12-02T07:21:05.2625019Z Initialized empty Git repository in /home/runner/work/cvforge-mvp/cvforge-mvp/.git/
Ingest analytics JSONL to DB	UNKNOWN STEP	2025-12-02T07:21:05.2637219Z [command]/usr/bin/git remote add origin https://github.com/Tris247/cvforge-mvp
Ingest analytics JSONL to DB	UNKNOWN STEP	2025-12-02T07:21:05.2675616Z ##[endgroup]
Ingest analytics JSONL to DB	UNKNOWN STEP	2025-12-02T07:21:05.2676962Z ##[group]Disabling automatic garbage collection
Ingest analytics JSONL to DB	UNKNOWN STEP	2025-12-02T07:21:05.2681216Z [command]/usr/bin/git config --local gc.auto 0
Ingest analytics JSONL to DB	UNKNOWN STEP	2025-12-02T07:21:05.2711704Z ##[endgroup]
Ingest analytics JSONL to DB	UNKNOWN STEP	2025-12-02T07:21:05.2713070Z ##[group]Setting up auth
Ingest analytics JSONL to DB	UNKNOWN STEP	2025-12-02T07:21:05.2719959Z [command]/usr/bin/git config --local --name-only --get-regexp core\.sshCommand
Ingest analytics JSONL to DB	UNKNOWN STEP	2025-12-02T07:21:05.2752730Z [command]/usr/bin/git submodule foreach --recursive sh -c "git config --local --name-only --get-regexp 'core\.sshCommand' && git config --local --unset-all 'core.sshCommand' || :"
Ingest analytics JSONL to DB	UNKNOWN STEP	2025-12-02T07:21:05.3114511Z [command]/usr/bin/git config --local --name-only --get-regexp http\.https\:\/\/github\.com\/\.extraheader
Ingest analytics JSONL to DB	UNKNOWN STEP	2025-12-02T07:21:05.3149642Z [command]/usr/bin/git submodule foreach --recursive sh -c "git config --local --name-only --get-regexp 'http\.https\:\/\/github\.com\/\.extraheader' && git config --local --unset-all 'http.https://github.com/.extraheader' || :"
Ingest analytics JSONL to DB	UNKNOWN STEP	2025-12-02T07:21:05.3384631Z [command]/usr/bin/git config --local --name-only --get-regexp ^includeIf\.gitdir:
Ingest analytics JSONL to DB	UNKNOWN STEP	2025-12-02T07:21:05.3417976Z [command]/usr/bin/git submodule foreach --recursive git config --local --show-origin --name-only --get-regexp remote.origin.url
Ingest analytics JSONL to DB	UNKNOWN STEP	2025-12-02T07:21:05.3644564Z [command]/usr/bin/git config --local http.https://github.com/.extraheader AUTHORIZATION: basic ***
Ingest analytics JSONL to DB	UNKNOWN STEP	2025-12-02T07:21:05.3681799Z ##[endgroup]
Ingest analytics JSONL to DB	UNKNOWN STEP	2025-12-02T07:21:05.3682688Z ##[group]Fetching the repository
Ingest analytics JSONL to DB	UNKNOWN STEP	2025-12-02T07:21:05.3690939Z [command]/usr/bin/git -c protocol.version=2 fetch --no-tags --prune --no-recurse-submodules --depth=1 origin +166d5b99f6fc694fde9912e554cba5d6d72580bd:refs/remotes/origin/feat/postgres-ci-migration
Ingest analytics JSONL to DB	UNKNOWN STEP	2025-12-02T07:21:05.6374659Z From https://github.com/Tris247/cvforge-mvp
Ingest analytics JSONL to DB	UNKNOWN STEP	2025-12-02T07:21:05.6377215Z  * [new ref]         166d5b99f6fc694fde9912e554cba5d6d72580bd -> origin/feat/postgres-ci-migration
Ingest analytics JSONL to DB	UNKNOWN STEP	2025-12-02T07:21:05.6412325Z ##[endgroup]
Ingest analytics JSONL to DB	UNKNOWN STEP	2025-12-02T07:21:05.6413560Z ##[group]Determining the checkout info
Ingest analytics JSONL to DB	UNKNOWN STEP	2025-12-02T07:21:05.6415438Z ##[endgroup]
Ingest analytics JSONL to DB	UNKNOWN STEP	2025-12-02T07:21:05.6420852Z [command]/usr/bin/git sparse-checkout disable
Ingest analytics JSONL to DB	UNKNOWN STEP	2025-12-02T07:21:05.6467354Z [command]/usr/bin/git config --local --unset-all extensions.worktreeConfig
Ingest analytics JSONL to DB	UNKNOWN STEP	2025-12-02T07:21:05.6496293Z ##[group]Checking out the ref
Ingest analytics JSONL to DB	UNKNOWN STEP	2025-12-02T07:21:05.6501339Z [command]/usr/bin/git checkout --progress --force -B feat/postgres-ci-migration refs/remotes/origin/feat/postgres-ci-migration
Ingest analytics JSONL to DB	UNKNOWN STEP	2025-12-02T07:21:05.6651809Z Switched to a new branch 'feat/postgres-ci-migration'
Ingest analytics JSONL to DB	UNKNOWN STEP	2025-12-02T07:21:05.6655484Z branch 'feat/postgres-ci-migration' set up to track 'origin/feat/postgres-ci-migration'.
Ingest analytics JSONL to DB	UNKNOWN STEP	2025-12-02T07:21:05.6659642Z ##[endgroup]
Ingest analytics JSONL to DB	UNKNOWN STEP	2025-12-02T07:21:05.6701850Z [command]/usr/bin/git log -1 --format=%H
Ingest analytics JSONL to DB	UNKNOWN STEP	2025-12-02T07:21:05.6726379Z 166d5b99f6fc694fde9912e554cba5d6d72580bd
Ingest analytics JSONL to DB	UNKNOWN STEP	2025-12-02T07:21:05.7018837Z ##[group]Run actions/setup-node@v4
Ingest analytics JSONL to DB	UNKNOWN STEP	2025-12-02T07:21:05.7019935Z with:
Ingest analytics JSONL to DB	UNKNOWN STEP	2025-12-02T07:21:05.7020611Z   node-version: 18
Ingest analytics JSONL to DB	UNKNOWN STEP	2025-12-02T07:21:05.7021366Z   always-auth: false
Ingest analytics JSONL to DB	UNKNOWN STEP	2025-12-02T07:21:05.7022148Z   check-latest: false
Ingest analytics JSONL to DB	UNKNOWN STEP	2025-12-02T07:21:05.7023240Z   token: ***
Ingest analytics JSONL to DB	UNKNOWN STEP	2025-12-02T07:21:05.7024141Z env:
Ingest analytics JSONL to DB	UNKNOWN STEP	2025-12-02T07:21:05.7024873Z   NODE_OPTIONS: --max-old-space-size=512
Ingest analytics JSONL to DB	UNKNOWN STEP	2025-12-02T07:21:05.7025969Z   ANALYTICS_FILE: data/analytics.jsonl
Ingest analytics JSONL to DB	UNKNOWN STEP	2025-12-02T07:21:05.7026960Z   DATABASE_URL: 
Ingest analytics JSONL to DB	UNKNOWN STEP	2025-12-02T07:21:05.7027692Z ##[endgroup]
Ingest analytics JSONL to DB	UNKNOWN STEP	2025-12-02T07:21:05.9215308Z Attempting to download 18...
Ingest analytics JSONL to DB	UNKNOWN STEP	2025-12-02T07:21:06.3703947Z Acquiring 18.20.8 - x64 from https://github.com/actions/node-versions/releases/download/18.20.8-14110393767/node-18.20.8-linux-x64.tar.gz
Ingest analytics JSONL to DB	UNKNOWN STEP	2025-12-02T07:21:06.8184479Z Extracting ...
Ingest analytics JSONL to DB	UNKNOWN STEP	2025-12-02T07:21:06.8325600Z [command]/usr/bin/tar xz --strip 1 --warning=no-unknown-keyword --overwrite -C /home/runner/work/_temp/52321259-1d84-4bb3-88a8-171af8aec746 -f /home/runner/work/_temp/43949d5f-8286-4846-858f-af5c2aa385a7
Ingest analytics JSONL to DB	UNKNOWN STEP	2025-12-02T07:21:07.8182019Z Adding to the cache ...
Ingest analytics JSONL to DB	UNKNOWN STEP	2025-12-02T07:21:09.4849554Z ##[group]Environment details
Ingest analytics JSONL to DB	UNKNOWN STEP	2025-12-02T07:21:09.7346666Z node: v18.20.8
Ingest analytics JSONL to DB	UNKNOWN STEP	2025-12-02T07:21:09.7347150Z npm: 10.8.2
Ingest analytics JSONL to DB	UNKNOWN STEP	2025-12-02T07:21:09.7347458Z yarn: 1.22.22
Ingest analytics JSONL to DB	UNKNOWN STEP	2025-12-02T07:21:09.7348114Z ##[endgroup]
Ingest analytics JSONL to DB	UNKNOWN STEP	2025-12-02T07:21:09.7500889Z ##[group]Run npm ci
Ingest analytics JSONL to DB	UNKNOWN STEP	2025-12-02T07:21:09.7501190Z [36;1mnpm ci[0m
Ingest analytics JSONL to DB	UNKNOWN STEP	2025-12-02T07:21:09.7539200Z shell: /usr/bin/bash -e {0}
Ingest analytics JSONL to DB	UNKNOWN STEP	2025-12-02T07:21:09.7539462Z env:
Ingest analytics JSONL to DB	UNKNOWN STEP	2025-12-02T07:21:09.7539671Z   NODE_OPTIONS: --max-old-space-size=512
Ingest analytics JSONL to DB	UNKNOWN STEP	2025-12-02T07:21:09.7539945Z   ANALYTICS_FILE: data/analytics.jsonl
Ingest analytics JSONL to DB	UNKNOWN STEP	2025-12-02T07:21:09.7540196Z   DATABASE_URL: 
Ingest analytics JSONL to DB	UNKNOWN STEP	2025-12-02T07:21:09.7540385Z ##[endgroup]
Ingest analytics JSONL to DB	UNKNOWN STEP	2025-12-02T07:21:11.9455014Z npm warn deprecated rimraf@3.0.2: Rimraf versions prior to v4 are no longer supported
Ingest analytics JSONL to DB	UNKNOWN STEP	2025-12-02T07:21:11.9862019Z npm warn deprecated npmlog@6.0.2: This package is no longer supported.
Ingest analytics JSONL to DB	UNKNOWN STEP	2025-12-02T07:21:12.3177968Z npm warn deprecated inflight@1.0.6: This module is not supported, and leaks memory. Do not use it. Check out lru-cache if you want a good and tested way to coalesce async requests by a key value, which is much more comprehensive and powerful.
Ingest analytics JSONL to DB	UNKNOWN STEP	2025-12-02T07:21:12.6073949Z npm warn deprecated glob@7.2.3: Glob versions prior to v9 are no longer supported
Ingest analytics JSONL to DB	UNKNOWN STEP	2025-12-02T07:21:12.8281419Z npm warn deprecated are-we-there-yet@3.0.1: This package is no longer supported.
Ingest analytics JSONL to DB	UNKNOWN STEP	2025-12-02T07:21:12.8590874Z npm warn deprecated gauge@4.0.4: This package is no longer supported.
Ingest analytics JSONL to DB	UNKNOWN STEP	2025-12-02T07:21:12.9149643Z npm warn deprecated @npmcli/move-file@1.1.2: This functionality has been moved to @npmcli/fs
Ingest analytics JSONL to DB	UNKNOWN STEP	2025-12-02T07:21:13.0131164Z npm warn deprecated node-domexception@1.0.0: Use your platform's native DOMException instead
Ingest analytics JSONL to DB	UNKNOWN STEP	2025-12-02T07:21:21.8398116Z 
Ingest analytics JSONL to DB	UNKNOWN STEP	2025-12-02T07:21:21.8400096Z added 310 packages, and audited 311 packages in 12s
Ingest analytics JSONL to DB	UNKNOWN STEP	2025-12-02T07:21:21.8401684Z 
Ingest analytics JSONL to DB	UNKNOWN STEP	2025-12-02T07:21:21.8402036Z 52 packages are looking for funding
Ingest analytics JSONL to DB	UNKNOWN STEP	2025-12-02T07:21:21.8402593Z   run `npm fund` for details
Ingest analytics JSONL to DB	UNKNOWN STEP	2025-12-02T07:21:21.8622723Z 
Ingest analytics JSONL to DB	UNKNOWN STEP	2025-12-02T07:21:21.8623477Z 4 moderate severity vulnerabilities
Ingest analytics JSONL to DB	UNKNOWN STEP	2025-12-02T07:21:21.8624593Z 
Ingest analytics JSONL to DB	UNKNOWN STEP	2025-12-02T07:21:21.8625064Z To address all issues (including breaking changes), run:
Ingest analytics JSONL to DB	UNKNOWN STEP	2025-12-02T07:21:21.8625605Z   npm audit fix --force
Ingest analytics JSONL to DB	UNKNOWN STEP	2025-12-02T07:21:21.8625841Z 
Ingest analytics JSONL to DB	UNKNOWN STEP	2025-12-02T07:21:21.8626101Z Run `npm audit` for details.
Ingest analytics JSONL to DB	UNKNOWN STEP	2025-12-02T07:21:21.8902363Z ##[group]Run node ./scripts/ingest-analytics-worker.js
Ingest analytics JSONL to DB	UNKNOWN STEP	2025-12-02T07:21:21.8902828Z [36;1mnode ./scripts/ingest-analytics-worker.js[0m
Ingest analytics JSONL to DB	UNKNOWN STEP	2025-12-02T07:21:21.8939262Z shell: /usr/bin/bash -e {0}
Ingest analytics JSONL to DB	UNKNOWN STEP	2025-12-02T07:21:21.8939486Z env:
Ingest analytics JSONL to DB	UNKNOWN STEP	2025-12-02T07:21:21.8939682Z   NODE_OPTIONS: --max-old-space-size=512
Ingest analytics JSONL to DB	UNKNOWN STEP	2025-12-02T07:21:21.8939961Z   ANALYTICS_FILE: data/analytics.jsonl
Ingest analytics JSONL to DB	UNKNOWN STEP	2025-12-02T07:21:21.8940200Z   DATABASE_URL: 
Ingest analytics JSONL to DB	UNKNOWN STEP	2025-12-02T07:21:21.8940373Z ##[endgroup]
Ingest analytics JSONL to DB	UNKNOWN STEP	2025-12-02T07:21:21.9343566Z DATABASE_URL not set — ingestion worker disabled
Ingest analytics JSONL to DB	UNKNOWN STEP	2025-12-02T07:21:21.9533261Z Post job cleanup.
Ingest analytics JSONL to DB	UNKNOWN STEP	2025-12-02T07:21:22.1527392Z Post job cleanup.
Ingest analytics JSONL to DB	UNKNOWN STEP	2025-12-02T07:21:22.2760216Z [command]/usr/bin/git version
Ingest analytics JSONL to DB	UNKNOWN STEP	2025-12-02T07:21:22.2797557Z git version 2.51.2
Ingest analytics JSONL to DB	UNKNOWN STEP	2025-12-02T07:21:22.2841215Z Temporarily overriding HOME='/home/runner/work/_temp/22742f0b-142a-4eae-946f-1959a9bddeca' before making global git config changes
Ingest analytics JSONL to DB	UNKNOWN STEP	2025-12-02T07:21:22.2842291Z Adding repository directory to the temporary git global config as a safe directory
Ingest analytics JSONL to DB	UNKNOWN STEP	2025-12-02T07:21:22.2848060Z [command]/usr/bin/git config --global --add safe.directory /home/runner/work/cvforge-mvp/cvforge-mvp
Ingest analytics JSONL to DB	UNKNOWN STEP	2025-12-02T07:21:22.2885517Z [command]/usr/bin/git config --local --name-only --get-regexp core\.sshCommand
Ingest analytics JSONL to DB	UNKNOWN STEP	2025-12-02T07:21:22.2921377Z [command]/usr/bin/git submodule foreach --recursive sh -c "git config --local --name-only --get-regexp 'core\.sshCommand' && git config --local --unset-all 'core.sshCommand' || :"
Ingest analytics JSONL to DB	UNKNOWN STEP	2025-12-02T07:21:22.3162258Z [command]/usr/bin/git config --local --name-only --get-regexp http\.https\:\/\/github\.com\/\.extraheader
Ingest analytics JSONL to DB	UNKNOWN STEP	2025-12-02T07:21:22.3184539Z http.https://github.com/.extraheader
Ingest analytics JSONL to DB	UNKNOWN STEP	2025-12-02T07:21:22.3197723Z [command]/usr/bin/git config --local --unset-all http.https://github.com/.extraheader
Ingest analytics JSONL to DB	UNKNOWN STEP	2025-12-02T07:21:22.3229780Z [command]/usr/bin/git submodule foreach --recursive sh -c "git config --local --name-only --get-regexp 'http\.https\:\/\/github\.com\/\.extraheader' && git config --local --unset-all 'http.https://github.com/.extraheader' || :"
Ingest analytics JSONL to DB	UNKNOWN STEP	2025-12-02T07:21:22.3456122Z [command]/usr/bin/git config --local --name-only --get-regexp ^includeIf\.gitdir:
Ingest analytics JSONL to DB	UNKNOWN STEP	2025-12-02T07:21:22.3490226Z [command]/usr/bin/git submodule foreach --recursive git config --local --show-origin --name-only --get-regexp remote.origin.url
Ingest analytics JSONL to DB	UNKNOWN STEP	2025-12-02T07:21:22.3833760Z Cleaning up orphan processes
