Ingest analytics JSONL to DB	UNKNOWN STEP	﻿2025-12-02T06:31:29.3536586Z Current runner version: '2.329.0'
Ingest analytics JSONL to DB	UNKNOWN STEP	2025-12-02T06:31:29.3560694Z ##[group]Runner Image Provisioner
Ingest analytics JSONL to DB	UNKNOWN STEP	2025-12-02T06:31:29.3561534Z Hosted Compute Agent
Ingest analytics JSONL to DB	UNKNOWN STEP	2025-12-02T06:31:29.3562055Z Version: 20251016.436
Ingest analytics JSONL to DB	UNKNOWN STEP	2025-12-02T06:31:29.3562652Z Commit: 8ab8ac8bfd662a3739dab9fe09456aba92132568
Ingest analytics JSONL to DB	UNKNOWN STEP	2025-12-02T06:31:29.3563323Z Build Date: 2025-10-15T20:44:12Z
Ingest analytics JSONL to DB	UNKNOWN STEP	2025-12-02T06:31:29.3563988Z ##[endgroup]
Ingest analytics JSONL to DB	UNKNOWN STEP	2025-12-02T06:31:29.3564503Z ##[group]Operating System
Ingest analytics JSONL to DB	UNKNOWN STEP	2025-12-02T06:31:29.3565000Z Ubuntu
Ingest analytics JSONL to DB	UNKNOWN STEP	2025-12-02T06:31:29.3565569Z 24.04.3
Ingest analytics JSONL to DB	UNKNOWN STEP	2025-12-02T06:31:29.3565995Z LTS
Ingest analytics JSONL to DB	UNKNOWN STEP	2025-12-02T06:31:29.3566463Z ##[endgroup]
Ingest analytics JSONL to DB	UNKNOWN STEP	2025-12-02T06:31:29.3566975Z ##[group]Runner Image
Ingest analytics JSONL to DB	UNKNOWN STEP	2025-12-02T06:31:29.3567518Z Image: ubuntu-24.04
Ingest analytics JSONL to DB	UNKNOWN STEP	2025-12-02T06:31:29.3567967Z Version: 20251112.124.1
Ingest analytics JSONL to DB	UNKNOWN STEP	2025-12-02T06:31:29.3569374Z Included Software: https://github.com/actions/runner-images/blob/ubuntu24/20251112.124/images/ubuntu/Ubuntu2404-Readme.md
Ingest analytics JSONL to DB	UNKNOWN STEP	2025-12-02T06:31:29.3570953Z Image Release: https://github.com/actions/runner-images/releases/tag/ubuntu24%2F20251112.124
Ingest analytics JSONL to DB	UNKNOWN STEP	2025-12-02T06:31:29.3571970Z ##[endgroup]
Ingest analytics JSONL to DB	UNKNOWN STEP	2025-12-02T06:31:29.3572991Z ##[group]GITHUB_TOKEN Permissions
Ingest analytics JSONL to DB	UNKNOWN STEP	2025-12-02T06:31:29.3574859Z Contents: read
Ingest analytics JSONL to DB	UNKNOWN STEP	2025-12-02T06:31:29.3575395Z Metadata: read
Ingest analytics JSONL to DB	UNKNOWN STEP	2025-12-02T06:31:29.3575907Z Packages: read
Ingest analytics JSONL to DB	UNKNOWN STEP	2025-12-02T06:31:29.3576457Z ##[endgroup]
Ingest analytics JSONL to DB	UNKNOWN STEP	2025-12-02T06:31:29.3578976Z Secret source: Actions
Ingest analytics JSONL to DB	UNKNOWN STEP	2025-12-02T06:31:29.3579648Z Prepare workflow directory
Ingest analytics JSONL to DB	UNKNOWN STEP	2025-12-02T06:31:29.4075124Z Prepare all required actions
Ingest analytics JSONL to DB	UNKNOWN STEP	2025-12-02T06:31:29.4114453Z Getting action download info
Ingest analytics JSONL to DB	UNKNOWN STEP	2025-12-02T06:31:29.6889842Z Download action repository 'actions/checkout@v4' (SHA:34e114876b0b11c390a56381ad16ebd13914f8d5)
Ingest analytics JSONL to DB	UNKNOWN STEP	2025-12-02T06:31:29.9462745Z Download action repository 'actions/setup-node@v4' (SHA:49933ea5288caeca8642d1e84afbd3f7d6820020)
Ingest analytics JSONL to DB	UNKNOWN STEP	2025-12-02T06:31:30.0984217Z Complete job name: Ingest analytics JSONL to DB
Ingest analytics JSONL to DB	UNKNOWN STEP	2025-12-02T06:31:30.1680833Z ##[group]Run actions/checkout@v4
Ingest analytics JSONL to DB	UNKNOWN STEP	2025-12-02T06:31:30.1681641Z with:
Ingest analytics JSONL to DB	UNKNOWN STEP	2025-12-02T06:31:30.1682046Z   repository: Tris247/cvforge-mvp
Ingest analytics JSONL to DB	UNKNOWN STEP	2025-12-02T06:31:30.1682683Z   token: ***
Ingest analytics JSONL to DB	UNKNOWN STEP	2025-12-02T06:31:30.1683073Z   ssh-strict: true
Ingest analytics JSONL to DB	UNKNOWN STEP	2025-12-02T06:31:30.1683458Z   ssh-user: git
Ingest analytics JSONL to DB	UNKNOWN STEP	2025-12-02T06:31:30.1683866Z   persist-credentials: true
Ingest analytics JSONL to DB	UNKNOWN STEP	2025-12-02T06:31:30.1684315Z   clean: true
Ingest analytics JSONL to DB	UNKNOWN STEP	2025-12-02T06:31:30.1684707Z   sparse-checkout-cone-mode: true
Ingest analytics JSONL to DB	UNKNOWN STEP	2025-12-02T06:31:30.1685169Z   fetch-depth: 1
Ingest analytics JSONL to DB	UNKNOWN STEP	2025-12-02T06:31:30.1685551Z   fetch-tags: false
Ingest analytics JSONL to DB	UNKNOWN STEP	2025-12-02T06:31:30.1685996Z   show-progress: true
Ingest analytics JSONL to DB	UNKNOWN STEP	2025-12-02T06:31:30.1686394Z   lfs: false
Ingest analytics JSONL to DB	UNKNOWN STEP	2025-12-02T06:31:30.1686759Z   submodules: false
Ingest analytics JSONL to DB	UNKNOWN STEP	2025-12-02T06:31:30.1687159Z   set-safe-directory: true
Ingest analytics JSONL to DB	UNKNOWN STEP	2025-12-02T06:31:30.1687786Z env:
Ingest analytics JSONL to DB	UNKNOWN STEP	2025-12-02T06:31:30.1688202Z   NODE_OPTIONS: --max-old-space-size=512
Ingest analytics JSONL to DB	UNKNOWN STEP	2025-12-02T06:31:30.1688955Z   ANALYTICS_FILE: data/analytics.jsonl
Ingest analytics JSONL to DB	UNKNOWN STEP	2025-12-02T06:31:30.1689437Z   DATABASE_URL: 
Ingest analytics JSONL to DB	UNKNOWN STEP	2025-12-02T06:31:30.1689820Z ##[endgroup]
Ingest analytics JSONL to DB	UNKNOWN STEP	2025-12-02T06:31:30.3033956Z Syncing repository: Tris247/cvforge-mvp
Ingest analytics JSONL to DB	UNKNOWN STEP	2025-12-02T06:31:30.3035614Z ##[group]Getting Git version info
Ingest analytics JSONL to DB	UNKNOWN STEP	2025-12-02T06:31:30.3036443Z Working directory is '/home/runner/work/cvforge-mvp/cvforge-mvp'
Ingest analytics JSONL to DB	UNKNOWN STEP	2025-12-02T06:31:30.3037445Z [command]/usr/bin/git version
Ingest analytics JSONL to DB	UNKNOWN STEP	2025-12-02T06:31:30.3122380Z git version 2.51.2
Ingest analytics JSONL to DB	UNKNOWN STEP	2025-12-02T06:31:30.3147949Z ##[endgroup]
Ingest analytics JSONL to DB	UNKNOWN STEP	2025-12-02T06:31:30.3161928Z Temporarily overriding HOME='/home/runner/work/_temp/74342275-be78-4778-8cf0-f60b4aaeea63' before making global git config changes
Ingest analytics JSONL to DB	UNKNOWN STEP	2025-12-02T06:31:30.3163276Z Adding repository directory to the temporary git global config as a safe directory
Ingest analytics JSONL to DB	UNKNOWN STEP	2025-12-02T06:31:30.3167130Z [command]/usr/bin/git config --global --add safe.directory /home/runner/work/cvforge-mvp/cvforge-mvp
Ingest analytics JSONL to DB	UNKNOWN STEP	2025-12-02T06:31:30.3210489Z Deleting the contents of '/home/runner/work/cvforge-mvp/cvforge-mvp'
Ingest analytics JSONL to DB	UNKNOWN STEP	2025-12-02T06:31:30.3213767Z ##[group]Initializing the repository
Ingest analytics JSONL to DB	UNKNOWN STEP	2025-12-02T06:31:30.3217988Z [command]/usr/bin/git init /home/runner/work/cvforge-mvp/cvforge-mvp
Ingest analytics JSONL to DB	UNKNOWN STEP	2025-12-02T06:31:30.3327169Z hint: Using 'master' as the name for the initial branch. This default branch name
Ingest analytics JSONL to DB	UNKNOWN STEP	2025-12-02T06:31:30.3329015Z hint: is subject to change. To configure the initial branch name to use in all
Ingest analytics JSONL to DB	UNKNOWN STEP	2025-12-02T06:31:30.3330851Z hint: of your new repositories, which will suppress this warning, call:
Ingest analytics JSONL to DB	UNKNOWN STEP	2025-12-02T06:31:30.3331959Z hint:
Ingest analytics JSONL to DB	UNKNOWN STEP	2025-12-02T06:31:30.3332705Z hint: 	git config --global init.defaultBranch <name>
Ingest analytics JSONL to DB	UNKNOWN STEP	2025-12-02T06:31:30.3333478Z hint:
Ingest analytics JSONL to DB	UNKNOWN STEP	2025-12-02T06:31:30.3334021Z hint: Names commonly chosen instead of 'master' are 'main', 'trunk' and
Ingest analytics JSONL to DB	UNKNOWN STEP	2025-12-02T06:31:30.3334921Z hint: 'development'. The just-created branch can be renamed via this command:
Ingest analytics JSONL to DB	UNKNOWN STEP	2025-12-02T06:31:30.3335602Z hint:
Ingest analytics JSONL to DB	UNKNOWN STEP	2025-12-02T06:31:30.3335976Z hint: 	git branch -m <name>
Ingest analytics JSONL to DB	UNKNOWN STEP	2025-12-02T06:31:30.3336412Z hint:
Ingest analytics JSONL to DB	UNKNOWN STEP	2025-12-02T06:31:30.3337000Z hint: Disable this message with "git config set advice.defaultBranchName false"
Ingest analytics JSONL to DB	UNKNOWN STEP	2025-12-02T06:31:30.3338516Z Initialized empty Git repository in /home/runner/work/cvforge-mvp/cvforge-mvp/.git/
Ingest analytics JSONL to DB	UNKNOWN STEP	2025-12-02T06:31:30.3343755Z [command]/usr/bin/git remote add origin https://github.com/Tris247/cvforge-mvp
Ingest analytics JSONL to DB	UNKNOWN STEP	2025-12-02T06:31:30.3378510Z ##[endgroup]
Ingest analytics JSONL to DB	UNKNOWN STEP	2025-12-02T06:31:30.3379657Z ##[group]Disabling automatic garbage collection
Ingest analytics JSONL to DB	UNKNOWN STEP	2025-12-02T06:31:30.3382815Z [command]/usr/bin/git config --local gc.auto 0
Ingest analytics JSONL to DB	UNKNOWN STEP	2025-12-02T06:31:30.3416394Z ##[endgroup]
Ingest analytics JSONL to DB	UNKNOWN STEP	2025-12-02T06:31:30.3417659Z ##[group]Setting up auth
Ingest analytics JSONL to DB	UNKNOWN STEP	2025-12-02T06:31:30.3424114Z [command]/usr/bin/git config --local --name-only --get-regexp core\.sshCommand
Ingest analytics JSONL to DB	UNKNOWN STEP	2025-12-02T06:31:30.3456029Z [command]/usr/bin/git submodule foreach --recursive sh -c "git config --local --name-only --get-regexp 'core\.sshCommand' && git config --local --unset-all 'core.sshCommand' || :"
Ingest analytics JSONL to DB	UNKNOWN STEP	2025-12-02T06:31:30.3814608Z [command]/usr/bin/git config --local --name-only --get-regexp http\.https\:\/\/github\.com\/\.extraheader
Ingest analytics JSONL to DB	UNKNOWN STEP	2025-12-02T06:31:30.3848895Z [command]/usr/bin/git submodule foreach --recursive sh -c "git config --local --name-only --get-regexp 'http\.https\:\/\/github\.com\/\.extraheader' && git config --local --unset-all 'http.https://github.com/.extraheader' || :"
Ingest analytics JSONL to DB	UNKNOWN STEP	2025-12-02T06:31:30.4088308Z [command]/usr/bin/git config --local --name-only --get-regexp ^includeIf\.gitdir:
Ingest analytics JSONL to DB	UNKNOWN STEP	2025-12-02T06:31:30.4120023Z [command]/usr/bin/git submodule foreach --recursive git config --local --show-origin --name-only --get-regexp remote.origin.url
Ingest analytics JSONL to DB	UNKNOWN STEP	2025-12-02T06:31:30.4398916Z [command]/usr/bin/git config --local http.https://github.com/.extraheader AUTHORIZATION: basic ***
Ingest analytics JSONL to DB	UNKNOWN STEP	2025-12-02T06:31:30.4435706Z ##[endgroup]
Ingest analytics JSONL to DB	UNKNOWN STEP	2025-12-02T06:31:30.4436755Z ##[group]Fetching the repository
Ingest analytics JSONL to DB	UNKNOWN STEP	2025-12-02T06:31:30.4445692Z [command]/usr/bin/git -c protocol.version=2 fetch --no-tags --prune --no-recurse-submodules --depth=1 origin +166d5b99f6fc694fde9912e554cba5d6d72580bd:refs/remotes/origin/feat/postgres-ci-migration
Ingest analytics JSONL to DB	UNKNOWN STEP	2025-12-02T06:31:30.9571645Z From https://github.com/Tris247/cvforge-mvp
Ingest analytics JSONL to DB	UNKNOWN STEP	2025-12-02T06:31:30.9573563Z  * [new ref]         166d5b99f6fc694fde9912e554cba5d6d72580bd -> origin/feat/postgres-ci-migration
Ingest analytics JSONL to DB	UNKNOWN STEP	2025-12-02T06:31:30.9606917Z ##[endgroup]
Ingest analytics JSONL to DB	UNKNOWN STEP	2025-12-02T06:31:30.9608143Z ##[group]Determining the checkout info
Ingest analytics JSONL to DB	UNKNOWN STEP	2025-12-02T06:31:30.9610519Z ##[endgroup]
Ingest analytics JSONL to DB	UNKNOWN STEP	2025-12-02T06:31:30.9614808Z [command]/usr/bin/git sparse-checkout disable
Ingest analytics JSONL to DB	UNKNOWN STEP	2025-12-02T06:31:30.9656683Z [command]/usr/bin/git config --local --unset-all extensions.worktreeConfig
Ingest analytics JSONL to DB	UNKNOWN STEP	2025-12-02T06:31:30.9683938Z ##[group]Checking out the ref
Ingest analytics JSONL to DB	UNKNOWN STEP	2025-12-02T06:31:30.9688264Z [command]/usr/bin/git checkout --progress --force -B feat/postgres-ci-migration refs/remotes/origin/feat/postgres-ci-migration
Ingest analytics JSONL to DB	UNKNOWN STEP	2025-12-02T06:31:30.9835373Z Switched to a new branch 'feat/postgres-ci-migration'
Ingest analytics JSONL to DB	UNKNOWN STEP	2025-12-02T06:31:30.9839101Z branch 'feat/postgres-ci-migration' set up to track 'origin/feat/postgres-ci-migration'.
Ingest analytics JSONL to DB	UNKNOWN STEP	2025-12-02T06:31:30.9844096Z ##[endgroup]
Ingest analytics JSONL to DB	UNKNOWN STEP	2025-12-02T06:31:30.9881922Z [command]/usr/bin/git log -1 --format=%H
Ingest analytics JSONL to DB	UNKNOWN STEP	2025-12-02T06:31:30.9903869Z 166d5b99f6fc694fde9912e554cba5d6d72580bd
Ingest analytics JSONL to DB	UNKNOWN STEP	2025-12-02T06:31:31.0195279Z ##[group]Run actions/setup-node@v4
Ingest analytics JSONL to DB	UNKNOWN STEP	2025-12-02T06:31:31.0196331Z with:
Ingest analytics JSONL to DB	UNKNOWN STEP	2025-12-02T06:31:31.0197012Z   node-version: 18
Ingest analytics JSONL to DB	UNKNOWN STEP	2025-12-02T06:31:31.0197796Z   always-auth: false
Ingest analytics JSONL to DB	UNKNOWN STEP	2025-12-02T06:31:31.0198770Z   check-latest: false
Ingest analytics JSONL to DB	UNKNOWN STEP	2025-12-02T06:31:31.0199849Z   token: ***
Ingest analytics JSONL to DB	UNKNOWN STEP	2025-12-02T06:31:31.0200757Z env:
Ingest analytics JSONL to DB	UNKNOWN STEP	2025-12-02T06:31:31.0201498Z   NODE_OPTIONS: --max-old-space-size=512
Ingest analytics JSONL to DB	UNKNOWN STEP	2025-12-02T06:31:31.0202636Z   ANALYTICS_FILE: data/analytics.jsonl
Ingest analytics JSONL to DB	UNKNOWN STEP	2025-12-02T06:31:31.0203664Z   DATABASE_URL: 
Ingest analytics JSONL to DB	UNKNOWN STEP	2025-12-02T06:31:31.0204402Z ##[endgroup]
Ingest analytics JSONL to DB	UNKNOWN STEP	2025-12-02T06:31:31.2260822Z Attempting to download 18...
Ingest analytics JSONL to DB	UNKNOWN STEP	2025-12-02T06:31:31.5407010Z Acquiring 18.20.8 - x64 from https://github.com/actions/node-versions/releases/download/18.20.8-14110393767/node-18.20.8-linux-x64.tar.gz
Ingest analytics JSONL to DB	UNKNOWN STEP	2025-12-02T06:31:31.9117898Z Extracting ...
Ingest analytics JSONL to DB	UNKNOWN STEP	2025-12-02T06:31:31.9236112Z [command]/usr/bin/tar xz --strip 1 --warning=no-unknown-keyword --overwrite -C /home/runner/work/_temp/8693d9d4-ae0c-4b5a-bd81-32a5c5711c9a -f /home/runner/work/_temp/49911974-6585-41fa-a4fc-4ab13012f128
Ingest analytics JSONL to DB	UNKNOWN STEP	2025-12-02T06:31:32.8907459Z Adding to the cache ...
Ingest analytics JSONL to DB	UNKNOWN STEP	2025-12-02T06:31:34.6458859Z ##[group]Environment details
Ingest analytics JSONL to DB	UNKNOWN STEP	2025-12-02T06:31:34.9119292Z node: v18.20.8
Ingest analytics JSONL to DB	UNKNOWN STEP	2025-12-02T06:31:34.9119974Z npm: 10.8.2
Ingest analytics JSONL to DB	UNKNOWN STEP	2025-12-02T06:31:34.9120403Z yarn: 1.22.22
Ingest analytics JSONL to DB	UNKNOWN STEP	2025-12-02T06:31:34.9121219Z ##[endgroup]
Ingest analytics JSONL to DB	UNKNOWN STEP	2025-12-02T06:31:34.9285138Z ##[group]Run npm ci
Ingest analytics JSONL to DB	UNKNOWN STEP	2025-12-02T06:31:34.9285477Z [36;1mnpm ci[0m
Ingest analytics JSONL to DB	UNKNOWN STEP	2025-12-02T06:31:34.9324021Z shell: /usr/bin/bash -e {0}
Ingest analytics JSONL to DB	UNKNOWN STEP	2025-12-02T06:31:34.9324310Z env:
Ingest analytics JSONL to DB	UNKNOWN STEP	2025-12-02T06:31:34.9324539Z   NODE_OPTIONS: --max-old-space-size=512
Ingest analytics JSONL to DB	UNKNOWN STEP	2025-12-02T06:31:34.9324869Z   ANALYTICS_FILE: data/analytics.jsonl
Ingest analytics JSONL to DB	UNKNOWN STEP	2025-12-02T06:31:34.9325138Z   DATABASE_URL: 
Ingest analytics JSONL to DB	UNKNOWN STEP	2025-12-02T06:31:34.9325354Z ##[endgroup]
Ingest analytics JSONL to DB	UNKNOWN STEP	2025-12-02T06:31:36.8326044Z npm warn deprecated rimraf@3.0.2: Rimraf versions prior to v4 are no longer supported
Ingest analytics JSONL to DB	UNKNOWN STEP	2025-12-02T06:31:37.0367103Z npm warn deprecated npmlog@6.0.2: This package is no longer supported.
Ingest analytics JSONL to DB	UNKNOWN STEP	2025-12-02T06:31:37.2666833Z npm warn deprecated inflight@1.0.6: This module is not supported, and leaks memory. Do not use it. Check out lru-cache if you want a good and tested way to coalesce async requests by a key value, which is much more comprehensive and powerful.
Ingest analytics JSONL to DB	UNKNOWN STEP	2025-12-02T06:31:37.5615389Z npm warn deprecated glob@7.2.3: Glob versions prior to v9 are no longer supported
Ingest analytics JSONL to DB	UNKNOWN STEP	2025-12-02T06:31:37.7872138Z npm warn deprecated are-we-there-yet@3.0.1: This package is no longer supported.
Ingest analytics JSONL to DB	UNKNOWN STEP	2025-12-02T06:31:37.8238145Z npm warn deprecated gauge@4.0.4: This package is no longer supported.
Ingest analytics JSONL to DB	UNKNOWN STEP	2025-12-02T06:31:37.9047199Z npm warn deprecated @npmcli/move-file@1.1.2: This functionality has been moved to @npmcli/fs
Ingest analytics JSONL to DB	UNKNOWN STEP	2025-12-02T06:31:37.9952223Z npm warn deprecated node-domexception@1.0.0: Use your platform's native DOMException instead
Ingest analytics JSONL to DB	UNKNOWN STEP	2025-12-02T06:31:46.6875096Z 
Ingest analytics JSONL to DB	UNKNOWN STEP	2025-12-02T06:31:46.6875913Z added 310 packages, and audited 311 packages in 12s
Ingest analytics JSONL to DB	UNKNOWN STEP	2025-12-02T06:31:46.6878468Z 
Ingest analytics JSONL to DB	UNKNOWN STEP	2025-12-02T06:31:46.6879550Z 52 packages are looking for funding
Ingest analytics JSONL to DB	UNKNOWN STEP	2025-12-02T06:31:46.6880125Z   run `npm fund` for details
Ingest analytics JSONL to DB	UNKNOWN STEP	2025-12-02T06:31:46.7045212Z 
Ingest analytics JSONL to DB	UNKNOWN STEP	2025-12-02T06:31:46.7045979Z 4 moderate severity vulnerabilities
Ingest analytics JSONL to DB	UNKNOWN STEP	2025-12-02T06:31:46.7046436Z 
Ingest analytics JSONL to DB	UNKNOWN STEP	2025-12-02T06:31:46.7047000Z To address all issues (including breaking changes), run:
Ingest analytics JSONL to DB	UNKNOWN STEP	2025-12-02T06:31:46.7047458Z   npm audit fix --force
Ingest analytics JSONL to DB	UNKNOWN STEP	2025-12-02T06:31:46.7047633Z 
Ingest analytics JSONL to DB	UNKNOWN STEP	2025-12-02T06:31:46.7047834Z Run `npm audit` for details.
Ingest analytics JSONL to DB	UNKNOWN STEP	2025-12-02T06:31:46.7316628Z ##[group]Run node ./scripts/ingest-analytics-worker.js
Ingest analytics JSONL to DB	UNKNOWN STEP	2025-12-02T06:31:46.7317055Z [36;1mnode ./scripts/ingest-analytics-worker.js[0m
Ingest analytics JSONL to DB	UNKNOWN STEP	2025-12-02T06:31:46.7351406Z shell: /usr/bin/bash -e {0}
Ingest analytics JSONL to DB	UNKNOWN STEP	2025-12-02T06:31:46.7351624Z env:
Ingest analytics JSONL to DB	UNKNOWN STEP	2025-12-02T06:31:46.7351811Z   NODE_OPTIONS: --max-old-space-size=512
Ingest analytics JSONL to DB	UNKNOWN STEP	2025-12-02T06:31:46.7352086Z   ANALYTICS_FILE: data/analytics.jsonl
Ingest analytics JSONL to DB	UNKNOWN STEP	2025-12-02T06:31:46.7352307Z   DATABASE_URL: 
Ingest analytics JSONL to DB	UNKNOWN STEP	2025-12-02T06:31:46.7352478Z ##[endgroup]
Ingest analytics JSONL to DB	UNKNOWN STEP	2025-12-02T06:31:46.7757429Z DATABASE_URL not set — ingestion worker disabled
Ingest analytics JSONL to DB	UNKNOWN STEP	2025-12-02T06:31:46.7934132Z Post job cleanup.
Ingest analytics JSONL to DB	UNKNOWN STEP	2025-12-02T06:31:46.9897069Z Post job cleanup.
Ingest analytics JSONL to DB	UNKNOWN STEP	2025-12-02T06:31:47.1117511Z [command]/usr/bin/git version
Ingest analytics JSONL to DB	UNKNOWN STEP	2025-12-02T06:31:47.1153806Z git version 2.51.2
Ingest analytics JSONL to DB	UNKNOWN STEP	2025-12-02T06:31:47.1198383Z Temporarily overriding HOME='/home/runner/work/_temp/112e1802-24fc-4824-a137-475c436ca956' before making global git config changes
Ingest analytics JSONL to DB	UNKNOWN STEP	2025-12-02T06:31:47.1199504Z Adding repository directory to the temporary git global config as a safe directory
Ingest analytics JSONL to DB	UNKNOWN STEP	2025-12-02T06:31:47.1204495Z [command]/usr/bin/git config --global --add safe.directory /home/runner/work/cvforge-mvp/cvforge-mvp
Ingest analytics JSONL to DB	UNKNOWN STEP	2025-12-02T06:31:47.1243138Z [command]/usr/bin/git config --local --name-only --get-regexp core\.sshCommand
Ingest analytics JSONL to DB	UNKNOWN STEP	2025-12-02T06:31:47.1276305Z [command]/usr/bin/git submodule foreach --recursive sh -c "git config --local --name-only --get-regexp 'core\.sshCommand' && git config --local --unset-all 'core.sshCommand' || :"
Ingest analytics JSONL to DB	UNKNOWN STEP	2025-12-02T06:31:47.1509815Z [command]/usr/bin/git config --local --name-only --get-regexp http\.https\:\/\/github\.com\/\.extraheader
Ingest analytics JSONL to DB	UNKNOWN STEP	2025-12-02T06:31:47.1533640Z http.https://github.com/.extraheader
Ingest analytics JSONL to DB	UNKNOWN STEP	2025-12-02T06:31:47.1547992Z [command]/usr/bin/git config --local --unset-all http.https://github.com/.extraheader
Ingest analytics JSONL to DB	UNKNOWN STEP	2025-12-02T06:31:47.1581705Z [command]/usr/bin/git submodule foreach --recursive sh -c "git config --local --name-only --get-regexp 'http\.https\:\/\/github\.com\/\.extraheader' && git config --local --unset-all 'http.https://github.com/.extraheader' || :"
Ingest analytics JSONL to DB	UNKNOWN STEP	2025-12-02T06:31:47.1838431Z [command]/usr/bin/git config --local --name-only --get-regexp ^includeIf\.gitdir:
Ingest analytics JSONL to DB	UNKNOWN STEP	2025-12-02T06:31:47.1874634Z [command]/usr/bin/git submodule foreach --recursive git config --local --show-origin --name-only --get-regexp remote.origin.url
Ingest analytics JSONL to DB	UNKNOWN STEP	2025-12-02T06:31:47.2232036Z Cleaning up orphan processes
