test	Set up job	﻿2025-12-01T18:31:47.0738841Z Current runner version: '2.329.0'
test	Set up job	2025-12-01T18:31:47.0765859Z ##[group]Runner Image Provisioner
test	Set up job	2025-12-01T18:31:47.0766996Z Hosted Compute Agent
test	Set up job	2025-12-01T18:31:47.0767729Z Version: 20251016.436
test	Set up job	2025-12-01T18:31:47.0768668Z Commit: 8ab8ac8bfd662a3739dab9fe09456aba92132568
test	Set up job	2025-12-01T18:31:47.0769348Z Build Date: 2025-10-15T20:44:12Z
test	Set up job	2025-12-01T18:31:47.0770033Z ##[endgroup]
test	Set up job	2025-12-01T18:31:47.0770540Z ##[group]Operating System
test	Set up job	2025-12-01T18:31:47.0771105Z Ubuntu
test	Set up job	2025-12-01T18:31:47.0771628Z 24.04.3
test	Set up job	2025-12-01T18:31:47.0772352Z LTS
test	Set up job	2025-12-01T18:31:47.0772835Z ##[endgroup]
test	Set up job	2025-12-01T18:31:47.0773274Z ##[group]Runner Image
test	Set up job	2025-12-01T18:31:47.0773953Z Image: ubuntu-24.04
test	Set up job	2025-12-01T18:31:47.0774431Z Version: 20251112.124.1
test	Set up job	2025-12-01T18:31:47.0775428Z Included Software: https://github.com/actions/runner-images/blob/ubuntu24/20251112.124/images/ubuntu/Ubuntu2404-Readme.md
test	Set up job	2025-12-01T18:31:47.0776888Z Image Release: https://github.com/actions/runner-images/releases/tag/ubuntu24%2F20251112.124
test	Set up job	2025-12-01T18:31:47.0778120Z ##[endgroup]
test	Set up job	2025-12-01T18:31:47.0779166Z ##[group]GITHUB_TOKEN Permissions
test	Set up job	2025-12-01T18:31:47.0780946Z Contents: read
test	Set up job	2025-12-01T18:31:47.0781630Z Metadata: read
test	Set up job	2025-12-01T18:31:47.0782464Z Packages: read
test	Set up job	2025-12-01T18:31:47.0783041Z ##[endgroup]
test	Set up job	2025-12-01T18:31:47.0785451Z Secret source: Actions
test	Set up job	2025-12-01T18:31:47.0786405Z Prepare workflow directory
test	Set up job	2025-12-01T18:31:47.1100818Z Prepare all required actions
test	Set up job	2025-12-01T18:31:47.1138532Z Getting action download info
test	Set up job	2025-12-01T18:31:47.4157307Z Download action repository 'actions/checkout@v4' (SHA:34e114876b0b11c390a56381ad16ebd13914f8d5)
test	Set up job	2025-12-01T18:31:47.6889294Z Download action repository 'actions/setup-node@v4' (SHA:49933ea5288caeca8642d1e84afbd3f7d6820020)
test	Set up job	2025-12-01T18:31:47.8937904Z Download action repository 'actions/upload-artifact@v4' (SHA:ea165f8d65b6e75b540449e92b4886f43607fa02)
test	Set up job	2025-12-01T18:31:48.0846259Z Complete job name: test
test	Checkout	﻿2025-12-01T18:31:48.1524766Z ##[group]Run actions/checkout@v4
test	Checkout	2025-12-01T18:31:48.1525593Z with:
test	Checkout	2025-12-01T18:31:48.1526029Z   repository: Tris247/cvforge-mvp
test	Checkout	2025-12-01T18:31:48.1526674Z   token: ***
test	Checkout	2025-12-01T18:31:48.1527055Z   ssh-strict: true
test	Checkout	2025-12-01T18:31:48.1527457Z   ssh-user: git
test	Checkout	2025-12-01T18:31:48.1527867Z   persist-credentials: true
test	Checkout	2025-12-01T18:31:48.1528314Z   clean: true
test	Checkout	2025-12-01T18:31:48.1528709Z   sparse-checkout-cone-mode: true
test	Checkout	2025-12-01T18:31:48.1529192Z   fetch-depth: 1
test	Checkout	2025-12-01T18:31:48.1529575Z   fetch-tags: false
test	Checkout	2025-12-01T18:31:48.1529978Z   show-progress: true
test	Checkout	2025-12-01T18:31:48.1530380Z   lfs: false
test	Checkout	2025-12-01T18:31:48.1530756Z   submodules: false
test	Checkout	2025-12-01T18:31:48.1531158Z   set-safe-directory: true
test	Checkout	2025-12-01T18:31:48.1531778Z ##[endgroup]
test	Checkout	2025-12-01T18:31:48.2581223Z Syncing repository: Tris247/cvforge-mvp
test	Checkout	2025-12-01T18:31:48.2583253Z ##[group]Getting Git version info
test	Checkout	2025-12-01T18:31:48.2584001Z Working directory is '/home/runner/work/cvforge-mvp/cvforge-mvp'
test	Checkout	2025-12-01T18:31:48.2584981Z [command]/usr/bin/git version
test	Checkout	2025-12-01T18:31:48.2654260Z git version 2.51.2
test	Checkout	2025-12-01T18:31:48.2679508Z ##[endgroup]
test	Checkout	2025-12-01T18:31:48.2693189Z Temporarily overriding HOME='/home/runner/work/_temp/c1fb975b-74e8-47c7-a57b-cadc161be0af' before making global git config changes
test	Checkout	2025-12-01T18:31:48.2694619Z Adding repository directory to the temporary git global config as a safe directory
test	Checkout	2025-12-01T18:31:48.2704455Z [command]/usr/bin/git config --global --add safe.directory /home/runner/work/cvforge-mvp/cvforge-mvp
test	Checkout	2025-12-01T18:31:48.2738770Z Deleting the contents of '/home/runner/work/cvforge-mvp/cvforge-mvp'
test	Checkout	2025-12-01T18:31:48.2742279Z ##[group]Initializing the repository
test	Checkout	2025-12-01T18:31:48.2746132Z [command]/usr/bin/git init /home/runner/work/cvforge-mvp/cvforge-mvp
test	Checkout	2025-12-01T18:31:48.2845938Z hint: Using 'master' as the name for the initial branch. This default branch name
test	Checkout	2025-12-01T18:31:48.2847074Z hint: is subject to change. To configure the initial branch name to use in all
test	Checkout	2025-12-01T18:31:48.2847979Z hint: of your new repositories, which will suppress this warning, call:
test	Checkout	2025-12-01T18:31:48.2849184Z hint:
test	Checkout	2025-12-01T18:31:48.2850087Z hint: 	git config --global init.defaultBranch <name>
test	Checkout	2025-12-01T18:31:48.2850727Z hint:
test	Checkout	2025-12-01T18:31:48.2851276Z hint: Names commonly chosen instead of 'master' are 'main', 'trunk' and
test	Checkout	2025-12-01T18:31:48.2852318Z hint: 'development'. The just-created branch can be renamed via this command:
test	Checkout	2025-12-01T18:31:48.2853001Z hint:
test	Checkout	2025-12-01T18:31:48.2853426Z hint: 	git branch -m <name>
test	Checkout	2025-12-01T18:31:48.2853864Z hint:
test	Checkout	2025-12-01T18:31:48.2854572Z hint: Disable this message with "git config set advice.defaultBranchName false"
test	Checkout	2025-12-01T18:31:48.2855682Z Initialized empty Git repository in /home/runner/work/cvforge-mvp/cvforge-mvp/.git/
test	Checkout	2025-12-01T18:31:48.2860356Z [command]/usr/bin/git remote add origin https://github.com/Tris247/cvforge-mvp
test	Checkout	2025-12-01T18:31:48.2891311Z ##[endgroup]
test	Checkout	2025-12-01T18:31:48.2892182Z ##[group]Disabling automatic garbage collection
test	Checkout	2025-12-01T18:31:48.2895455Z [command]/usr/bin/git config --local gc.auto 0
test	Checkout	2025-12-01T18:31:48.2922385Z ##[endgroup]
test	Checkout	2025-12-01T18:31:48.2923075Z ##[group]Setting up auth
test	Checkout	2025-12-01T18:31:48.2929094Z [command]/usr/bin/git config --local --name-only --get-regexp core\.sshCommand
test	Checkout	2025-12-01T18:31:48.2957434Z [command]/usr/bin/git submodule foreach --recursive sh -c "git config --local --name-only --get-regexp 'core\.sshCommand' && git config --local --unset-all 'core.sshCommand' || :"
test	Checkout	2025-12-01T18:31:48.3277133Z [command]/usr/bin/git config --local --name-only --get-regexp http\.https\:\/\/github\.com\/\.extraheader
test	Checkout	2025-12-01T18:31:48.3304338Z [command]/usr/bin/git submodule foreach --recursive sh -c "git config --local --name-only --get-regexp 'http\.https\:\/\/github\.com\/\.extraheader' && git config --local --unset-all 'http.https://github.com/.extraheader' || :"
test	Checkout	2025-12-01T18:31:48.3517450Z [command]/usr/bin/git config --local --name-only --get-regexp ^includeIf\.gitdir:
test	Checkout	2025-12-01T18:31:48.3547021Z [command]/usr/bin/git submodule foreach --recursive git config --local --show-origin --name-only --get-regexp remote.origin.url
test	Checkout	2025-12-01T18:31:48.3772743Z [command]/usr/bin/git config --local http.https://github.com/.extraheader AUTHORIZATION: basic ***
test	Checkout	2025-12-01T18:31:48.3805011Z ##[endgroup]
test	Checkout	2025-12-01T18:31:48.3806238Z ##[group]Fetching the repository
test	Checkout	2025-12-01T18:31:48.3815029Z [command]/usr/bin/git -c protocol.version=2 fetch --no-tags --prune --no-recurse-submodules --depth=1 origin +f8d15921affd0f222d9d2445dd16f61998a08642:refs/remotes/origin/feat/postgres-ci-migration
test	Checkout	2025-12-01T18:31:48.5645924Z From https://github.com/Tris247/cvforge-mvp
test	Checkout	2025-12-01T18:31:48.5647762Z  * [new ref]         f8d15921affd0f222d9d2445dd16f61998a08642 -> origin/feat/postgres-ci-migration
test	Checkout	2025-12-01T18:31:48.5681552Z ##[endgroup]
test	Checkout	2025-12-01T18:31:48.5683022Z ##[group]Determining the checkout info
test	Checkout	2025-12-01T18:31:48.5685407Z ##[endgroup]
test	Checkout	2025-12-01T18:31:48.5689786Z [command]/usr/bin/git sparse-checkout disable
test	Checkout	2025-12-01T18:31:48.5730357Z [command]/usr/bin/git config --local --unset-all extensions.worktreeConfig
test	Checkout	2025-12-01T18:31:48.5756458Z ##[group]Checking out the ref
test	Checkout	2025-12-01T18:31:48.5760507Z [command]/usr/bin/git checkout --progress --force -B feat/postgres-ci-migration refs/remotes/origin/feat/postgres-ci-migration
test	Checkout	2025-12-01T18:31:48.5896753Z Switched to a new branch 'feat/postgres-ci-migration'
test	Checkout	2025-12-01T18:31:48.5899550Z branch 'feat/postgres-ci-migration' set up to track 'origin/feat/postgres-ci-migration'.
test	Checkout	2025-12-01T18:31:48.5906575Z ##[endgroup]
test	Checkout	2025-12-01T18:31:48.5938467Z [command]/usr/bin/git log -1 --format=%H
test	Checkout	2025-12-01T18:31:48.5960093Z f8d15921affd0f222d9d2445dd16f61998a08642
test	Setup Node.js	﻿2025-12-01T18:31:48.6239375Z ##[group]Run actions/setup-node@v4
test	Setup Node.js	2025-12-01T18:31:48.6240214Z with:
test	Setup Node.js	2025-12-01T18:31:48.6240681Z   node-version: 18
test	Setup Node.js	2025-12-01T18:31:48.6241241Z   always-auth: false
test	Setup Node.js	2025-12-01T18:31:48.6241821Z   check-latest: false
test	Setup Node.js	2025-12-01T18:31:48.6242825Z   token: ***
test	Setup Node.js	2025-12-01T18:31:48.6243319Z ##[endgroup]
test	Setup Node.js	2025-12-01T18:31:48.8308159Z Attempting to download 18...
test	Setup Node.js	2025-12-01T18:31:49.1757474Z Acquiring 18.20.8 - x64 from https://github.com/actions/node-versions/releases/download/18.20.8-14110393767/node-18.20.8-linux-x64.tar.gz
test	Setup Node.js	2025-12-01T18:31:49.5446704Z Extracting ...
test	Setup Node.js	2025-12-01T18:31:49.5548840Z [command]/usr/bin/tar xz --strip 1 --warning=no-unknown-keyword --overwrite -C /home/runner/work/_temp/be3b8ff4-346b-4829-8d28-5e502faaf290 -f /home/runner/work/_temp/815ed562-5bc6-4b36-a970-e3cc8cc09cca
test	Setup Node.js	2025-12-01T18:31:50.5172253Z Adding to the cache ...
test	Setup Node.js	2025-12-01T18:31:52.1030830Z ##[group]Environment details
test	Setup Node.js	2025-12-01T18:31:52.4282316Z node: v18.20.8
test	Setup Node.js	2025-12-01T18:31:52.4282790Z npm: 10.8.2
test	Setup Node.js	2025-12-01T18:31:52.4283371Z yarn: 1.22.22
test	Setup Node.js	2025-12-01T18:31:52.4285000Z ##[endgroup]
test	Install dependencies	﻿2025-12-01T18:31:52.4430309Z ##[group]Run npm ci
test	Install dependencies	2025-12-01T18:31:52.4430612Z [36;1mnpm ci[0m
test	Install dependencies	2025-12-01T18:31:52.4468963Z shell: /usr/bin/bash -e {0}
test	Install dependencies	2025-12-01T18:31:52.4469230Z ##[endgroup]
test	Install dependencies	2025-12-01T18:31:54.0924760Z npm warn deprecated rimraf@3.0.2: Rimraf versions prior to v4 are no longer supported
test	Install dependencies	2025-12-01T18:31:54.2790885Z npm warn deprecated npmlog@6.0.2: This package is no longer supported.
test	Install dependencies	2025-12-01T18:31:54.5980819Z npm warn deprecated inflight@1.0.6: This module is not supported, and leaks memory. Do not use it. Check out lru-cache if you want a good and tested way to coalesce async requests by a key value, which is much more comprehensive and powerful.
test	Install dependencies	2025-12-01T18:31:54.7863833Z npm warn deprecated glob@7.2.3: Glob versions prior to v9 are no longer supported
test	Install dependencies	2025-12-01T18:31:54.8040962Z npm warn deprecated node-domexception@1.0.0: Use your platform's native DOMException instead
test	Install dependencies	2025-12-01T18:31:54.8723718Z npm warn deprecated gauge@4.0.4: This package is no longer supported.
test	Install dependencies	2025-12-01T18:31:54.9578999Z npm warn deprecated are-we-there-yet@3.0.1: This package is no longer supported.
test	Install dependencies	2025-12-01T18:31:55.2001016Z npm warn deprecated @npmcli/move-file@1.1.2: This functionality has been moved to @npmcli/fs
test	Install dependencies	2025-12-01T18:32:03.3192226Z 
test	Install dependencies	2025-12-01T18:32:03.3193033Z added 310 packages, and audited 311 packages in 11s
test	Install dependencies	2025-12-01T18:32:03.3193529Z 
test	Install dependencies	2025-12-01T18:32:03.3193823Z 52 packages are looking for funding
test	Install dependencies	2025-12-01T18:32:03.3194302Z   run `npm fund` for details
test	Install dependencies	2025-12-01T18:32:03.3394965Z 
test	Install dependencies	2025-12-01T18:32:03.3395687Z 4 moderate severity vulnerabilities
test	Install dependencies	2025-12-01T18:32:03.3395930Z 
test	Install dependencies	2025-12-01T18:32:03.3396176Z To address all issues (including breaking changes), run:
test	Install dependencies	2025-12-01T18:32:03.3396516Z   npm audit fix --force
test	Install dependencies	2025-12-01T18:32:03.3396662Z 
test	Install dependencies	2025-12-01T18:32:03.3396774Z Run `npm audit` for details.
test	Prepare test files and SQLite DB	﻿2025-12-01T18:32:03.3762290Z ##[group]Run mkdir -p data
test	Prepare test files and SQLite DB	2025-12-01T18:32:03.3762617Z [36;1mmkdir -p data[0m
test	Prepare test files and SQLite DB	2025-12-01T18:32:03.3762831Z [36;1mtouch dev.db[0m
test	Prepare test files and SQLite DB	2025-12-01T18:32:03.3763096Z [36;1mecho "Using SQLite dev DB at ./dev.db for test run"[0m
test	Prepare test files and SQLite DB	2025-12-01T18:32:03.3763492Z [36;1m# Apply the Prisma schema to the local sqlite dev.db (safe for CI)[0m
test	Prepare test files and SQLite DB	2025-12-01T18:32:03.3763881Z [36;1mnpx prisma db push --schema=prisma/schema.prisma[0m
test	Prepare test files and SQLite DB	2025-12-01T18:32:03.3764233Z [36;1mnpx prisma generate --schema=prisma/schema.prisma[0m
test	Prepare test files and SQLite DB	2025-12-01T18:32:03.3799598Z shell: /usr/bin/bash --noprofile --norc -e -o pipefail {0}
test	Prepare test files and SQLite DB	2025-12-01T18:32:03.3799958Z ##[endgroup]
test	Prepare test files and SQLite DB	2025-12-01T18:32:03.3876723Z Using SQLite dev DB at ./dev.db for test run
test	Prepare test files and SQLite DB	2025-12-01T18:32:04.2050351Z Prisma schema loaded from prisma/schema.prisma
test	Prepare test files and SQLite DB	2025-12-01T18:32:04.2112044Z Datasource "db": SQLite database
test	Prepare test files and SQLite DB	2025-12-01T18:32:04.2122119Z 
test	Prepare test files and SQLite DB	2025-12-01T18:32:04.2170733Z Error: Prisma schema validation - (get-config wasm)
test	Prepare test files and SQLite DB	2025-12-01T18:32:04.2174288Z Error code: P1012
test	Prepare test files and SQLite DB	2025-12-01T18:32:04.2175023Z error: Environment variable not found: DATABASE_URL.
test	Prepare test files and SQLite DB	2025-12-01T18:32:04.2177589Z   -->  prisma/schema.prisma:7
test	Prepare test files and SQLite DB	2025-12-01T18:32:04.2178068Z    | 
test	Prepare test files and SQLite DB	2025-12-01T18:32:04.2178398Z  6 |   provider = "sqlite"
test	Prepare test files and SQLite DB	2025-12-01T18:32:04.2178813Z  7 |   url      = env("DATABASE_URL")
test	Prepare test files and SQLite DB	2025-12-01T18:32:04.2179214Z    | 
test	Prepare test files and SQLite DB	2025-12-01T18:32:04.2179378Z 
test	Prepare test files and SQLite DB	2025-12-01T18:32:04.2179611Z Validation Error Count: 1
test	Prepare test files and SQLite DB	2025-12-01T18:32:04.2180017Z [Context: getConfig]
test	Prepare test files and SQLite DB	2025-12-01T18:32:04.2180657Z 
test	Prepare test files and SQLite DB	2025-12-01T18:32:04.2180855Z Prisma CLI Version : 5.22.0
test	Prepare test files and SQLite DB	2025-12-01T18:32:04.2481402Z ##[error]Process completed with exit code 1.
test	Upload test reports (optional)	﻿2025-12-01T18:32:04.2564851Z ##[group]Run actions/upload-artifact@v4
test	Upload test reports (optional)	2025-12-01T18:32:04.2565118Z with:
test	Upload test reports (optional)	2025-12-01T18:32:04.2565289Z   name: vitest-logs
test	Upload test reports (optional)	2025-12-01T18:32:04.2565456Z   path: .
test	Upload test reports (optional)	2025-12-01T18:32:04.2565627Z   if-no-files-found: warn
test	Upload test reports (optional)	2025-12-01T18:32:04.2565830Z   compression-level: 6
test	Upload test reports (optional)	2025-12-01T18:32:04.2566026Z   overwrite: false
test	Upload test reports (optional)	2025-12-01T18:32:04.2566254Z   include-hidden-files: false
test	Upload test reports (optional)	2025-12-01T18:32:04.2566459Z ##[endgroup]
test	Upload test reports (optional)	2025-12-01T18:32:06.2472435Z With the provided path, there will be 13834 files uploaded
test	Upload test reports (optional)	2025-12-01T18:32:06.2479556Z Artifact name is valid!
test	Upload test reports (optional)	2025-12-01T18:32:06.2480528Z Root directory input is valid!
test	Upload test reports (optional)	2025-12-01T18:32:06.5332096Z Beginning upload of artifact content to blob storage
test	Upload test reports (optional)	2025-12-01T18:32:07.8132218Z Uploaded bytes 8388608
test	Upload test reports (optional)	2025-12-01T18:32:08.5828425Z Uploaded bytes 16777216
test	Upload test reports (optional)	2025-12-01T18:32:09.2290749Z Uploaded bytes 25165824
test	Upload test reports (optional)	2025-12-01T18:32:09.8872844Z Uploaded bytes 33554432
test	Upload test reports (optional)	2025-12-01T18:32:10.4492621Z Uploaded bytes 41943040
test	Upload test reports (optional)	2025-12-01T18:32:11.1747443Z Uploaded bytes 50331648
test	Upload test reports (optional)	2025-12-01T18:32:11.9596291Z Uploaded bytes 58720256
test	Upload test reports (optional)	2025-12-01T18:32:12.7873236Z Uploaded bytes 67108864
test	Upload test reports (optional)	2025-12-01T18:32:13.6842906Z Uploaded bytes 75497472
test	Upload test reports (optional)	2025-12-01T18:32:14.5655060Z Uploaded bytes 83886080
test	Upload test reports (optional)	2025-12-01T18:32:15.3490547Z Uploaded bytes 92274688
test	Upload test reports (optional)	2025-12-01T18:32:16.5372500Z Uploaded bytes 100663296
test	Upload test reports (optional)	2025-12-01T18:32:17.3238524Z Uploaded bytes 109051904
test	Upload test reports (optional)	2025-12-01T18:32:18.1078548Z Uploaded bytes 117440512
test	Upload test reports (optional)	2025-12-01T18:32:20.0379659Z Uploaded bytes 125829120
test	Upload test reports (optional)	2025-12-01T18:32:21.3898698Z Uploaded bytes 134217728
test	Upload test reports (optional)	2025-12-01T18:32:22.4125850Z Uploaded bytes 142606336
test	Upload test reports (optional)	2025-12-01T18:32:24.4349264Z Uploaded bytes 150994944
test	Upload test reports (optional)	2025-12-01T18:32:25.4365498Z Uploaded bytes 159383552
test	Upload test reports (optional)	2025-12-01T18:32:26.0428631Z Uploaded bytes 167772160
test	Upload test reports (optional)	2025-12-01T18:32:26.9449778Z Uploaded bytes 176160768
test	Upload test reports (optional)	2025-12-01T18:32:27.9119217Z Uploaded bytes 182450668
test	Upload test reports (optional)	2025-12-01T18:32:27.9326394Z Finished uploading artifact content to blob storage!
test	Upload test reports (optional)	2025-12-01T18:32:27.9330069Z SHA256 digest of uploaded artifact zip is 072707bbcc35e1c879ffd34834796fe4a389015d772aa5a46c783b749df67bf8
test	Upload test reports (optional)	2025-12-01T18:32:27.9332138Z Finalizing artifact upload
test	Upload test reports (optional)	2025-12-01T18:32:28.1151300Z Artifact vitest-logs.zip successfully finalized. Artifact ID 4728312444
test	Upload test reports (optional)	2025-12-01T18:32:28.1152963Z Artifact vitest-logs has been successfully uploaded! Final size is 182450668 bytes. Artifact ID is 4728312444
test	Upload test reports (optional)	2025-12-01T18:32:28.1159403Z Artifact download URL: https://github.com/Tris247/cvforge-mvp/actions/runs/19833325536/artifacts/4728312444
test	Post Checkout	﻿2025-12-01T18:32:28.1517879Z Post job cleanup.
test	Post Checkout	2025-12-01T18:32:28.2448199Z [command]/usr/bin/git version
test	Post Checkout	2025-12-01T18:32:28.2488145Z git version 2.51.2
test	Post Checkout	2025-12-01T18:32:28.2529716Z Temporarily overriding HOME='/home/runner/work/_temp/91f7be45-38c6-4409-b348-5db705a28ea7' before making global git config changes
test	Post Checkout	2025-12-01T18:32:28.2530668Z Adding repository directory to the temporary git global config as a safe directory
test	Post Checkout	2025-12-01T18:32:28.2535152Z [command]/usr/bin/git config --global --add safe.directory /home/runner/work/cvforge-mvp/cvforge-mvp
test	Post Checkout	2025-12-01T18:32:28.2573709Z [command]/usr/bin/git config --local --name-only --get-regexp core\.sshCommand
test	Post Checkout	2025-12-01T18:32:28.2604740Z [command]/usr/bin/git submodule foreach --recursive sh -c "git config --local --name-only --get-regexp 'core\.sshCommand' && git config --local --unset-all 'core.sshCommand' || :"
test	Post Checkout	2025-12-01T18:32:28.2829196Z [command]/usr/bin/git config --local --name-only --get-regexp http\.https\:\/\/github\.com\/\.extraheader
test	Post Checkout	2025-12-01T18:32:28.2848853Z http.https://github.com/.extraheader
test	Post Checkout	2025-12-01T18:32:28.2860670Z [command]/usr/bin/git config --local --unset-all http.https://github.com/.extraheader
test	Post Checkout	2025-12-01T18:32:28.2890008Z [command]/usr/bin/git submodule foreach --recursive sh -c "git config --local --name-only --get-regexp 'http\.https\:\/\/github\.com\/\.extraheader' && git config --local --unset-all 'http.https://github.com/.extraheader' || :"
test	Post Checkout	2025-12-01T18:32:28.3104309Z [command]/usr/bin/git config --local --name-only --get-regexp ^includeIf\.gitdir:
test	Post Checkout	2025-12-01T18:32:28.3132641Z [command]/usr/bin/git submodule foreach --recursive git config --local --show-origin --name-only --get-regexp remote.origin.url
test	Complete job	﻿2025-12-01T18:32:28.3462133Z Cleaning up orphan processes
