Ingest analytics JSONL to DB	Set up job	﻿2025-12-02T18:31:44.7326963Z Current runner version: '2.329.0'
Ingest analytics JSONL to DB	Set up job	2025-12-02T18:31:44.7362780Z ##[group]Runner Image Provisioner
Ingest analytics JSONL to DB	Set up job	2025-12-02T18:31:44.7364019Z Hosted Compute Agent
Ingest analytics JSONL to DB	Set up job	2025-12-02T18:31:44.7365082Z Version: 20251016.436
Ingest analytics JSONL to DB	Set up job	2025-12-02T18:31:44.7366125Z Commit: 8ab8ac8bfd662a3739dab9fe09456aba92132568
Ingest analytics JSONL to DB	Set up job	2025-12-02T18:31:44.7367561Z Build Date: 2025-10-15T20:44:12Z
Ingest analytics JSONL to DB	Set up job	2025-12-02T18:31:44.7368729Z ##[endgroup]
Ingest analytics JSONL to DB	Set up job	2025-12-02T18:31:44.7369660Z ##[group]Operating System
Ingest analytics JSONL to DB	Set up job	2025-12-02T18:31:44.7370612Z Ubuntu
Ingest analytics JSONL to DB	Set up job	2025-12-02T18:31:44.7371478Z 24.04.3
Ingest analytics JSONL to DB	Set up job	2025-12-02T18:31:44.7372215Z LTS
Ingest analytics JSONL to DB	Set up job	2025-12-02T18:31:44.7372915Z ##[endgroup]
Ingest analytics JSONL to DB	Set up job	2025-12-02T18:31:44.7373856Z ##[group]Runner Image
Ingest analytics JSONL to DB	Set up job	2025-12-02T18:31:44.7374776Z Image: ubuntu-24.04
Ingest analytics JSONL to DB	Set up job	2025-12-02T18:31:44.7375616Z Version: 20251112.124.1
Ingest analytics JSONL to DB	Set up job	2025-12-02T18:31:44.7377587Z Included Software: https://github.com/actions/runner-images/blob/ubuntu24/20251112.124/images/ubuntu/Ubuntu2404-Readme.md
Ingest analytics JSONL to DB	Set up job	2025-12-02T18:31:44.7380133Z Image Release: https://github.com/actions/runner-images/releases/tag/ubuntu24%2F20251112.124
Ingest analytics JSONL to DB	Set up job	2025-12-02T18:31:44.7382232Z ##[endgroup]
Ingest analytics JSONL to DB	Set up job	2025-12-02T18:31:44.7384307Z ##[group]GITHUB_TOKEN Permissions
Ingest analytics JSONL to DB	Set up job	2025-12-02T18:31:44.7387560Z Contents: read
Ingest analytics JSONL to DB	Set up job	2025-12-02T18:31:44.7388488Z Metadata: read
Ingest analytics JSONL to DB	Set up job	2025-12-02T18:31:44.7389395Z Packages: read
Ingest analytics JSONL to DB	Set up job	2025-12-02T18:31:44.7390307Z ##[endgroup]
Ingest analytics JSONL to DB	Set up job	2025-12-02T18:31:44.7393713Z Secret source: Actions
Ingest analytics JSONL to DB	Set up job	2025-12-02T18:31:44.7394899Z Prepare workflow directory
Ingest analytics JSONL to DB	Set up job	2025-12-02T18:31:44.8147566Z Prepare all required actions
Ingest analytics JSONL to DB	Set up job	2025-12-02T18:31:44.8205262Z Getting action download info
Ingest analytics JSONL to DB	Set up job	2025-12-02T18:31:45.0635607Z Download action repository 'actions/checkout@v4' (SHA:34e114876b0b11c390a56381ad16ebd13914f8d5)
Ingest analytics JSONL to DB	Set up job	2025-12-02T18:31:45.3357604Z Download action repository 'actions/setup-node@v4' (SHA:49933ea5288caeca8642d1e84afbd3f7d6820020)
Ingest analytics JSONL to DB	Set up job	2025-12-02T18:31:45.4856711Z Complete job name: Ingest analytics JSONL to DB
Ingest analytics JSONL to DB	Checkout	﻿2025-12-02T18:31:45.5555448Z ##[group]Run actions/checkout@v4
Ingest analytics JSONL to DB	Checkout	2025-12-02T18:31:45.5556329Z with:
Ingest analytics JSONL to DB	Checkout	2025-12-02T18:31:45.5556733Z   repository: Tris247/cvforge-mvp
Ingest analytics JSONL to DB	Checkout	2025-12-02T18:31:45.5557569Z   token: ***
Ingest analytics JSONL to DB	Checkout	2025-12-02T18:31:45.5557974Z   ssh-strict: true
Ingest analytics JSONL to DB	Checkout	2025-12-02T18:31:45.5558360Z   ssh-user: git
Ingest analytics JSONL to DB	Checkout	2025-12-02T18:31:45.5558755Z   persist-credentials: true
Ingest analytics JSONL to DB	Checkout	2025-12-02T18:31:45.5559188Z   clean: true
Ingest analytics JSONL to DB	Checkout	2025-12-02T18:31:45.5559587Z   sparse-checkout-cone-mode: true
Ingest analytics JSONL to DB	Checkout	2025-12-02T18:31:45.5560060Z   fetch-depth: 1
Ingest analytics JSONL to DB	Checkout	2025-12-02T18:31:45.5560431Z   fetch-tags: false
Ingest analytics JSONL to DB	Checkout	2025-12-02T18:31:45.5560823Z   show-progress: true
Ingest analytics JSONL to DB	Checkout	2025-12-02T18:31:45.5561214Z   lfs: false
Ingest analytics JSONL to DB	Checkout	2025-12-02T18:31:45.5561571Z   submodules: false
Ingest analytics JSONL to DB	Checkout	2025-12-02T18:31:45.5561957Z   set-safe-directory: true
Ingest analytics JSONL to DB	Checkout	2025-12-02T18:31:45.5562650Z env:
Ingest analytics JSONL to DB	Checkout	2025-12-02T18:31:45.5563062Z   NODE_OPTIONS: --max-old-space-size=512
Ingest analytics JSONL to DB	Checkout	2025-12-02T18:31:45.5563600Z   ANALYTICS_FILE: data/analytics.jsonl
Ingest analytics JSONL to DB	Checkout	2025-12-02T18:31:45.5564082Z   DATABASE_URL: 
Ingest analytics JSONL to DB	Checkout	2025-12-02T18:31:45.5564460Z ##[endgroup]
Ingest analytics JSONL to DB	Checkout	2025-12-02T18:31:45.6915551Z Syncing repository: Tris247/cvforge-mvp
Ingest analytics JSONL to DB	Checkout	2025-12-02T18:31:45.6918444Z ##[group]Getting Git version info
Ingest analytics JSONL to DB	Checkout	2025-12-02T18:31:45.6919644Z Working directory is '/home/runner/work/cvforge-mvp/cvforge-mvp'
Ingest analytics JSONL to DB	Checkout	2025-12-02T18:31:45.6921291Z [command]/usr/bin/git version
Ingest analytics JSONL to DB	Checkout	2025-12-02T18:31:45.6985522Z git version 2.51.2
Ingest analytics JSONL to DB	Checkout	2025-12-02T18:31:45.7010949Z ##[endgroup]
Ingest analytics JSONL to DB	Checkout	2025-12-02T18:31:45.7024678Z Temporarily overriding HOME='/home/runner/work/_temp/682d0ffa-81a3-4906-9cc7-e1f9c169d1d2' before making global git config changes
Ingest analytics JSONL to DB	Checkout	2025-12-02T18:31:45.7036664Z Adding repository directory to the temporary git global config as a safe directory
Ingest analytics JSONL to DB	Checkout	2025-12-02T18:31:45.7038131Z [command]/usr/bin/git config --global --add safe.directory /home/runner/work/cvforge-mvp/cvforge-mvp
Ingest analytics JSONL to DB	Checkout	2025-12-02T18:31:45.7072245Z Deleting the contents of '/home/runner/work/cvforge-mvp/cvforge-mvp'
Ingest analytics JSONL to DB	Checkout	2025-12-02T18:31:45.7075678Z ##[group]Initializing the repository
Ingest analytics JSONL to DB	Checkout	2025-12-02T18:31:45.7079759Z [command]/usr/bin/git init /home/runner/work/cvforge-mvp/cvforge-mvp
Ingest analytics JSONL to DB	Checkout	2025-12-02T18:31:45.7190632Z hint: Using 'master' as the name for the initial branch. This default branch name
Ingest analytics JSONL to DB	Checkout	2025-12-02T18:31:45.7192327Z hint: is subject to change. To configure the initial branch name to use in all
Ingest analytics JSONL to DB	Checkout	2025-12-02T18:31:45.7194537Z hint: of your new repositories, which will suppress this warning, call:
Ingest analytics JSONL to DB	Checkout	2025-12-02T18:31:45.7195778Z hint:
Ingest analytics JSONL to DB	Checkout	2025-12-02T18:31:45.7196637Z hint: 	git config --global init.defaultBranch <name>
Ingest analytics JSONL to DB	Checkout	2025-12-02T18:31:45.7197898Z hint:
Ingest analytics JSONL to DB	Checkout	2025-12-02T18:31:45.7198881Z hint: Names commonly chosen instead of 'master' are 'main', 'trunk' and
Ingest analytics JSONL to DB	Checkout	2025-12-02T18:31:45.7200457Z hint: 'development'. The just-created branch can be renamed via this command:
Ingest analytics JSONL to DB	Checkout	2025-12-02T18:31:45.7201702Z hint:
Ingest analytics JSONL to DB	Checkout	2025-12-02T18:31:45.7202393Z hint: 	git branch -m <name>
Ingest analytics JSONL to DB	Checkout	2025-12-02T18:31:45.7203197Z hint:
Ingest analytics JSONL to DB	Checkout	2025-12-02T18:31:45.7204255Z hint: Disable this message with "git config set advice.defaultBranchName false"
Ingest analytics JSONL to DB	Checkout	2025-12-02T18:31:45.7210285Z Initialized empty Git repository in /home/runner/work/cvforge-mvp/cvforge-mvp/.git/
Ingest analytics JSONL to DB	Checkout	2025-12-02T18:31:45.7222254Z [command]/usr/bin/git remote add origin https://github.com/Tris247/cvforge-mvp
Ingest analytics JSONL to DB	Checkout	2025-12-02T18:31:45.7260931Z ##[endgroup]
Ingest analytics JSONL to DB	Checkout	2025-12-02T18:31:45.7261761Z ##[group]Disabling automatic garbage collection
Ingest analytics JSONL to DB	Checkout	2025-12-02T18:31:45.7266170Z [command]/usr/bin/git config --local gc.auto 0
Ingest analytics JSONL to DB	Checkout	2025-12-02T18:31:45.7298997Z ##[endgroup]
Ingest analytics JSONL to DB	Checkout	2025-12-02T18:31:45.7299673Z ##[group]Setting up auth
Ingest analytics JSONL to DB	Checkout	2025-12-02T18:31:45.7308065Z [command]/usr/bin/git config --local --name-only --get-regexp core\.sshCommand
Ingest analytics JSONL to DB	Checkout	2025-12-02T18:31:45.7343130Z [command]/usr/bin/git submodule foreach --recursive sh -c "git config --local --name-only --get-regexp 'core\.sshCommand' && git config --local --unset-all 'core.sshCommand' || :"
Ingest analytics JSONL to DB	Checkout	2025-12-02T18:31:45.7693702Z [command]/usr/bin/git config --local --name-only --get-regexp http\.https\:\/\/github\.com\/\.extraheader
Ingest analytics JSONL to DB	Checkout	2025-12-02T18:31:45.7727893Z [command]/usr/bin/git submodule foreach --recursive sh -c "git config --local --name-only --get-regexp 'http\.https\:\/\/github\.com\/\.extraheader' && git config --local --unset-all 'http.https://github.com/.extraheader' || :"
Ingest analytics JSONL to DB	Checkout	2025-12-02T18:31:45.7965212Z [command]/usr/bin/git config --local --name-only --get-regexp ^includeIf\.gitdir:
Ingest analytics JSONL to DB	Checkout	2025-12-02T18:31:45.7998328Z [command]/usr/bin/git submodule foreach --recursive git config --local --show-origin --name-only --get-regexp remote.origin.url
Ingest analytics JSONL to DB	Checkout	2025-12-02T18:31:45.8242406Z [command]/usr/bin/git config --local http.https://github.com/.extraheader AUTHORIZATION: basic ***
Ingest analytics JSONL to DB	Checkout	2025-12-02T18:31:45.8276197Z ##[endgroup]
Ingest analytics JSONL to DB	Checkout	2025-12-02T18:31:45.8277828Z ##[group]Fetching the repository
Ingest analytics JSONL to DB	Checkout	2025-12-02T18:31:45.8285781Z [command]/usr/bin/git -c protocol.version=2 fetch --no-tags --prune --no-recurse-submodules --depth=1 origin +0ba44c1644083a1a07a22391d4498739a52123aa:refs/remotes/origin/feat/postgres-ci-migration
Ingest analytics JSONL to DB	Checkout	2025-12-02T18:31:45.9908341Z From https://github.com/Tris247/cvforge-mvp
Ingest analytics JSONL to DB	Checkout	2025-12-02T18:31:45.9909554Z  * [new ref]         0ba44c1644083a1a07a22391d4498739a52123aa -> origin/feat/postgres-ci-migration
Ingest analytics JSONL to DB	Checkout	2025-12-02T18:31:45.9941624Z ##[endgroup]
Ingest analytics JSONL to DB	Checkout	2025-12-02T18:31:45.9942334Z ##[group]Determining the checkout info
Ingest analytics JSONL to DB	Checkout	2025-12-02T18:31:45.9944515Z ##[endgroup]
Ingest analytics JSONL to DB	Checkout	2025-12-02T18:31:45.9950592Z [command]/usr/bin/git sparse-checkout disable
Ingest analytics JSONL to DB	Checkout	2025-12-02T18:31:45.9992910Z [command]/usr/bin/git config --local --unset-all extensions.worktreeConfig
Ingest analytics JSONL to DB	Checkout	2025-12-02T18:31:46.0018982Z ##[group]Checking out the ref
Ingest analytics JSONL to DB	Checkout	2025-12-02T18:31:46.0023889Z [command]/usr/bin/git checkout --progress --force -B feat/postgres-ci-migration refs/remotes/origin/feat/postgres-ci-migration
Ingest analytics JSONL to DB	Checkout	2025-12-02T18:31:46.0162232Z Switched to a new branch 'feat/postgres-ci-migration'
Ingest analytics JSONL to DB	Checkout	2025-12-02T18:31:46.0165293Z branch 'feat/postgres-ci-migration' set up to track 'origin/feat/postgres-ci-migration'.
Ingest analytics JSONL to DB	Checkout	2025-12-02T18:31:46.0171692Z ##[endgroup]
Ingest analytics JSONL to DB	Checkout	2025-12-02T18:31:46.0205773Z [command]/usr/bin/git log -1 --format=%H
Ingest analytics JSONL to DB	Checkout	2025-12-02T18:31:46.0227583Z 0ba44c1644083a1a07a22391d4498739a52123aa
Ingest analytics JSONL to DB	Setup Node	﻿2025-12-02T18:31:46.0455636Z ##[group]Run actions/setup-node@v4
Ingest analytics JSONL to DB	Setup Node	2025-12-02T18:31:46.0456191Z with:
Ingest analytics JSONL to DB	Setup Node	2025-12-02T18:31:46.0456530Z   node-version: 18
Ingest analytics JSONL to DB	Setup Node	2025-12-02T18:31:46.0456909Z   always-auth: false
Ingest analytics JSONL to DB	Setup Node	2025-12-02T18:31:46.0457568Z   check-latest: false
Ingest analytics JSONL to DB	Setup Node	2025-12-02T18:31:46.0458120Z   token: ***
Ingest analytics JSONL to DB	Setup Node	2025-12-02T18:31:46.0458674Z env:
Ingest analytics JSONL to DB	Setup Node	2025-12-02T18:31:46.0459042Z   NODE_OPTIONS: --max-old-space-size=512
Ingest analytics JSONL to DB	Setup Node	2025-12-02T18:31:46.0459569Z   ANALYTICS_FILE: data/analytics.jsonl
Ingest analytics JSONL to DB	Setup Node	2025-12-02T18:31:46.0460037Z   DATABASE_URL: 
Ingest analytics JSONL to DB	Setup Node	2025-12-02T18:31:46.0460390Z ##[endgroup]
Ingest analytics JSONL to DB	Setup Node	2025-12-02T18:31:46.2562735Z Attempting to download 18...
Ingest analytics JSONL to DB	Setup Node	2025-12-02T18:31:46.6082845Z Acquiring 18.20.8 - x64 from https://github.com/actions/node-versions/releases/download/18.20.8-14110393767/node-18.20.8-linux-x64.tar.gz
Ingest analytics JSONL to DB	Setup Node	2025-12-02T18:31:47.0038908Z Extracting ...
Ingest analytics JSONL to DB	Setup Node	2025-12-02T18:31:47.0139080Z [command]/usr/bin/tar xz --strip 1 --warning=no-unknown-keyword --overwrite -C /home/runner/work/_temp/92add61e-cd98-478e-b45c-a51ea63152b6 -f /home/runner/work/_temp/e36d4ff6-2394-403b-b9f1-618c404cba90
Ingest analytics JSONL to DB	Setup Node	2025-12-02T18:31:47.9561488Z Adding to the cache ...
Ingest analytics JSONL to DB	Setup Node	2025-12-02T18:31:49.4947323Z ##[group]Environment details
Ingest analytics JSONL to DB	Setup Node	2025-12-02T18:31:49.7444444Z node: v18.20.8
Ingest analytics JSONL to DB	Setup Node	2025-12-02T18:31:49.7445089Z npm: 10.8.2
Ingest analytics JSONL to DB	Setup Node	2025-12-02T18:31:49.7445493Z yarn: 1.22.22
Ingest analytics JSONL to DB	Setup Node	2025-12-02T18:31:49.7446288Z ##[endgroup]
Ingest analytics JSONL to DB	Install dependencies	﻿2025-12-02T18:31:49.7601477Z ##[group]Run npm ci
Ingest analytics JSONL to DB	Install dependencies	2025-12-02T18:31:49.7601791Z [36;1mnpm ci[0m
Ingest analytics JSONL to DB	Install dependencies	2025-12-02T18:31:49.7640463Z shell: /usr/bin/bash -e {0}
Ingest analytics JSONL to DB	Install dependencies	2025-12-02T18:31:49.7640740Z env:
Ingest analytics JSONL to DB	Install dependencies	2025-12-02T18:31:49.7640959Z   NODE_OPTIONS: --max-old-space-size=512
Ingest analytics JSONL to DB	Install dependencies	2025-12-02T18:31:49.7641263Z   ANALYTICS_FILE: data/analytics.jsonl
Ingest analytics JSONL to DB	Install dependencies	2025-12-02T18:31:49.7641508Z   DATABASE_URL: 
Ingest analytics JSONL to DB	Install dependencies	2025-12-02T18:31:49.7641682Z ##[endgroup]
Ingest analytics JSONL to DB	Install dependencies	2025-12-02T18:31:51.6940700Z npm warn deprecated rimraf@3.0.2: Rimraf versions prior to v4 are no longer supported
Ingest analytics JSONL to DB	Install dependencies	2025-12-02T18:31:51.9434141Z npm warn deprecated npmlog@6.0.2: This package is no longer supported.
Ingest analytics JSONL to DB	Install dependencies	2025-12-02T18:31:52.2726912Z npm warn deprecated inflight@1.0.6: This module is not supported, and leaks memory. Do not use it. Check out lru-cache if you want a good and tested way to coalesce async requests by a key value, which is much more comprehensive and powerful.
Ingest analytics JSONL to DB	Install dependencies	2025-12-02T18:31:52.3669484Z npm warn deprecated glob@7.2.3: Glob versions prior to v9 are no longer supported
Ingest analytics JSONL to DB	Install dependencies	2025-12-02T18:31:52.7006384Z npm warn deprecated gauge@4.0.4: This package is no longer supported.
Ingest analytics JSONL to DB	Install dependencies	2025-12-02T18:31:52.7859069Z npm warn deprecated node-domexception@1.0.0: Use your platform's native DOMException instead
Ingest analytics JSONL to DB	Install dependencies	2025-12-02T18:31:52.7882826Z npm warn deprecated are-we-there-yet@3.0.1: This package is no longer supported.
Ingest analytics JSONL to DB	Install dependencies	2025-12-02T18:31:52.8677045Z npm warn deprecated @npmcli/move-file@1.1.2: This functionality has been moved to @npmcli/fs
Ingest analytics JSONL to DB	Install dependencies	2025-12-02T18:32:01.4480674Z 
Ingest analytics JSONL to DB	Install dependencies	2025-12-02T18:32:01.4482288Z added 310 packages, and audited 311 packages in 12s
Ingest analytics JSONL to DB	Install dependencies	2025-12-02T18:32:01.4482802Z 
Ingest analytics JSONL to DB	Install dependencies	2025-12-02T18:32:01.4483135Z 52 packages are looking for funding
Ingest analytics JSONL to DB	Install dependencies	2025-12-02T18:32:01.4483658Z   run `npm fund` for details
Ingest analytics JSONL to DB	Install dependencies	2025-12-02T18:32:01.4661491Z 
Ingest analytics JSONL to DB	Install dependencies	2025-12-02T18:32:01.4662106Z 4 moderate severity vulnerabilities
Ingest analytics JSONL to DB	Install dependencies	2025-12-02T18:32:01.4662667Z 
Ingest analytics JSONL to DB	Install dependencies	2025-12-02T18:32:01.4663155Z To address all issues (including breaking changes), run:
Ingest analytics JSONL to DB	Install dependencies	2025-12-02T18:32:01.4663797Z   npm audit fix --force
Ingest analytics JSONL to DB	Install dependencies	2025-12-02T18:32:01.4664075Z 
Ingest analytics JSONL to DB	Install dependencies	2025-12-02T18:32:01.4664372Z Run `npm audit` for details.
Ingest analytics JSONL to DB	Run ingestion worker	﻿2025-12-02T18:32:01.4925066Z ##[group]Run node ./scripts/ingest-analytics-worker.js
Ingest analytics JSONL to DB	Run ingestion worker	2025-12-02T18:32:01.4925539Z [36;1mnode ./scripts/ingest-analytics-worker.js[0m
Ingest analytics JSONL to DB	Run ingestion worker	2025-12-02T18:32:01.4959354Z shell: /usr/bin/bash -e {0}
Ingest analytics JSONL to DB	Run ingestion worker	2025-12-02T18:32:01.4959610Z env:
Ingest analytics JSONL to DB	Run ingestion worker	2025-12-02T18:32:01.4959816Z   NODE_OPTIONS: --max-old-space-size=512
Ingest analytics JSONL to DB	Run ingestion worker	2025-12-02T18:32:01.4960084Z   ANALYTICS_FILE: data/analytics.jsonl
Ingest analytics JSONL to DB	Run ingestion worker	2025-12-02T18:32:01.4960328Z   DATABASE_URL: 
Ingest analytics JSONL to DB	Run ingestion worker	2025-12-02T18:32:01.4960504Z ##[endgroup]
Ingest analytics JSONL to DB	Run ingestion worker	2025-12-02T18:32:01.5357892Z DATABASE_URL not set — ingestion worker disabled
Ingest analytics JSONL to DB	Post Setup Node	﻿2025-12-02T18:32:01.5538161Z Post job cleanup.
Ingest analytics JSONL to DB	Post Checkout	﻿2025-12-02T18:32:01.7560824Z Post job cleanup.
Ingest analytics JSONL to DB	Post Checkout	2025-12-02T18:32:01.8785562Z [command]/usr/bin/git version
Ingest analytics JSONL to DB	Post Checkout	2025-12-02T18:32:01.8821310Z git version 2.51.2
Ingest analytics JSONL to DB	Post Checkout	2025-12-02T18:32:01.8865215Z Temporarily overriding HOME='/home/runner/work/_temp/aa94228b-48b6-4d6a-9a77-539fb62cb7c0' before making global git config changes
Ingest analytics JSONL to DB	Post Checkout	2025-12-02T18:32:01.8866717Z Adding repository directory to the temporary git global config as a safe directory
Ingest analytics JSONL to DB	Post Checkout	2025-12-02T18:32:01.8871970Z [command]/usr/bin/git config --global --add safe.directory /home/runner/work/cvforge-mvp/cvforge-mvp
Ingest analytics JSONL to DB	Post Checkout	2025-12-02T18:32:01.8907303Z [command]/usr/bin/git config --local --name-only --get-regexp core\.sshCommand
Ingest analytics JSONL to DB	Post Checkout	2025-12-02T18:32:01.8939636Z [command]/usr/bin/git submodule foreach --recursive sh -c "git config --local --name-only --get-regexp 'core\.sshCommand' && git config --local --unset-all 'core.sshCommand' || :"
Ingest analytics JSONL to DB	Post Checkout	2025-12-02T18:32:01.9165907Z [command]/usr/bin/git config --local --name-only --get-regexp http\.https\:\/\/github\.com\/\.extraheader
Ingest analytics JSONL to DB	Post Checkout	2025-12-02T18:32:01.9186686Z http.https://github.com/.extraheader
Ingest analytics JSONL to DB	Post Checkout	2025-12-02T18:32:01.9198994Z [command]/usr/bin/git config --local --unset-all http.https://github.com/.extraheader
Ingest analytics JSONL to DB	Post Checkout	2025-12-02T18:32:01.9228709Z [command]/usr/bin/git submodule foreach --recursive sh -c "git config --local --name-only --get-regexp 'http\.https\:\/\/github\.com\/\.extraheader' && git config --local --unset-all 'http.https://github.com/.extraheader' || :"
Ingest analytics JSONL to DB	Post Checkout	2025-12-02T18:32:01.9447038Z [command]/usr/bin/git config --local --name-only --get-regexp ^includeIf\.gitdir:
Ingest analytics JSONL to DB	Post Checkout	2025-12-02T18:32:01.9477797Z [command]/usr/bin/git submodule foreach --recursive git config --local --show-origin --name-only --get-regexp remote.origin.url
Ingest analytics JSONL to DB	Complete job	﻿2025-12-02T18:32:01.9823375Z Cleaning up orphan processes
