Ingest analytics JSONL to DB	UNKNOWN STEP	﻿2025-12-02T04:30:02.5387850Z Current runner version: '2.329.0'
Ingest analytics JSONL to DB	UNKNOWN STEP	2025-12-02T04:30:02.5419959Z ##[group]Runner Image Provisioner
Ingest analytics JSONL to DB	UNKNOWN STEP	2025-12-02T04:30:02.5421205Z Hosted Compute Agent
Ingest analytics JSONL to DB	UNKNOWN STEP	2025-12-02T04:30:02.5422041Z Version: 20251016.436
Ingest analytics JSONL to DB	UNKNOWN STEP	2025-12-02T04:30:02.5423028Z Commit: 8ab8ac8bfd662a3739dab9fe09456aba92132568
Ingest analytics JSONL to DB	UNKNOWN STEP	2025-12-02T04:30:02.5424373Z Build Date: 2025-10-15T20:44:12Z
Ingest analytics JSONL to DB	UNKNOWN STEP	2025-12-02T04:30:02.5425369Z ##[endgroup]
Ingest analytics JSONL to DB	UNKNOWN STEP	2025-12-02T04:30:02.5426291Z ##[group]Operating System
Ingest analytics JSONL to DB	UNKNOWN STEP	2025-12-02T04:30:02.5427279Z Ubuntu
Ingest analytics JSONL to DB	UNKNOWN STEP	2025-12-02T04:30:02.5428301Z 24.04.3
Ingest analytics JSONL to DB	UNKNOWN STEP	2025-12-02T04:30:02.5428998Z LTS
Ingest analytics JSONL to DB	UNKNOWN STEP	2025-12-02T04:30:02.5429869Z ##[endgroup]
Ingest analytics JSONL to DB	UNKNOWN STEP	2025-12-02T04:30:02.5430602Z ##[group]Runner Image
Ingest analytics JSONL to DB	UNKNOWN STEP	2025-12-02T04:30:02.5431521Z Image: ubuntu-24.04
Ingest analytics JSONL to DB	UNKNOWN STEP	2025-12-02T04:30:02.5432458Z Version: 20251112.124.1
Ingest analytics JSONL to DB	UNKNOWN STEP	2025-12-02T04:30:02.5434207Z Included Software: https://github.com/actions/runner-images/blob/ubuntu24/20251112.124/images/ubuntu/Ubuntu2404-Readme.md
Ingest analytics JSONL to DB	UNKNOWN STEP	2025-12-02T04:30:02.5437153Z Image Release: https://github.com/actions/runner-images/releases/tag/ubuntu24%2F20251112.124
Ingest analytics JSONL to DB	UNKNOWN STEP	2025-12-02T04:30:02.5439069Z ##[endgroup]
Ingest analytics JSONL to DB	UNKNOWN STEP	2025-12-02T04:30:02.5441053Z ##[group]GITHUB_TOKEN Permissions
Ingest analytics JSONL to DB	UNKNOWN STEP	2025-12-02T04:30:02.5443601Z Contents: read
Ingest analytics JSONL to DB	UNKNOWN STEP	2025-12-02T04:30:02.5444637Z Metadata: read
Ingest analytics JSONL to DB	UNKNOWN STEP	2025-12-02T04:30:02.5445505Z Packages: read
Ingest analytics JSONL to DB	UNKNOWN STEP	2025-12-02T04:30:02.5446361Z ##[endgroup]
Ingest analytics JSONL to DB	UNKNOWN STEP	2025-12-02T04:30:02.5449557Z Secret source: Actions
Ingest analytics JSONL to DB	UNKNOWN STEP	2025-12-02T04:30:02.5450626Z Prepare workflow directory
Ingest analytics JSONL to DB	UNKNOWN STEP	2025-12-02T04:30:02.6196159Z Prepare all required actions
Ingest analytics JSONL to DB	UNKNOWN STEP	2025-12-02T04:30:02.6253659Z Getting action download info
Ingest analytics JSONL to DB	UNKNOWN STEP	2025-12-02T04:30:02.8927174Z Download action repository 'actions/checkout@v4' (SHA:34e114876b0b11c390a56381ad16ebd13914f8d5)
Ingest analytics JSONL to DB	UNKNOWN STEP	2025-12-02T04:30:03.2295115Z Download action repository 'actions/setup-node@v4' (SHA:49933ea5288caeca8642d1e84afbd3f7d6820020)
Ingest analytics JSONL to DB	UNKNOWN STEP	2025-12-02T04:30:03.4623110Z Complete job name: Ingest analytics JSONL to DB
Ingest analytics JSONL to DB	UNKNOWN STEP	2025-12-02T04:30:03.5298540Z ##[group]Run actions/checkout@v4
Ingest analytics JSONL to DB	UNKNOWN STEP	2025-12-02T04:30:03.5299413Z with:
Ingest analytics JSONL to DB	UNKNOWN STEP	2025-12-02T04:30:03.5299825Z   repository: Tris247/cvforge-mvp
Ingest analytics JSONL to DB	UNKNOWN STEP	2025-12-02T04:30:03.5300474Z   token: ***
Ingest analytics JSONL to DB	UNKNOWN STEP	2025-12-02T04:30:03.5300907Z   ssh-strict: true
Ingest analytics JSONL to DB	UNKNOWN STEP	2025-12-02T04:30:03.5301317Z   ssh-user: git
Ingest analytics JSONL to DB	UNKNOWN STEP	2025-12-02T04:30:03.5301732Z   persist-credentials: true
Ingest analytics JSONL to DB	UNKNOWN STEP	2025-12-02T04:30:03.5302198Z   clean: true
Ingest analytics JSONL to DB	UNKNOWN STEP	2025-12-02T04:30:03.5302605Z   sparse-checkout-cone-mode: true
Ingest analytics JSONL to DB	UNKNOWN STEP	2025-12-02T04:30:03.5303086Z   fetch-depth: 1
Ingest analytics JSONL to DB	UNKNOWN STEP	2025-12-02T04:30:03.5303490Z   fetch-tags: false
Ingest analytics JSONL to DB	UNKNOWN STEP	2025-12-02T04:30:03.5304013Z   show-progress: true
Ingest analytics JSONL to DB	UNKNOWN STEP	2025-12-02T04:30:03.5304427Z   lfs: false
Ingest analytics JSONL to DB	UNKNOWN STEP	2025-12-02T04:30:03.5304813Z   submodules: false
Ingest analytics JSONL to DB	UNKNOWN STEP	2025-12-02T04:30:03.5305239Z   set-safe-directory: true
Ingest analytics JSONL to DB	UNKNOWN STEP	2025-12-02T04:30:03.5305895Z env:
Ingest analytics JSONL to DB	UNKNOWN STEP	2025-12-02T04:30:03.5306328Z   NODE_OPTIONS: --max-old-space-size=512
Ingest analytics JSONL to DB	UNKNOWN STEP	2025-12-02T04:30:03.5306887Z   ANALYTICS_FILE: data/analytics.jsonl
Ingest analytics JSONL to DB	UNKNOWN STEP	2025-12-02T04:30:03.5307391Z   DATABASE_URL: 
Ingest analytics JSONL to DB	UNKNOWN STEP	2025-12-02T04:30:03.5307778Z ##[endgroup]
Ingest analytics JSONL to DB	UNKNOWN STEP	2025-12-02T04:30:03.6648958Z Syncing repository: Tris247/cvforge-mvp
Ingest analytics JSONL to DB	UNKNOWN STEP	2025-12-02T04:30:03.6650844Z ##[group]Getting Git version info
Ingest analytics JSONL to DB	UNKNOWN STEP	2025-12-02T04:30:03.6651587Z Working directory is '/home/runner/work/cvforge-mvp/cvforge-mvp'
Ingest analytics JSONL to DB	UNKNOWN STEP	2025-12-02T04:30:03.6652594Z [command]/usr/bin/git version
Ingest analytics JSONL to DB	UNKNOWN STEP	2025-12-02T04:30:03.6716799Z git version 2.51.2
Ingest analytics JSONL to DB	UNKNOWN STEP	2025-12-02T04:30:03.6742720Z ##[endgroup]
Ingest analytics JSONL to DB	UNKNOWN STEP	2025-12-02T04:30:03.6763211Z Temporarily overriding HOME='/home/runner/work/_temp/2efa6a96-1913-43e9-8a72-21ee3bc3f832' before making global git config changes
Ingest analytics JSONL to DB	UNKNOWN STEP	2025-12-02T04:30:03.6765370Z Adding repository directory to the temporary git global config as a safe directory
Ingest analytics JSONL to DB	UNKNOWN STEP	2025-12-02T04:30:03.6768167Z [command]/usr/bin/git config --global --add safe.directory /home/runner/work/cvforge-mvp/cvforge-mvp
Ingest analytics JSONL to DB	UNKNOWN STEP	2025-12-02T04:30:03.6801586Z Deleting the contents of '/home/runner/work/cvforge-mvp/cvforge-mvp'
Ingest analytics JSONL to DB	UNKNOWN STEP	2025-12-02T04:30:03.6805006Z ##[group]Initializing the repository
Ingest analytics JSONL to DB	UNKNOWN STEP	2025-12-02T04:30:03.6809059Z [command]/usr/bin/git init /home/runner/work/cvforge-mvp/cvforge-mvp
Ingest analytics JSONL to DB	UNKNOWN STEP	2025-12-02T04:30:03.6899045Z hint: Using 'master' as the name for the initial branch. This default branch name
Ingest analytics JSONL to DB	UNKNOWN STEP	2025-12-02T04:30:03.6900628Z hint: is subject to change. To configure the initial branch name to use in all
Ingest analytics JSONL to DB	UNKNOWN STEP	2025-12-02T04:30:03.6902484Z hint: of your new repositories, which will suppress this warning, call:
Ingest analytics JSONL to DB	UNKNOWN STEP	2025-12-02T04:30:03.6903284Z hint:
Ingest analytics JSONL to DB	UNKNOWN STEP	2025-12-02T04:30:03.6904118Z hint: 	git config --global init.defaultBranch <name>
Ingest analytics JSONL to DB	UNKNOWN STEP	2025-12-02T04:30:03.6905144Z hint:
Ingest analytics JSONL to DB	UNKNOWN STEP	2025-12-02T04:30:03.6906150Z hint: Names commonly chosen instead of 'master' are 'main', 'trunk' and
Ingest analytics JSONL to DB	UNKNOWN STEP	2025-12-02T04:30:03.6907752Z hint: 'development'. The just-created branch can be renamed via this command:
Ingest analytics JSONL to DB	UNKNOWN STEP	2025-12-02T04:30:03.6909271Z hint:
Ingest analytics JSONL to DB	UNKNOWN STEP	2025-12-02T04:30:03.6909967Z hint: 	git branch -m <name>
Ingest analytics JSONL to DB	UNKNOWN STEP	2025-12-02T04:30:03.6910708Z hint:
Ingest analytics JSONL to DB	UNKNOWN STEP	2025-12-02T04:30:03.6911715Z hint: Disable this message with "git config set advice.defaultBranchName false"
Ingest analytics JSONL to DB	UNKNOWN STEP	2025-12-02T04:30:03.6913490Z Initialized empty Git repository in /home/runner/work/cvforge-mvp/cvforge-mvp/.git/
Ingest analytics JSONL to DB	UNKNOWN STEP	2025-12-02T04:30:03.6916326Z [command]/usr/bin/git remote add origin https://github.com/Tris247/cvforge-mvp
Ingest analytics JSONL to DB	UNKNOWN STEP	2025-12-02T04:30:03.6949151Z ##[endgroup]
Ingest analytics JSONL to DB	UNKNOWN STEP	2025-12-02T04:30:03.6950349Z ##[group]Disabling automatic garbage collection
Ingest analytics JSONL to DB	UNKNOWN STEP	2025-12-02T04:30:03.6953968Z [command]/usr/bin/git config --local gc.auto 0
Ingest analytics JSONL to DB	UNKNOWN STEP	2025-12-02T04:30:03.6981786Z ##[endgroup]
Ingest analytics JSONL to DB	UNKNOWN STEP	2025-12-02T04:30:03.6982979Z ##[group]Setting up auth
Ingest analytics JSONL to DB	UNKNOWN STEP	2025-12-02T04:30:03.6989182Z [command]/usr/bin/git config --local --name-only --get-regexp core\.sshCommand
Ingest analytics JSONL to DB	UNKNOWN STEP	2025-12-02T04:30:03.7019879Z [command]/usr/bin/git submodule foreach --recursive sh -c "git config --local --name-only --get-regexp 'core\.sshCommand' && git config --local --unset-all 'core.sshCommand' || :"
Ingest analytics JSONL to DB	UNKNOWN STEP	2025-12-02T04:30:03.7325088Z [command]/usr/bin/git config --local --name-only --get-regexp http\.https\:\/\/github\.com\/\.extraheader
Ingest analytics JSONL to DB	UNKNOWN STEP	2025-12-02T04:30:03.7353290Z [command]/usr/bin/git submodule foreach --recursive sh -c "git config --local --name-only --get-regexp 'http\.https\:\/\/github\.com\/\.extraheader' && git config --local --unset-all 'http.https://github.com/.extraheader' || :"
Ingest analytics JSONL to DB	UNKNOWN STEP	2025-12-02T04:30:03.7570024Z [command]/usr/bin/git config --local --name-only --get-regexp ^includeIf\.gitdir:
Ingest analytics JSONL to DB	UNKNOWN STEP	2025-12-02T04:30:03.7600861Z [command]/usr/bin/git submodule foreach --recursive git config --local --show-origin --name-only --get-regexp remote.origin.url
Ingest analytics JSONL to DB	UNKNOWN STEP	2025-12-02T04:30:03.7817140Z [command]/usr/bin/git config --local http.https://github.com/.extraheader AUTHORIZATION: basic ***
Ingest analytics JSONL to DB	UNKNOWN STEP	2025-12-02T04:30:03.7850013Z ##[endgroup]
Ingest analytics JSONL to DB	UNKNOWN STEP	2025-12-02T04:30:03.7857501Z ##[group]Fetching the repository
Ingest analytics JSONL to DB	UNKNOWN STEP	2025-12-02T04:30:03.7859398Z [command]/usr/bin/git -c protocol.version=2 fetch --no-tags --prune --no-recurse-submodules --depth=1 origin +df5aaa561df9ccc480e7b7cff2e8d1d3c7cbbc4a:refs/remotes/origin/feat/postgres-ci-migration
Ingest analytics JSONL to DB	UNKNOWN STEP	2025-12-02T04:30:04.0067147Z From https://github.com/Tris247/cvforge-mvp
Ingest analytics JSONL to DB	UNKNOWN STEP	2025-12-02T04:30:04.0070423Z  * [new ref]         df5aaa561df9ccc480e7b7cff2e8d1d3c7cbbc4a -> origin/feat/postgres-ci-migration
Ingest analytics JSONL to DB	UNKNOWN STEP	2025-12-02T04:30:04.0101603Z ##[endgroup]
Ingest analytics JSONL to DB	UNKNOWN STEP	2025-12-02T04:30:04.0103328Z ##[group]Determining the checkout info
Ingest analytics JSONL to DB	UNKNOWN STEP	2025-12-02T04:30:04.0105093Z ##[endgroup]
Ingest analytics JSONL to DB	UNKNOWN STEP	2025-12-02T04:30:04.0109934Z [command]/usr/bin/git sparse-checkout disable
Ingest analytics JSONL to DB	UNKNOWN STEP	2025-12-02T04:30:04.0152334Z [command]/usr/bin/git config --local --unset-all extensions.worktreeConfig
Ingest analytics JSONL to DB	UNKNOWN STEP	2025-12-02T04:30:04.0180227Z ##[group]Checking out the ref
Ingest analytics JSONL to DB	UNKNOWN STEP	2025-12-02T04:30:04.0184898Z [command]/usr/bin/git checkout --progress --force -B feat/postgres-ci-migration refs/remotes/origin/feat/postgres-ci-migration
Ingest analytics JSONL to DB	UNKNOWN STEP	2025-12-02T04:30:04.0326582Z Switched to a new branch 'feat/postgres-ci-migration'
Ingest analytics JSONL to DB	UNKNOWN STEP	2025-12-02T04:30:04.0328951Z branch 'feat/postgres-ci-migration' set up to track 'origin/feat/postgres-ci-migration'.
Ingest analytics JSONL to DB	UNKNOWN STEP	2025-12-02T04:30:04.0365391Z ##[endgroup]
Ingest analytics JSONL to DB	UNKNOWN STEP	2025-12-02T04:30:04.0370078Z [command]/usr/bin/git log -1 --format=%H
Ingest analytics JSONL to DB	UNKNOWN STEP	2025-12-02T04:30:04.0391997Z df5aaa561df9ccc480e7b7cff2e8d1d3c7cbbc4a
Ingest analytics JSONL to DB	UNKNOWN STEP	2025-12-02T04:30:04.0679572Z ##[group]Run actions/setup-node@v4
Ingest analytics JSONL to DB	UNKNOWN STEP	2025-12-02T04:30:04.0680739Z with:
Ingest analytics JSONL to DB	UNKNOWN STEP	2025-12-02T04:30:04.0681521Z   node-version: 18
Ingest analytics JSONL to DB	UNKNOWN STEP	2025-12-02T04:30:04.0682426Z   always-auth: false
Ingest analytics JSONL to DB	UNKNOWN STEP	2025-12-02T04:30:04.0683332Z   check-latest: false
Ingest analytics JSONL to DB	UNKNOWN STEP	2025-12-02T04:30:04.0684524Z   token: ***
Ingest analytics JSONL to DB	UNKNOWN STEP	2025-12-02T04:30:04.0685575Z env:
Ingest analytics JSONL to DB	UNKNOWN STEP	2025-12-02T04:30:04.0686431Z   NODE_OPTIONS: --max-old-space-size=512
Ingest analytics JSONL to DB	UNKNOWN STEP	2025-12-02T04:30:04.0687681Z   ANALYTICS_FILE: data/analytics.jsonl
Ingest analytics JSONL to DB	UNKNOWN STEP	2025-12-02T04:30:04.0689188Z   DATABASE_URL: 
Ingest analytics JSONL to DB	UNKNOWN STEP	2025-12-02T04:30:04.0690044Z ##[endgroup]
Ingest analytics JSONL to DB	UNKNOWN STEP	2025-12-02T04:30:04.3114966Z Attempting to download 18...
Ingest analytics JSONL to DB	UNKNOWN STEP	2025-12-02T04:30:04.7097380Z Acquiring 18.20.8 - x64 from https://github.com/actions/node-versions/releases/download/18.20.8-14110393767/node-18.20.8-linux-x64.tar.gz
Ingest analytics JSONL to DB	UNKNOWN STEP	2025-12-02T04:30:05.4654869Z Extracting ...
Ingest analytics JSONL to DB	UNKNOWN STEP	2025-12-02T04:30:05.4778401Z [command]/usr/bin/tar xz --strip 1 --warning=no-unknown-keyword --overwrite -C /home/runner/work/_temp/de15d7b8-dddb-4641-bb21-fa249af20934 -f /home/runner/work/_temp/b35db71a-14dc-44ff-a7e8-36a389f8ca4b
Ingest analytics JSONL to DB	UNKNOWN STEP	2025-12-02T04:30:06.4112605Z Adding to the cache ...
Ingest analytics JSONL to DB	UNKNOWN STEP	2025-12-02T04:30:08.3360578Z ##[group]Environment details
Ingest analytics JSONL to DB	UNKNOWN STEP	2025-12-02T04:30:08.7092062Z node: v18.20.8
Ingest analytics JSONL to DB	UNKNOWN STEP	2025-12-02T04:30:08.7092707Z npm: 10.8.2
Ingest analytics JSONL to DB	UNKNOWN STEP	2025-12-02T04:30:08.7092997Z yarn: 1.22.22
Ingest analytics JSONL to DB	UNKNOWN STEP	2025-12-02T04:30:08.7093842Z ##[endgroup]
Ingest analytics JSONL to DB	UNKNOWN STEP	2025-12-02T04:30:08.7245861Z ##[group]Run npm ci
Ingest analytics JSONL to DB	UNKNOWN STEP	2025-12-02T04:30:08.7246139Z [36;1mnpm ci[0m
Ingest analytics JSONL to DB	UNKNOWN STEP	2025-12-02T04:30:08.7284552Z shell: /usr/bin/bash -e {0}
Ingest analytics JSONL to DB	UNKNOWN STEP	2025-12-02T04:30:08.7284808Z env:
Ingest analytics JSONL to DB	UNKNOWN STEP	2025-12-02T04:30:08.7285010Z   NODE_OPTIONS: --max-old-space-size=512
Ingest analytics JSONL to DB	UNKNOWN STEP	2025-12-02T04:30:08.7285322Z   ANALYTICS_FILE: data/analytics.jsonl
Ingest analytics JSONL to DB	UNKNOWN STEP	2025-12-02T04:30:08.7285578Z   DATABASE_URL: 
Ingest analytics JSONL to DB	UNKNOWN STEP	2025-12-02T04:30:08.7285761Z ##[endgroup]
Ingest analytics JSONL to DB	UNKNOWN STEP	2025-12-02T04:30:10.6047248Z npm warn deprecated rimraf@3.0.2: Rimraf versions prior to v4 are no longer supported
Ingest analytics JSONL to DB	UNKNOWN STEP	2025-12-02T04:30:10.7254223Z npm warn deprecated npmlog@6.0.2: This package is no longer supported.
Ingest analytics JSONL to DB	UNKNOWN STEP	2025-12-02T04:30:11.0259456Z npm warn deprecated inflight@1.0.6: This module is not supported, and leaks memory. Do not use it. Check out lru-cache if you want a good and tested way to coalesce async requests by a key value, which is much more comprehensive and powerful.
Ingest analytics JSONL to DB	UNKNOWN STEP	2025-12-02T04:30:11.2077091Z npm warn deprecated glob@7.2.3: Glob versions prior to v9 are no longer supported
Ingest analytics JSONL to DB	UNKNOWN STEP	2025-12-02T04:30:11.4362910Z npm warn deprecated gauge@4.0.4: This package is no longer supported.
Ingest analytics JSONL to DB	UNKNOWN STEP	2025-12-02T04:30:11.4392722Z npm warn deprecated are-we-there-yet@3.0.1: This package is no longer supported.
Ingest analytics JSONL to DB	UNKNOWN STEP	2025-12-02T04:30:11.5435308Z npm warn deprecated node-domexception@1.0.0: Use your platform's native DOMException instead
Ingest analytics JSONL to DB	UNKNOWN STEP	2025-12-02T04:30:11.5819933Z npm warn deprecated @npmcli/move-file@1.1.2: This functionality has been moved to @npmcli/fs
Ingest analytics JSONL to DB	UNKNOWN STEP	2025-12-02T04:30:20.1009092Z 
Ingest analytics JSONL to DB	UNKNOWN STEP	2025-12-02T04:30:20.1009946Z added 310 packages, and audited 311 packages in 11s
Ingest analytics JSONL to DB	UNKNOWN STEP	2025-12-02T04:30:20.1010375Z 
Ingest analytics JSONL to DB	UNKNOWN STEP	2025-12-02T04:30:20.1011168Z 52 packages are looking for funding
Ingest analytics JSONL to DB	UNKNOWN STEP	2025-12-02T04:30:20.1012056Z   run `npm fund` for details
Ingest analytics JSONL to DB	UNKNOWN STEP	2025-12-02T04:30:20.1231042Z 
Ingest analytics JSONL to DB	UNKNOWN STEP	2025-12-02T04:30:20.1231517Z 4 moderate severity vulnerabilities
Ingest analytics JSONL to DB	UNKNOWN STEP	2025-12-02T04:30:20.1231861Z 
Ingest analytics JSONL to DB	UNKNOWN STEP	2025-12-02T04:30:20.1232247Z To address all issues (including breaking changes), run:
Ingest analytics JSONL to DB	UNKNOWN STEP	2025-12-02T04:30:20.1232771Z   npm audit fix --force
Ingest analytics JSONL to DB	UNKNOWN STEP	2025-12-02T04:30:20.1232985Z 
Ingest analytics JSONL to DB	UNKNOWN STEP	2025-12-02T04:30:20.1233213Z Run `npm audit` for details.
Ingest analytics JSONL to DB	UNKNOWN STEP	2025-12-02T04:30:20.1540001Z ##[group]Run node ./scripts/ingest-analytics-worker.js
Ingest analytics JSONL to DB	UNKNOWN STEP	2025-12-02T04:30:20.1540424Z [36;1mnode ./scripts/ingest-analytics-worker.js[0m
Ingest analytics JSONL to DB	UNKNOWN STEP	2025-12-02T04:30:20.1576764Z shell: /usr/bin/bash -e {0}
Ingest analytics JSONL to DB	UNKNOWN STEP	2025-12-02T04:30:20.1577006Z env:
Ingest analytics JSONL to DB	UNKNOWN STEP	2025-12-02T04:30:20.1577204Z   NODE_OPTIONS: --max-old-space-size=512
Ingest analytics JSONL to DB	UNKNOWN STEP	2025-12-02T04:30:20.1577474Z   ANALYTICS_FILE: data/analytics.jsonl
Ingest analytics JSONL to DB	UNKNOWN STEP	2025-12-02T04:30:20.1578218Z   DATABASE_URL: 
Ingest analytics JSONL to DB	UNKNOWN STEP	2025-12-02T04:30:20.1578409Z ##[endgroup]
Ingest analytics JSONL to DB	UNKNOWN STEP	2025-12-02T04:30:20.2017339Z DATABASE_URL not set — ingestion worker disabled
Ingest analytics JSONL to DB	UNKNOWN STEP	2025-12-02T04:30:20.2196649Z Post job cleanup.
Ingest analytics JSONL to DB	UNKNOWN STEP	2025-12-02T04:30:20.4321815Z Post job cleanup.
Ingest analytics JSONL to DB	UNKNOWN STEP	2025-12-02T04:30:20.5554440Z [command]/usr/bin/git version
Ingest analytics JSONL to DB	UNKNOWN STEP	2025-12-02T04:30:20.5597108Z git version 2.51.2
Ingest analytics JSONL to DB	UNKNOWN STEP	2025-12-02T04:30:20.5644718Z Temporarily overriding HOME='/home/runner/work/_temp/016906af-9d9e-455f-aa1d-5ee911a45df2' before making global git config changes
Ingest analytics JSONL to DB	UNKNOWN STEP	2025-12-02T04:30:20.5646886Z Adding repository directory to the temporary git global config as a safe directory
Ingest analytics JSONL to DB	UNKNOWN STEP	2025-12-02T04:30:20.5650894Z [command]/usr/bin/git config --global --add safe.directory /home/runner/work/cvforge-mvp/cvforge-mvp
Ingest analytics JSONL to DB	UNKNOWN STEP	2025-12-02T04:30:20.5688531Z [command]/usr/bin/git config --local --name-only --get-regexp core\.sshCommand
Ingest analytics JSONL to DB	UNKNOWN STEP	2025-12-02T04:30:20.5722612Z [command]/usr/bin/git submodule foreach --recursive sh -c "git config --local --name-only --get-regexp 'core\.sshCommand' && git config --local --unset-all 'core.sshCommand' || :"
Ingest analytics JSONL to DB	UNKNOWN STEP	2025-12-02T04:30:20.5963460Z [command]/usr/bin/git config --local --name-only --get-regexp http\.https\:\/\/github\.com\/\.extraheader
Ingest analytics JSONL to DB	UNKNOWN STEP	2025-12-02T04:30:20.5985456Z http.https://github.com/.extraheader
Ingest analytics JSONL to DB	UNKNOWN STEP	2025-12-02T04:30:20.5998855Z [command]/usr/bin/git config --local --unset-all http.https://github.com/.extraheader
Ingest analytics JSONL to DB	UNKNOWN STEP	2025-12-02T04:30:20.6031117Z [command]/usr/bin/git submodule foreach --recursive sh -c "git config --local --name-only --get-regexp 'http\.https\:\/\/github\.com\/\.extraheader' && git config --local --unset-all 'http.https://github.com/.extraheader' || :"
Ingest analytics JSONL to DB	UNKNOWN STEP	2025-12-02T04:30:20.6262972Z [command]/usr/bin/git config --local --name-only --get-regexp ^includeIf\.gitdir:
Ingest analytics JSONL to DB	UNKNOWN STEP	2025-12-02T04:30:20.6296856Z [command]/usr/bin/git submodule foreach --recursive git config --local --show-origin --name-only --get-regexp remote.origin.url
Ingest analytics JSONL to DB	UNKNOWN STEP	2025-12-02T04:30:20.6639270Z Cleaning up orphan processes
