Ingest analytics JSONL to DB	UNKNOWN STEP	﻿2025-12-01T23:18:24.1315784Z Current runner version: '2.329.0'
Ingest analytics JSONL to DB	UNKNOWN STEP	2025-12-01T23:18:24.1340110Z ##[group]Runner Image Provisioner
Ingest analytics JSONL to DB	UNKNOWN STEP	2025-12-01T23:18:24.1340866Z Hosted Compute Agent
Ingest analytics JSONL to DB	UNKNOWN STEP	2025-12-01T23:18:24.1341423Z Version: 20251016.436
Ingest analytics JSONL to DB	UNKNOWN STEP	2025-12-01T23:18:24.1342385Z Commit: 8ab8ac8bfd662a3739dab9fe09456aba92132568
Ingest analytics JSONL to DB	UNKNOWN STEP	2025-12-01T23:18:24.1343144Z Build Date: 2025-10-15T20:44:12Z
Ingest analytics JSONL to DB	UNKNOWN STEP	2025-12-01T23:18:24.1343790Z ##[endgroup]
Ingest analytics JSONL to DB	UNKNOWN STEP	2025-12-01T23:18:24.1344328Z ##[group]Operating System
Ingest analytics JSONL to DB	UNKNOWN STEP	2025-12-01T23:18:24.1344912Z Ubuntu
Ingest analytics JSONL to DB	UNKNOWN STEP	2025-12-01T23:18:24.1345358Z 24.04.3
Ingest analytics JSONL to DB	UNKNOWN STEP	2025-12-01T23:18:24.1345860Z LTS
Ingest analytics JSONL to DB	UNKNOWN STEP	2025-12-01T23:18:24.1346311Z ##[endgroup]
Ingest analytics JSONL to DB	UNKNOWN STEP	2025-12-01T23:18:24.1346844Z ##[group]Runner Image
Ingest analytics JSONL to DB	UNKNOWN STEP	2025-12-01T23:18:24.1347373Z Image: ubuntu-24.04
Ingest analytics JSONL to DB	UNKNOWN STEP	2025-12-01T23:18:24.1348004Z Version: 20251112.124.1
Ingest analytics JSONL to DB	UNKNOWN STEP	2025-12-01T23:18:24.1349025Z Included Software: https://github.com/actions/runner-images/blob/ubuntu24/20251112.124/images/ubuntu/Ubuntu2404-Readme.md
Ingest analytics JSONL to DB	UNKNOWN STEP	2025-12-01T23:18:24.1350798Z Image Release: https://github.com/actions/runner-images/releases/tag/ubuntu24%2F20251112.124
Ingest analytics JSONL to DB	UNKNOWN STEP	2025-12-01T23:18:24.1352025Z ##[endgroup]
Ingest analytics JSONL to DB	UNKNOWN STEP	2025-12-01T23:18:24.1353466Z ##[group]GITHUB_TOKEN Permissions
Ingest analytics JSONL to DB	UNKNOWN STEP	2025-12-01T23:18:24.1355358Z Contents: read
Ingest analytics JSONL to DB	UNKNOWN STEP	2025-12-01T23:18:24.1355941Z Metadata: read
Ingest analytics JSONL to DB	UNKNOWN STEP	2025-12-01T23:18:24.1356533Z Packages: read
Ingest analytics JSONL to DB	UNKNOWN STEP	2025-12-01T23:18:24.1357099Z ##[endgroup]
Ingest analytics JSONL to DB	UNKNOWN STEP	2025-12-01T23:18:24.1359236Z Secret source: Actions
Ingest analytics JSONL to DB	UNKNOWN STEP	2025-12-01T23:18:24.1360114Z Prepare workflow directory
Ingest analytics JSONL to DB	UNKNOWN STEP	2025-12-01T23:18:24.2044747Z Prepare all required actions
Ingest analytics JSONL to DB	UNKNOWN STEP	2025-12-01T23:18:24.2099756Z Getting action download info
Ingest analytics JSONL to DB	UNKNOWN STEP	2025-12-01T23:18:24.4880249Z Download action repository 'actions/checkout@v4' (SHA:34e114876b0b11c390a56381ad16ebd13914f8d5)
Ingest analytics JSONL to DB	UNKNOWN STEP	2025-12-01T23:18:24.9846998Z Download action repository 'actions/setup-node@v4' (SHA:49933ea5288caeca8642d1e84afbd3f7d6820020)
Ingest analytics JSONL to DB	UNKNOWN STEP	2025-12-01T23:18:25.2053512Z Complete job name: Ingest analytics JSONL to DB
Ingest analytics JSONL to DB	UNKNOWN STEP	2025-12-01T23:18:25.2747798Z ##[group]Run actions/checkout@v4
Ingest analytics JSONL to DB	UNKNOWN STEP	2025-12-01T23:18:25.2748641Z with:
Ingest analytics JSONL to DB	UNKNOWN STEP	2025-12-01T23:18:25.2749078Z   repository: Tris247/cvforge-mvp
Ingest analytics JSONL to DB	UNKNOWN STEP	2025-12-01T23:18:25.2749746Z   token: ***
Ingest analytics JSONL to DB	UNKNOWN STEP	2025-12-01T23:18:25.2750184Z   ssh-strict: true
Ingest analytics JSONL to DB	UNKNOWN STEP	2025-12-01T23:18:25.2750614Z   ssh-user: git
Ingest analytics JSONL to DB	UNKNOWN STEP	2025-12-01T23:18:25.2751051Z   persist-credentials: true
Ingest analytics JSONL to DB	UNKNOWN STEP	2025-12-01T23:18:25.2751509Z   clean: true
Ingest analytics JSONL to DB	UNKNOWN STEP	2025-12-01T23:18:25.2752112Z   sparse-checkout-cone-mode: true
Ingest analytics JSONL to DB	UNKNOWN STEP	2025-12-01T23:18:25.2752599Z   fetch-depth: 1
Ingest analytics JSONL to DB	UNKNOWN STEP	2025-12-01T23:18:25.2752989Z   fetch-tags: false
Ingest analytics JSONL to DB	UNKNOWN STEP	2025-12-01T23:18:25.2753401Z   show-progress: true
Ingest analytics JSONL to DB	UNKNOWN STEP	2025-12-01T23:18:25.2753829Z   lfs: false
Ingest analytics JSONL to DB	UNKNOWN STEP	2025-12-01T23:18:25.2754245Z   submodules: false
Ingest analytics JSONL to DB	UNKNOWN STEP	2025-12-01T23:18:25.2754724Z   set-safe-directory: true
Ingest analytics JSONL to DB	UNKNOWN STEP	2025-12-01T23:18:25.2755419Z env:
Ingest analytics JSONL to DB	UNKNOWN STEP	2025-12-01T23:18:25.2755892Z   NODE_OPTIONS: --max-old-space-size=512
Ingest analytics JSONL to DB	UNKNOWN STEP	2025-12-01T23:18:25.2756444Z   ANALYTICS_FILE: data/analytics.jsonl
Ingest analytics JSONL to DB	UNKNOWN STEP	2025-12-01T23:18:25.2756951Z   DATABASE_URL: 
Ingest analytics JSONL to DB	UNKNOWN STEP	2025-12-01T23:18:25.2757330Z ##[endgroup]
Ingest analytics JSONL to DB	UNKNOWN STEP	2025-12-01T23:18:25.4104951Z Syncing repository: Tris247/cvforge-mvp
Ingest analytics JSONL to DB	UNKNOWN STEP	2025-12-01T23:18:25.4106705Z ##[group]Getting Git version info
Ingest analytics JSONL to DB	UNKNOWN STEP	2025-12-01T23:18:25.4107443Z Working directory is '/home/runner/work/cvforge-mvp/cvforge-mvp'
Ingest analytics JSONL to DB	UNKNOWN STEP	2025-12-01T23:18:25.4108457Z [command]/usr/bin/git version
Ingest analytics JSONL to DB	UNKNOWN STEP	2025-12-01T23:18:25.4219429Z git version 2.51.2
Ingest analytics JSONL to DB	UNKNOWN STEP	2025-12-01T23:18:25.4246290Z ##[endgroup]
Ingest analytics JSONL to DB	UNKNOWN STEP	2025-12-01T23:18:25.4261517Z Temporarily overriding HOME='/home/runner/work/_temp/d298a91b-0834-4849-a912-88b8ae2b0dc2' before making global git config changes
Ingest analytics JSONL to DB	UNKNOWN STEP	2025-12-01T23:18:25.4263146Z Adding repository directory to the temporary git global config as a safe directory
Ingest analytics JSONL to DB	UNKNOWN STEP	2025-12-01T23:18:25.4275238Z [command]/usr/bin/git config --global --add safe.directory /home/runner/work/cvforge-mvp/cvforge-mvp
Ingest analytics JSONL to DB	UNKNOWN STEP	2025-12-01T23:18:25.4314878Z Deleting the contents of '/home/runner/work/cvforge-mvp/cvforge-mvp'
Ingest analytics JSONL to DB	UNKNOWN STEP	2025-12-01T23:18:25.4318935Z ##[group]Initializing the repository
Ingest analytics JSONL to DB	UNKNOWN STEP	2025-12-01T23:18:25.4324167Z [command]/usr/bin/git init /home/runner/work/cvforge-mvp/cvforge-mvp
Ingest analytics JSONL to DB	UNKNOWN STEP	2025-12-01T23:18:25.4443495Z hint: Using 'master' as the name for the initial branch. This default branch name
Ingest analytics JSONL to DB	UNKNOWN STEP	2025-12-01T23:18:25.4444533Z hint: is subject to change. To configure the initial branch name to use in all
Ingest analytics JSONL to DB	UNKNOWN STEP	2025-12-01T23:18:25.4445751Z hint: of your new repositories, which will suppress this warning, call:
Ingest analytics JSONL to DB	UNKNOWN STEP	2025-12-01T23:18:25.4446454Z hint:
Ingest analytics JSONL to DB	UNKNOWN STEP	2025-12-01T23:18:25.4447091Z hint: 	git config --global init.defaultBranch <name>
Ingest analytics JSONL to DB	UNKNOWN STEP	2025-12-01T23:18:25.4448109Z hint:
Ingest analytics JSONL to DB	UNKNOWN STEP	2025-12-01T23:18:25.4449106Z hint: Names commonly chosen instead of 'master' are 'main', 'trunk' and
Ingest analytics JSONL to DB	UNKNOWN STEP	2025-12-01T23:18:25.4450893Z hint: 'development'. The just-created branch can be renamed via this command:
Ingest analytics JSONL to DB	UNKNOWN STEP	2025-12-01T23:18:25.4452452Z hint:
Ingest analytics JSONL to DB	UNKNOWN STEP	2025-12-01T23:18:25.4452956Z hint: 	git branch -m <name>
Ingest analytics JSONL to DB	UNKNOWN STEP	2025-12-01T23:18:25.4453446Z hint:
Ingest analytics JSONL to DB	UNKNOWN STEP	2025-12-01T23:18:25.4454133Z hint: Disable this message with "git config set advice.defaultBranchName false"
Ingest analytics JSONL to DB	UNKNOWN STEP	2025-12-01T23:18:25.4455264Z Initialized empty Git repository in /home/runner/work/cvforge-mvp/cvforge-mvp/.git/
Ingest analytics JSONL to DB	UNKNOWN STEP	2025-12-01T23:18:25.4462975Z [command]/usr/bin/git remote add origin https://github.com/Tris247/cvforge-mvp
Ingest analytics JSONL to DB	UNKNOWN STEP	2025-12-01T23:18:25.4497184Z ##[endgroup]
Ingest analytics JSONL to DB	UNKNOWN STEP	2025-12-01T23:18:25.4498280Z ##[group]Disabling automatic garbage collection
Ingest analytics JSONL to DB	UNKNOWN STEP	2025-12-01T23:18:25.4500979Z [command]/usr/bin/git config --local gc.auto 0
Ingest analytics JSONL to DB	UNKNOWN STEP	2025-12-01T23:18:25.4528826Z ##[endgroup]
Ingest analytics JSONL to DB	UNKNOWN STEP	2025-12-01T23:18:25.4529498Z ##[group]Setting up auth
Ingest analytics JSONL to DB	UNKNOWN STEP	2025-12-01T23:18:25.4535592Z [command]/usr/bin/git config --local --name-only --get-regexp core\.sshCommand
Ingest analytics JSONL to DB	UNKNOWN STEP	2025-12-01T23:18:25.4564823Z [command]/usr/bin/git submodule foreach --recursive sh -c "git config --local --name-only --get-regexp 'core\.sshCommand' && git config --local --unset-all 'core.sshCommand' || :"
Ingest analytics JSONL to DB	UNKNOWN STEP	2025-12-01T23:18:25.4932929Z [command]/usr/bin/git config --local --name-only --get-regexp http\.https\:\/\/github\.com\/\.extraheader
Ingest analytics JSONL to DB	UNKNOWN STEP	2025-12-01T23:18:25.4962484Z [command]/usr/bin/git submodule foreach --recursive sh -c "git config --local --name-only --get-regexp 'http\.https\:\/\/github\.com\/\.extraheader' && git config --local --unset-all 'http.https://github.com/.extraheader' || :"
Ingest analytics JSONL to DB	UNKNOWN STEP	2025-12-01T23:18:25.5180745Z [command]/usr/bin/git config --local --name-only --get-regexp ^includeIf\.gitdir:
Ingest analytics JSONL to DB	UNKNOWN STEP	2025-12-01T23:18:25.5212719Z [command]/usr/bin/git submodule foreach --recursive git config --local --show-origin --name-only --get-regexp remote.origin.url
Ingest analytics JSONL to DB	UNKNOWN STEP	2025-12-01T23:18:25.5447406Z [command]/usr/bin/git config --local http.https://github.com/.extraheader AUTHORIZATION: basic ***
Ingest analytics JSONL to DB	UNKNOWN STEP	2025-12-01T23:18:25.5482896Z ##[endgroup]
Ingest analytics JSONL to DB	UNKNOWN STEP	2025-12-01T23:18:25.5483745Z ##[group]Fetching the repository
Ingest analytics JSONL to DB	UNKNOWN STEP	2025-12-01T23:18:25.5492315Z [command]/usr/bin/git -c protocol.version=2 fetch --no-tags --prune --no-recurse-submodules --depth=1 origin +df5aaa561df9ccc480e7b7cff2e8d1d3c7cbbc4a:refs/remotes/origin/feat/postgres-ci-migration
Ingest analytics JSONL to DB	UNKNOWN STEP	2025-12-01T23:18:25.8152275Z From https://github.com/Tris247/cvforge-mvp
Ingest analytics JSONL to DB	UNKNOWN STEP	2025-12-01T23:18:25.8154314Z  * [new ref]         df5aaa561df9ccc480e7b7cff2e8d1d3c7cbbc4a -> origin/feat/postgres-ci-migration
Ingest analytics JSONL to DB	UNKNOWN STEP	2025-12-01T23:18:25.8186806Z ##[endgroup]
Ingest analytics JSONL to DB	UNKNOWN STEP	2025-12-01T23:18:25.8187982Z ##[group]Determining the checkout info
Ingest analytics JSONL to DB	UNKNOWN STEP	2025-12-01T23:18:25.8189432Z ##[endgroup]
Ingest analytics JSONL to DB	UNKNOWN STEP	2025-12-01T23:18:25.8195070Z [command]/usr/bin/git sparse-checkout disable
Ingest analytics JSONL to DB	UNKNOWN STEP	2025-12-01T23:18:25.8280738Z [command]/usr/bin/git config --local --unset-all extensions.worktreeConfig
Ingest analytics JSONL to DB	UNKNOWN STEP	2025-12-01T23:18:25.8283005Z ##[group]Checking out the ref
Ingest analytics JSONL to DB	UNKNOWN STEP	2025-12-01T23:18:25.8284094Z [command]/usr/bin/git checkout --progress --force -B feat/postgres-ci-migration refs/remotes/origin/feat/postgres-ci-migration
Ingest analytics JSONL to DB	UNKNOWN STEP	2025-12-01T23:18:25.8414816Z Switched to a new branch 'feat/postgres-ci-migration'
Ingest analytics JSONL to DB	UNKNOWN STEP	2025-12-01T23:18:25.8417735Z branch 'feat/postgres-ci-migration' set up to track 'origin/feat/postgres-ci-migration'.
Ingest analytics JSONL to DB	UNKNOWN STEP	2025-12-01T23:18:25.8424609Z ##[endgroup]
Ingest analytics JSONL to DB	UNKNOWN STEP	2025-12-01T23:18:25.8457450Z [command]/usr/bin/git log -1 --format=%H
Ingest analytics JSONL to DB	UNKNOWN STEP	2025-12-01T23:18:25.8478442Z df5aaa561df9ccc480e7b7cff2e8d1d3c7cbbc4a
Ingest analytics JSONL to DB	UNKNOWN STEP	2025-12-01T23:18:25.8717243Z ##[group]Run actions/setup-node@v4
Ingest analytics JSONL to DB	UNKNOWN STEP	2025-12-01T23:18:25.8717838Z with:
Ingest analytics JSONL to DB	UNKNOWN STEP	2025-12-01T23:18:25.8718218Z   node-version: 18
Ingest analytics JSONL to DB	UNKNOWN STEP	2025-12-01T23:18:25.8718653Z   always-auth: false
Ingest analytics JSONL to DB	UNKNOWN STEP	2025-12-01T23:18:25.8719093Z   check-latest: false
Ingest analytics JSONL to DB	UNKNOWN STEP	2025-12-01T23:18:25.8719701Z   token: ***
Ingest analytics JSONL to DB	UNKNOWN STEP	2025-12-01T23:18:25.8720289Z env:
Ingest analytics JSONL to DB	UNKNOWN STEP	2025-12-01T23:18:25.8720728Z   NODE_OPTIONS: --max-old-space-size=512
Ingest analytics JSONL to DB	UNKNOWN STEP	2025-12-01T23:18:25.8721301Z   ANALYTICS_FILE: data/analytics.jsonl
Ingest analytics JSONL to DB	UNKNOWN STEP	2025-12-01T23:18:25.8722062Z   DATABASE_URL: 
Ingest analytics JSONL to DB	UNKNOWN STEP	2025-12-01T23:18:25.8722470Z ##[endgroup]
Ingest analytics JSONL to DB	UNKNOWN STEP	2025-12-01T23:18:26.1263093Z Attempting to download 18...
Ingest analytics JSONL to DB	UNKNOWN STEP	2025-12-01T23:18:26.6138842Z Acquiring 18.20.8 - x64 from https://github.com/actions/node-versions/releases/download/18.20.8-14110393767/node-18.20.8-linux-x64.tar.gz
Ingest analytics JSONL to DB	UNKNOWN STEP	2025-12-01T23:18:27.0823685Z Extracting ...
Ingest analytics JSONL to DB	UNKNOWN STEP	2025-12-01T23:18:27.0969995Z [command]/usr/bin/tar xz --strip 1 --warning=no-unknown-keyword --overwrite -C /home/runner/work/_temp/47ba1b19-88ed-4f8e-9d27-f0826641fc19 -f /home/runner/work/_temp/80c32c74-c91b-4a3e-aadb-8efd5f683371
Ingest analytics JSONL to DB	UNKNOWN STEP	2025-12-01T23:18:28.0448562Z Adding to the cache ...
Ingest analytics JSONL to DB	UNKNOWN STEP	2025-12-01T23:18:29.7079035Z ##[group]Environment details
Ingest analytics JSONL to DB	UNKNOWN STEP	2025-12-01T23:18:30.0406429Z node: v18.20.8
Ingest analytics JSONL to DB	UNKNOWN STEP	2025-12-01T23:18:30.0406906Z npm: 10.8.2
Ingest analytics JSONL to DB	UNKNOWN STEP	2025-12-01T23:18:30.0407353Z yarn: 1.22.22
Ingest analytics JSONL to DB	UNKNOWN STEP	2025-12-01T23:18:30.0408116Z ##[endgroup]
Ingest analytics JSONL to DB	UNKNOWN STEP	2025-12-01T23:18:30.0563035Z ##[group]Run npm ci
Ingest analytics JSONL to DB	UNKNOWN STEP	2025-12-01T23:18:30.0563331Z [36;1mnpm ci[0m
Ingest analytics JSONL to DB	UNKNOWN STEP	2025-12-01T23:18:30.0601871Z shell: /usr/bin/bash -e {0}
Ingest analytics JSONL to DB	UNKNOWN STEP	2025-12-01T23:18:30.0602138Z env:
Ingest analytics JSONL to DB	UNKNOWN STEP	2025-12-01T23:18:30.0602350Z   NODE_OPTIONS: --max-old-space-size=512
Ingest analytics JSONL to DB	UNKNOWN STEP	2025-12-01T23:18:30.0602628Z   ANALYTICS_FILE: data/analytics.jsonl
Ingest analytics JSONL to DB	UNKNOWN STEP	2025-12-01T23:18:30.0602868Z   DATABASE_URL: 
Ingest analytics JSONL to DB	UNKNOWN STEP	2025-12-01T23:18:30.0603089Z ##[endgroup]
Ingest analytics JSONL to DB	UNKNOWN STEP	2025-12-01T23:18:31.8743187Z npm warn deprecated rimraf@3.0.2: Rimraf versions prior to v4 are no longer supported
Ingest analytics JSONL to DB	UNKNOWN STEP	2025-12-01T23:18:32.2002509Z npm warn deprecated npmlog@6.0.2: This package is no longer supported.
Ingest analytics JSONL to DB	UNKNOWN STEP	2025-12-01T23:18:32.4251459Z npm warn deprecated inflight@1.0.6: This module is not supported, and leaks memory. Do not use it. Check out lru-cache if you want a good and tested way to coalesce async requests by a key value, which is much more comprehensive and powerful.
Ingest analytics JSONL to DB	UNKNOWN STEP	2025-12-01T23:18:32.6048825Z npm warn deprecated glob@7.2.3: Glob versions prior to v9 are no longer supported
Ingest analytics JSONL to DB	UNKNOWN STEP	2025-12-01T23:18:32.8194529Z npm warn deprecated gauge@4.0.4: This package is no longer supported.
Ingest analytics JSONL to DB	UNKNOWN STEP	2025-12-01T23:18:32.8859658Z npm warn deprecated node-domexception@1.0.0: Use your platform's native DOMException instead
Ingest analytics JSONL to DB	UNKNOWN STEP	2025-12-01T23:18:33.0314347Z npm warn deprecated are-we-there-yet@3.0.1: This package is no longer supported.
Ingest analytics JSONL to DB	UNKNOWN STEP	2025-12-01T23:18:33.1841169Z npm warn deprecated @npmcli/move-file@1.1.2: This functionality has been moved to @npmcli/fs
Ingest analytics JSONL to DB	UNKNOWN STEP	2025-12-01T23:18:41.9036869Z 
Ingest analytics JSONL to DB	UNKNOWN STEP	2025-12-01T23:18:41.9038593Z added 310 packages, and audited 311 packages in 12s
Ingest analytics JSONL to DB	UNKNOWN STEP	2025-12-01T23:18:41.9039055Z 
Ingest analytics JSONL to DB	UNKNOWN STEP	2025-12-01T23:18:41.9039300Z 52 packages are looking for funding
Ingest analytics JSONL to DB	UNKNOWN STEP	2025-12-01T23:18:41.9052955Z   run `npm fund` for details
Ingest analytics JSONL to DB	UNKNOWN STEP	2025-12-01T23:18:41.9255184Z 
Ingest analytics JSONL to DB	UNKNOWN STEP	2025-12-01T23:18:41.9255770Z 4 moderate severity vulnerabilities
Ingest analytics JSONL to DB	UNKNOWN STEP	2025-12-01T23:18:41.9256211Z 
Ingest analytics JSONL to DB	UNKNOWN STEP	2025-12-01T23:18:41.9256652Z To address all issues (including breaking changes), run:
Ingest analytics JSONL to DB	UNKNOWN STEP	2025-12-01T23:18:41.9257245Z   npm audit fix --force
Ingest analytics JSONL to DB	UNKNOWN STEP	2025-12-01T23:18:41.9257515Z 
Ingest analytics JSONL to DB	UNKNOWN STEP	2025-12-01T23:18:41.9257790Z Run `npm audit` for details.
Ingest analytics JSONL to DB	UNKNOWN STEP	2025-12-01T23:18:41.9526583Z ##[group]Run node ./scripts/ingest-analytics-worker.js
Ingest analytics JSONL to DB	UNKNOWN STEP	2025-12-01T23:18:41.9526981Z [36;1mnode ./scripts/ingest-analytics-worker.js[0m
Ingest analytics JSONL to DB	UNKNOWN STEP	2025-12-01T23:18:41.9561317Z shell: /usr/bin/bash -e {0}
Ingest analytics JSONL to DB	UNKNOWN STEP	2025-12-01T23:18:41.9561544Z env:
Ingest analytics JSONL to DB	UNKNOWN STEP	2025-12-01T23:18:41.9561932Z   NODE_OPTIONS: --max-old-space-size=512
Ingest analytics JSONL to DB	UNKNOWN STEP	2025-12-01T23:18:41.9562217Z   ANALYTICS_FILE: data/analytics.jsonl
Ingest analytics JSONL to DB	UNKNOWN STEP	2025-12-01T23:18:41.9562463Z   DATABASE_URL: 
Ingest analytics JSONL to DB	UNKNOWN STEP	2025-12-01T23:18:41.9562644Z ##[endgroup]
Ingest analytics JSONL to DB	UNKNOWN STEP	2025-12-01T23:18:41.9957800Z DATABASE_URL not set — ingestion worker disabled
Ingest analytics JSONL to DB	UNKNOWN STEP	2025-12-01T23:18:42.0125868Z Post job cleanup.
Ingest analytics JSONL to DB	UNKNOWN STEP	2025-12-01T23:18:42.2090585Z Post job cleanup.
Ingest analytics JSONL to DB	UNKNOWN STEP	2025-12-01T23:18:42.3312269Z [command]/usr/bin/git version
Ingest analytics JSONL to DB	UNKNOWN STEP	2025-12-01T23:18:42.3348841Z git version 2.51.2
Ingest analytics JSONL to DB	UNKNOWN STEP	2025-12-01T23:18:42.3391376Z Temporarily overriding HOME='/home/runner/work/_temp/2394c412-6484-4446-8a1a-5c7221b38bba' before making global git config changes
Ingest analytics JSONL to DB	UNKNOWN STEP	2025-12-01T23:18:42.3393041Z Adding repository directory to the temporary git global config as a safe directory
Ingest analytics JSONL to DB	UNKNOWN STEP	2025-12-01T23:18:42.3397115Z [command]/usr/bin/git config --global --add safe.directory /home/runner/work/cvforge-mvp/cvforge-mvp
Ingest analytics JSONL to DB	UNKNOWN STEP	2025-12-01T23:18:42.3432099Z [command]/usr/bin/git config --local --name-only --get-regexp core\.sshCommand
Ingest analytics JSONL to DB	UNKNOWN STEP	2025-12-01T23:18:42.3463798Z [command]/usr/bin/git submodule foreach --recursive sh -c "git config --local --name-only --get-regexp 'core\.sshCommand' && git config --local --unset-all 'core.sshCommand' || :"
Ingest analytics JSONL to DB	UNKNOWN STEP	2025-12-01T23:18:42.3690563Z [command]/usr/bin/git config --local --name-only --get-regexp http\.https\:\/\/github\.com\/\.extraheader
Ingest analytics JSONL to DB	UNKNOWN STEP	2025-12-01T23:18:42.3711158Z http.https://github.com/.extraheader
Ingest analytics JSONL to DB	UNKNOWN STEP	2025-12-01T23:18:42.3724884Z [command]/usr/bin/git config --local --unset-all http.https://github.com/.extraheader
Ingest analytics JSONL to DB	UNKNOWN STEP	2025-12-01T23:18:42.3756000Z [command]/usr/bin/git submodule foreach --recursive sh -c "git config --local --name-only --get-regexp 'http\.https\:\/\/github\.com\/\.extraheader' && git config --local --unset-all 'http.https://github.com/.extraheader' || :"
Ingest analytics JSONL to DB	UNKNOWN STEP	2025-12-01T23:18:42.3978125Z [command]/usr/bin/git config --local --name-only --get-regexp ^includeIf\.gitdir:
Ingest analytics JSONL to DB	UNKNOWN STEP	2025-12-01T23:18:42.4011263Z [command]/usr/bin/git submodule foreach --recursive git config --local --show-origin --name-only --get-regexp remote.origin.url
Ingest analytics JSONL to DB	UNKNOWN STEP	2025-12-01T23:18:42.4338415Z Cleaning up orphan processes
