Ingest analytics JSONL to DB	UNKNOWN STEP	﻿2025-12-02T05:19:15.4185427Z Current runner version: '2.329.0'
Ingest analytics JSONL to DB	UNKNOWN STEP	2025-12-02T05:19:15.4220742Z ##[group]Runner Image Provisioner
Ingest analytics JSONL to DB	UNKNOWN STEP	2025-12-02T05:19:15.4222138Z Hosted Compute Agent
Ingest analytics JSONL to DB	UNKNOWN STEP	2025-12-02T05:19:15.4223166Z Version: 20251016.436
Ingest analytics JSONL to DB	UNKNOWN STEP	2025-12-02T05:19:15.4224250Z Commit: 8ab8ac8bfd662a3739dab9fe09456aba92132568
Ingest analytics JSONL to DB	UNKNOWN STEP	2025-12-02T05:19:15.4225448Z Build Date: 2025-10-15T20:44:12Z
Ingest analytics JSONL to DB	UNKNOWN STEP	2025-12-02T05:19:15.4226461Z ##[endgroup]
Ingest analytics JSONL to DB	UNKNOWN STEP	2025-12-02T05:19:15.4227630Z ##[group]Operating System
Ingest analytics JSONL to DB	UNKNOWN STEP	2025-12-02T05:19:15.4228714Z Ubuntu
Ingest analytics JSONL to DB	UNKNOWN STEP	2025-12-02T05:19:15.4229579Z 24.04.3
Ingest analytics JSONL to DB	UNKNOWN STEP	2025-12-02T05:19:15.4230424Z LTS
Ingest analytics JSONL to DB	UNKNOWN STEP	2025-12-02T05:19:15.4231431Z ##[endgroup]
Ingest analytics JSONL to DB	UNKNOWN STEP	2025-12-02T05:19:15.4232395Z ##[group]Runner Image
Ingest analytics JSONL to DB	UNKNOWN STEP	2025-12-02T05:19:15.4233455Z Image: ubuntu-24.04
Ingest analytics JSONL to DB	UNKNOWN STEP	2025-12-02T05:19:15.4234318Z Version: 20251112.124.1
Ingest analytics JSONL to DB	UNKNOWN STEP	2025-12-02T05:19:15.4236233Z Included Software: https://github.com/actions/runner-images/blob/ubuntu24/20251112.124/images/ubuntu/Ubuntu2404-Readme.md
Ingest analytics JSONL to DB	UNKNOWN STEP	2025-12-02T05:19:15.4239006Z Image Release: https://github.com/actions/runner-images/releases/tag/ubuntu24%2F20251112.124
Ingest analytics JSONL to DB	UNKNOWN STEP	2025-12-02T05:19:15.4240763Z ##[endgroup]
Ingest analytics JSONL to DB	UNKNOWN STEP	2025-12-02T05:19:15.4242735Z ##[group]GITHUB_TOKEN Permissions
Ingest analytics JSONL to DB	UNKNOWN STEP	2025-12-02T05:19:15.4245770Z Contents: read
Ingest analytics JSONL to DB	UNKNOWN STEP	2025-12-02T05:19:15.4246683Z Metadata: read
Ingest analytics JSONL to DB	UNKNOWN STEP	2025-12-02T05:19:15.4247483Z Packages: read
Ingest analytics JSONL to DB	UNKNOWN STEP	2025-12-02T05:19:15.4248495Z ##[endgroup]
Ingest analytics JSONL to DB	UNKNOWN STEP	2025-12-02T05:19:15.4251621Z Secret source: Actions
Ingest analytics JSONL to DB	UNKNOWN STEP	2025-12-02T05:19:15.4252799Z Prepare workflow directory
Ingest analytics JSONL to DB	UNKNOWN STEP	2025-12-02T05:19:15.5006088Z Prepare all required actions
Ingest analytics JSONL to DB	UNKNOWN STEP	2025-12-02T05:19:15.5066462Z Getting action download info
Ingest analytics JSONL to DB	UNKNOWN STEP	2025-12-02T05:19:15.7879308Z Download action repository 'actions/checkout@v4' (SHA:34e114876b0b11c390a56381ad16ebd13914f8d5)
Ingest analytics JSONL to DB	UNKNOWN STEP	2025-12-02T05:19:16.1692130Z Download action repository 'actions/setup-node@v4' (SHA:49933ea5288caeca8642d1e84afbd3f7d6820020)
Ingest analytics JSONL to DB	UNKNOWN STEP	2025-12-02T05:19:16.3212107Z Complete job name: Ingest analytics JSONL to DB
Ingest analytics JSONL to DB	UNKNOWN STEP	2025-12-02T05:19:16.3916889Z ##[group]Run actions/checkout@v4
Ingest analytics JSONL to DB	UNKNOWN STEP	2025-12-02T05:19:16.3917754Z with:
Ingest analytics JSONL to DB	UNKNOWN STEP	2025-12-02T05:19:16.3918225Z   repository: Tris247/cvforge-mvp
Ingest analytics JSONL to DB	UNKNOWN STEP	2025-12-02T05:19:16.3918901Z   token: ***
Ingest analytics JSONL to DB	UNKNOWN STEP	2025-12-02T05:19:16.3919316Z   ssh-strict: true
Ingest analytics JSONL to DB	UNKNOWN STEP	2025-12-02T05:19:16.3919722Z   ssh-user: git
Ingest analytics JSONL to DB	UNKNOWN STEP	2025-12-02T05:19:16.3920144Z   persist-credentials: true
Ingest analytics JSONL to DB	UNKNOWN STEP	2025-12-02T05:19:16.3920598Z   clean: true
Ingest analytics JSONL to DB	UNKNOWN STEP	2025-12-02T05:19:16.3921267Z   sparse-checkout-cone-mode: true
Ingest analytics JSONL to DB	UNKNOWN STEP	2025-12-02T05:19:16.3921923Z   fetch-depth: 1
Ingest analytics JSONL to DB	UNKNOWN STEP	2025-12-02T05:19:16.3922342Z   fetch-tags: false
Ingest analytics JSONL to DB	UNKNOWN STEP	2025-12-02T05:19:16.3922756Z   show-progress: true
Ingest analytics JSONL to DB	UNKNOWN STEP	2025-12-02T05:19:16.3923177Z   lfs: false
Ingest analytics JSONL to DB	UNKNOWN STEP	2025-12-02T05:19:16.3923579Z   submodules: false
Ingest analytics JSONL to DB	UNKNOWN STEP	2025-12-02T05:19:16.3924000Z   set-safe-directory: true
Ingest analytics JSONL to DB	UNKNOWN STEP	2025-12-02T05:19:16.3924738Z env:
Ingest analytics JSONL to DB	UNKNOWN STEP	2025-12-02T05:19:16.3925174Z   NODE_OPTIONS: --max-old-space-size=512
Ingest analytics JSONL to DB	UNKNOWN STEP	2025-12-02T05:19:16.3925747Z   ANALYTICS_FILE: data/analytics.jsonl
Ingest analytics JSONL to DB	UNKNOWN STEP	2025-12-02T05:19:16.3926253Z   DATABASE_URL: 
Ingest analytics JSONL to DB	UNKNOWN STEP	2025-12-02T05:19:16.3926663Z ##[endgroup]
Ingest analytics JSONL to DB	UNKNOWN STEP	2025-12-02T05:19:16.5363223Z Syncing repository: Tris247/cvforge-mvp
Ingest analytics JSONL to DB	UNKNOWN STEP	2025-12-02T05:19:16.5366101Z ##[group]Getting Git version info
Ingest analytics JSONL to DB	UNKNOWN STEP	2025-12-02T05:19:16.5367300Z Working directory is '/home/runner/work/cvforge-mvp/cvforge-mvp'
Ingest analytics JSONL to DB	UNKNOWN STEP	2025-12-02T05:19:16.5369022Z [command]/usr/bin/git version
Ingest analytics JSONL to DB	UNKNOWN STEP	2025-12-02T05:19:16.5461934Z git version 2.51.2
Ingest analytics JSONL to DB	UNKNOWN STEP	2025-12-02T05:19:16.5489201Z ##[endgroup]
Ingest analytics JSONL to DB	UNKNOWN STEP	2025-12-02T05:19:16.5506260Z Temporarily overriding HOME='/home/runner/work/_temp/1e1334c1-a071-4147-8d35-8d9e5c1f645c' before making global git config changes
Ingest analytics JSONL to DB	UNKNOWN STEP	2025-12-02T05:19:16.5508849Z Adding repository directory to the temporary git global config as a safe directory
Ingest analytics JSONL to DB	UNKNOWN STEP	2025-12-02T05:19:16.5521852Z [command]/usr/bin/git config --global --add safe.directory /home/runner/work/cvforge-mvp/cvforge-mvp
Ingest analytics JSONL to DB	UNKNOWN STEP	2025-12-02T05:19:16.5563607Z Deleting the contents of '/home/runner/work/cvforge-mvp/cvforge-mvp'
Ingest analytics JSONL to DB	UNKNOWN STEP	2025-12-02T05:19:16.5566921Z ##[group]Initializing the repository
Ingest analytics JSONL to DB	UNKNOWN STEP	2025-12-02T05:19:16.5571409Z [command]/usr/bin/git init /home/runner/work/cvforge-mvp/cvforge-mvp
Ingest analytics JSONL to DB	UNKNOWN STEP	2025-12-02T05:19:16.5673329Z hint: Using 'master' as the name for the initial branch. This default branch name
Ingest analytics JSONL to DB	UNKNOWN STEP	2025-12-02T05:19:16.5674486Z hint: is subject to change. To configure the initial branch name to use in all
Ingest analytics JSONL to DB	UNKNOWN STEP	2025-12-02T05:19:16.5675672Z hint: of your new repositories, which will suppress this warning, call:
Ingest analytics JSONL to DB	UNKNOWN STEP	2025-12-02T05:19:16.5676330Z hint:
Ingest analytics JSONL to DB	UNKNOWN STEP	2025-12-02T05:19:16.5676898Z hint: 	git config --global init.defaultBranch <name>
Ingest analytics JSONL to DB	UNKNOWN STEP	2025-12-02T05:19:16.5677924Z hint:
Ingest analytics JSONL to DB	UNKNOWN STEP	2025-12-02T05:19:16.5678723Z hint: Names commonly chosen instead of 'master' are 'main', 'trunk' and
Ingest analytics JSONL to DB	UNKNOWN STEP	2025-12-02T05:19:16.5680192Z hint: 'development'. The just-created branch can be renamed via this command:
Ingest analytics JSONL to DB	UNKNOWN STEP	2025-12-02T05:19:16.5681745Z hint:
Ingest analytics JSONL to DB	UNKNOWN STEP	2025-12-02T05:19:16.5682480Z hint: 	git branch -m <name>
Ingest analytics JSONL to DB	UNKNOWN STEP	2025-12-02T05:19:16.5683285Z hint:
Ingest analytics JSONL to DB	UNKNOWN STEP	2025-12-02T05:19:16.5684353Z hint: Disable this message with "git config set advice.defaultBranchName false"
Ingest analytics JSONL to DB	UNKNOWN STEP	2025-12-02T05:19:16.5686227Z Initialized empty Git repository in /home/runner/work/cvforge-mvp/cvforge-mvp/.git/
Ingest analytics JSONL to DB	UNKNOWN STEP	2025-12-02T05:19:16.5692316Z [command]/usr/bin/git remote add origin https://github.com/Tris247/cvforge-mvp
Ingest analytics JSONL to DB	UNKNOWN STEP	2025-12-02T05:19:16.5729742Z ##[endgroup]
Ingest analytics JSONL to DB	UNKNOWN STEP	2025-12-02T05:19:16.5730931Z ##[group]Disabling automatic garbage collection
Ingest analytics JSONL to DB	UNKNOWN STEP	2025-12-02T05:19:16.5735168Z [command]/usr/bin/git config --local gc.auto 0
Ingest analytics JSONL to DB	UNKNOWN STEP	2025-12-02T05:19:16.5763503Z ##[endgroup]
Ingest analytics JSONL to DB	UNKNOWN STEP	2025-12-02T05:19:16.5764721Z ##[group]Setting up auth
Ingest analytics JSONL to DB	UNKNOWN STEP	2025-12-02T05:19:16.5771485Z [command]/usr/bin/git config --local --name-only --get-regexp core\.sshCommand
Ingest analytics JSONL to DB	UNKNOWN STEP	2025-12-02T05:19:16.5802708Z [command]/usr/bin/git submodule foreach --recursive sh -c "git config --local --name-only --get-regexp 'core\.sshCommand' && git config --local --unset-all 'core.sshCommand' || :"
Ingest analytics JSONL to DB	UNKNOWN STEP	2025-12-02T05:19:16.6153568Z [command]/usr/bin/git config --local --name-only --get-regexp http\.https\:\/\/github\.com\/\.extraheader
Ingest analytics JSONL to DB	UNKNOWN STEP	2025-12-02T05:19:16.6186569Z [command]/usr/bin/git submodule foreach --recursive sh -c "git config --local --name-only --get-regexp 'http\.https\:\/\/github\.com\/\.extraheader' && git config --local --unset-all 'http.https://github.com/.extraheader' || :"
Ingest analytics JSONL to DB	UNKNOWN STEP	2025-12-02T05:19:16.6409371Z [command]/usr/bin/git config --local --name-only --get-regexp ^includeIf\.gitdir:
Ingest analytics JSONL to DB	UNKNOWN STEP	2025-12-02T05:19:16.6441432Z [command]/usr/bin/git submodule foreach --recursive git config --local --show-origin --name-only --get-regexp remote.origin.url
Ingest analytics JSONL to DB	UNKNOWN STEP	2025-12-02T05:19:16.6670723Z [command]/usr/bin/git config --local http.https://github.com/.extraheader AUTHORIZATION: basic ***
Ingest analytics JSONL to DB	UNKNOWN STEP	2025-12-02T05:19:16.6705256Z ##[endgroup]
Ingest analytics JSONL to DB	UNKNOWN STEP	2025-12-02T05:19:16.6706500Z ##[group]Fetching the repository
Ingest analytics JSONL to DB	UNKNOWN STEP	2025-12-02T05:19:16.6715495Z [command]/usr/bin/git -c protocol.version=2 fetch --no-tags --prune --no-recurse-submodules --depth=1 origin +166d5b99f6fc694fde9912e554cba5d6d72580bd:refs/remotes/origin/feat/postgres-ci-migration
Ingest analytics JSONL to DB	UNKNOWN STEP	2025-12-02T05:19:17.1606188Z From https://github.com/Tris247/cvforge-mvp
Ingest analytics JSONL to DB	UNKNOWN STEP	2025-12-02T05:19:17.1607963Z  * [new ref]         166d5b99f6fc694fde9912e554cba5d6d72580bd -> origin/feat/postgres-ci-migration
Ingest analytics JSONL to DB	UNKNOWN STEP	2025-12-02T05:19:17.1639801Z ##[endgroup]
Ingest analytics JSONL to DB	UNKNOWN STEP	2025-12-02T05:19:17.1641872Z ##[group]Determining the checkout info
Ingest analytics JSONL to DB	UNKNOWN STEP	2025-12-02T05:19:17.1643910Z ##[endgroup]
Ingest analytics JSONL to DB	UNKNOWN STEP	2025-12-02T05:19:17.1648407Z [command]/usr/bin/git sparse-checkout disable
Ingest analytics JSONL to DB	UNKNOWN STEP	2025-12-02T05:19:17.1691588Z [command]/usr/bin/git config --local --unset-all extensions.worktreeConfig
Ingest analytics JSONL to DB	UNKNOWN STEP	2025-12-02T05:19:17.1719000Z ##[group]Checking out the ref
Ingest analytics JSONL to DB	UNKNOWN STEP	2025-12-02T05:19:17.1724297Z [command]/usr/bin/git checkout --progress --force -B feat/postgres-ci-migration refs/remotes/origin/feat/postgres-ci-migration
Ingest analytics JSONL to DB	UNKNOWN STEP	2025-12-02T05:19:17.1867368Z Switched to a new branch 'feat/postgres-ci-migration'
Ingest analytics JSONL to DB	UNKNOWN STEP	2025-12-02T05:19:17.1870879Z branch 'feat/postgres-ci-migration' set up to track 'origin/feat/postgres-ci-migration'.
Ingest analytics JSONL to DB	UNKNOWN STEP	2025-12-02T05:19:17.1878067Z ##[endgroup]
Ingest analytics JSONL to DB	UNKNOWN STEP	2025-12-02T05:19:17.1910777Z [command]/usr/bin/git log -1 --format=%H
Ingest analytics JSONL to DB	UNKNOWN STEP	2025-12-02T05:19:17.1932852Z 166d5b99f6fc694fde9912e554cba5d6d72580bd
Ingest analytics JSONL to DB	UNKNOWN STEP	2025-12-02T05:19:17.2227054Z ##[group]Run actions/setup-node@v4
Ingest analytics JSONL to DB	UNKNOWN STEP	2025-12-02T05:19:17.2228109Z with:
Ingest analytics JSONL to DB	UNKNOWN STEP	2025-12-02T05:19:17.2228792Z   node-version: 18
Ingest analytics JSONL to DB	UNKNOWN STEP	2025-12-02T05:19:17.2229585Z   always-auth: false
Ingest analytics JSONL to DB	UNKNOWN STEP	2025-12-02T05:19:17.2230397Z   check-latest: false
Ingest analytics JSONL to DB	UNKNOWN STEP	2025-12-02T05:19:17.2231728Z   token: ***
Ingest analytics JSONL to DB	UNKNOWN STEP	2025-12-02T05:19:17.2232728Z env:
Ingest analytics JSONL to DB	UNKNOWN STEP	2025-12-02T05:19:17.2233485Z   NODE_OPTIONS: --max-old-space-size=512
Ingest analytics JSONL to DB	UNKNOWN STEP	2025-12-02T05:19:17.2234599Z   ANALYTICS_FILE: data/analytics.jsonl
Ingest analytics JSONL to DB	UNKNOWN STEP	2025-12-02T05:19:17.2235636Z   DATABASE_URL: 
Ingest analytics JSONL to DB	UNKNOWN STEP	2025-12-02T05:19:17.2236385Z ##[endgroup]
Ingest analytics JSONL to DB	UNKNOWN STEP	2025-12-02T05:19:17.4343356Z Attempting to download 18...
Ingest analytics JSONL to DB	UNKNOWN STEP	2025-12-02T05:19:17.8605037Z Acquiring 18.20.8 - x64 from https://github.com/actions/node-versions/releases/download/18.20.8-14110393767/node-18.20.8-linux-x64.tar.gz
Ingest analytics JSONL to DB	UNKNOWN STEP	2025-12-02T05:19:18.3219507Z Extracting ...
Ingest analytics JSONL to DB	UNKNOWN STEP	2025-12-02T05:19:18.3339319Z [command]/usr/bin/tar xz --strip 1 --warning=no-unknown-keyword --overwrite -C /home/runner/work/_temp/4756ee36-b96e-4da9-8ec1-29feb588bc14 -f /home/runner/work/_temp/0708ecf4-32d3-4ad7-b5ec-e840217a548a
Ingest analytics JSONL to DB	UNKNOWN STEP	2025-12-02T05:19:19.2763546Z Adding to the cache ...
Ingest analytics JSONL to DB	UNKNOWN STEP	2025-12-02T05:19:20.9676371Z ##[group]Environment details
Ingest analytics JSONL to DB	UNKNOWN STEP	2025-12-02T05:19:21.2214653Z node: v18.20.8
Ingest analytics JSONL to DB	UNKNOWN STEP	2025-12-02T05:19:21.2215103Z npm: 10.8.2
Ingest analytics JSONL to DB	UNKNOWN STEP	2025-12-02T05:19:21.2215320Z yarn: 1.22.22
Ingest analytics JSONL to DB	UNKNOWN STEP	2025-12-02T05:19:21.2215927Z ##[endgroup]
Ingest analytics JSONL to DB	UNKNOWN STEP	2025-12-02T05:19:21.2365313Z ##[group]Run npm ci
Ingest analytics JSONL to DB	UNKNOWN STEP	2025-12-02T05:19:21.2365655Z [36;1mnpm ci[0m
Ingest analytics JSONL to DB	UNKNOWN STEP	2025-12-02T05:19:21.2405622Z shell: /usr/bin/bash -e {0}
Ingest analytics JSONL to DB	UNKNOWN STEP	2025-12-02T05:19:21.2405910Z env:
Ingest analytics JSONL to DB	UNKNOWN STEP	2025-12-02T05:19:21.2406158Z   NODE_OPTIONS: --max-old-space-size=512
Ingest analytics JSONL to DB	UNKNOWN STEP	2025-12-02T05:19:21.2406486Z   ANALYTICS_FILE: data/analytics.jsonl
Ingest analytics JSONL to DB	UNKNOWN STEP	2025-12-02T05:19:21.2406779Z   DATABASE_URL: 
Ingest analytics JSONL to DB	UNKNOWN STEP	2025-12-02T05:19:21.2407025Z ##[endgroup]
Ingest analytics JSONL to DB	UNKNOWN STEP	2025-12-02T05:19:23.2864791Z npm warn deprecated rimraf@3.0.2: Rimraf versions prior to v4 are no longer supported
Ingest analytics JSONL to DB	UNKNOWN STEP	2025-12-02T05:19:23.4384278Z npm warn deprecated npmlog@6.0.2: This package is no longer supported.
Ingest analytics JSONL to DB	UNKNOWN STEP	2025-12-02T05:19:23.7847706Z npm warn deprecated inflight@1.0.6: This module is not supported, and leaks memory. Do not use it. Check out lru-cache if you want a good and tested way to coalesce async requests by a key value, which is much more comprehensive and powerful.
Ingest analytics JSONL to DB	UNKNOWN STEP	2025-12-02T05:19:24.0589636Z npm warn deprecated glob@7.2.3: Glob versions prior to v9 are no longer supported
Ingest analytics JSONL to DB	UNKNOWN STEP	2025-12-02T05:19:24.2003045Z npm warn deprecated are-we-there-yet@3.0.1: This package is no longer supported.
Ingest analytics JSONL to DB	UNKNOWN STEP	2025-12-02T05:19:24.2152268Z npm warn deprecated gauge@4.0.4: This package is no longer supported.
Ingest analytics JSONL to DB	UNKNOWN STEP	2025-12-02T05:19:24.3640062Z npm warn deprecated @npmcli/move-file@1.1.2: This functionality has been moved to @npmcli/fs
Ingest analytics JSONL to DB	UNKNOWN STEP	2025-12-02T05:19:24.3750073Z npm warn deprecated node-domexception@1.0.0: Use your platform's native DOMException instead
Ingest analytics JSONL to DB	UNKNOWN STEP	2025-12-02T05:19:33.2862797Z 
Ingest analytics JSONL to DB	UNKNOWN STEP	2025-12-02T05:19:33.2863637Z added 310 packages, and audited 311 packages in 12s
Ingest analytics JSONL to DB	UNKNOWN STEP	2025-12-02T05:19:33.2867718Z 
Ingest analytics JSONL to DB	UNKNOWN STEP	2025-12-02T05:19:33.2868250Z 52 packages are looking for funding
Ingest analytics JSONL to DB	UNKNOWN STEP	2025-12-02T05:19:33.2868943Z   run `npm fund` for details
Ingest analytics JSONL to DB	UNKNOWN STEP	2025-12-02T05:19:33.3027746Z 
Ingest analytics JSONL to DB	UNKNOWN STEP	2025-12-02T05:19:33.3028355Z 4 moderate severity vulnerabilities
Ingest analytics JSONL to DB	UNKNOWN STEP	2025-12-02T05:19:33.3028772Z 
Ingest analytics JSONL to DB	UNKNOWN STEP	2025-12-02T05:19:33.3029278Z To address all issues (including breaking changes), run:
Ingest analytics JSONL to DB	UNKNOWN STEP	2025-12-02T05:19:33.3029916Z   npm audit fix --force
Ingest analytics JSONL to DB	UNKNOWN STEP	2025-12-02T05:19:33.3030243Z 
Ingest analytics JSONL to DB	UNKNOWN STEP	2025-12-02T05:19:33.3030551Z Run `npm audit` for details.
Ingest analytics JSONL to DB	UNKNOWN STEP	2025-12-02T05:19:33.3327086Z ##[group]Run node ./scripts/ingest-analytics-worker.js
Ingest analytics JSONL to DB	UNKNOWN STEP	2025-12-02T05:19:33.3327596Z [36;1mnode ./scripts/ingest-analytics-worker.js[0m
Ingest analytics JSONL to DB	UNKNOWN STEP	2025-12-02T05:19:33.3361944Z shell: /usr/bin/bash -e {0}
Ingest analytics JSONL to DB	UNKNOWN STEP	2025-12-02T05:19:33.3362170Z env:
Ingest analytics JSONL to DB	UNKNOWN STEP	2025-12-02T05:19:33.3362367Z   NODE_OPTIONS: --max-old-space-size=512
Ingest analytics JSONL to DB	UNKNOWN STEP	2025-12-02T05:19:33.3362639Z   ANALYTICS_FILE: data/analytics.jsonl
Ingest analytics JSONL to DB	UNKNOWN STEP	2025-12-02T05:19:33.3362880Z   DATABASE_URL: 
Ingest analytics JSONL to DB	UNKNOWN STEP	2025-12-02T05:19:33.3363047Z ##[endgroup]
Ingest analytics JSONL to DB	UNKNOWN STEP	2025-12-02T05:19:33.3758527Z DATABASE_URL not set — ingestion worker disabled
Ingest analytics JSONL to DB	UNKNOWN STEP	2025-12-02T05:19:33.3938568Z Post job cleanup.
Ingest analytics JSONL to DB	UNKNOWN STEP	2025-12-02T05:19:33.5907043Z Post job cleanup.
Ingest analytics JSONL to DB	UNKNOWN STEP	2025-12-02T05:19:33.7130754Z [command]/usr/bin/git version
Ingest analytics JSONL to DB	UNKNOWN STEP	2025-12-02T05:19:33.7167873Z git version 2.51.2
Ingest analytics JSONL to DB	UNKNOWN STEP	2025-12-02T05:19:33.7213056Z Temporarily overriding HOME='/home/runner/work/_temp/62c70863-c5a4-4081-a619-0acb65c88471' before making global git config changes
Ingest analytics JSONL to DB	UNKNOWN STEP	2025-12-02T05:19:33.7214511Z Adding repository directory to the temporary git global config as a safe directory
Ingest analytics JSONL to DB	UNKNOWN STEP	2025-12-02T05:19:33.7226934Z [command]/usr/bin/git config --global --add safe.directory /home/runner/work/cvforge-mvp/cvforge-mvp
Ingest analytics JSONL to DB	UNKNOWN STEP	2025-12-02T05:19:33.7262016Z [command]/usr/bin/git config --local --name-only --get-regexp core\.sshCommand
Ingest analytics JSONL to DB	UNKNOWN STEP	2025-12-02T05:19:33.7294979Z [command]/usr/bin/git submodule foreach --recursive sh -c "git config --local --name-only --get-regexp 'core\.sshCommand' && git config --local --unset-all 'core.sshCommand' || :"
Ingest analytics JSONL to DB	UNKNOWN STEP	2025-12-02T05:19:33.7524899Z [command]/usr/bin/git config --local --name-only --get-regexp http\.https\:\/\/github\.com\/\.extraheader
Ingest analytics JSONL to DB	UNKNOWN STEP	2025-12-02T05:19:33.7545795Z http.https://github.com/.extraheader
Ingest analytics JSONL to DB	UNKNOWN STEP	2025-12-02T05:19:33.7559048Z [command]/usr/bin/git config --local --unset-all http.https://github.com/.extraheader
Ingest analytics JSONL to DB	UNKNOWN STEP	2025-12-02T05:19:33.7593772Z [command]/usr/bin/git submodule foreach --recursive sh -c "git config --local --name-only --get-regexp 'http\.https\:\/\/github\.com\/\.extraheader' && git config --local --unset-all 'http.https://github.com/.extraheader' || :"
Ingest analytics JSONL to DB	UNKNOWN STEP	2025-12-02T05:19:33.7837636Z [command]/usr/bin/git config --local --name-only --get-regexp ^includeIf\.gitdir:
Ingest analytics JSONL to DB	UNKNOWN STEP	2025-12-02T05:19:33.7872197Z [command]/usr/bin/git submodule foreach --recursive git config --local --show-origin --name-only --get-regexp remote.origin.url
Ingest analytics JSONL to DB	UNKNOWN STEP	2025-12-02T05:19:33.8227423Z Cleaning up orphan processes
