Ingest analytics JSONL to DB	UNKNOWN STEP	﻿2025-12-02T11:19:06.9490002Z Current runner version: '2.329.0'
Ingest analytics JSONL to DB	UNKNOWN STEP	2025-12-02T11:19:06.9513463Z ##[group]Runner Image Provisioner
Ingest analytics JSONL to DB	UNKNOWN STEP	2025-12-02T11:19:06.9514244Z Hosted Compute Agent
Ingest analytics JSONL to DB	UNKNOWN STEP	2025-12-02T11:19:06.9514889Z Version: 20251016.436
Ingest analytics JSONL to DB	UNKNOWN STEP	2025-12-02T11:19:06.9515464Z Commit: 8ab8ac8bfd662a3739dab9fe09456aba92132568
Ingest analytics JSONL to DB	UNKNOWN STEP	2025-12-02T11:19:06.9516547Z Build Date: 2025-10-15T20:44:12Z
Ingest analytics JSONL to DB	UNKNOWN STEP	2025-12-02T11:19:06.9517163Z ##[endgroup]
Ingest analytics JSONL to DB	UNKNOWN STEP	2025-12-02T11:19:06.9517703Z ##[group]Operating System
Ingest analytics JSONL to DB	UNKNOWN STEP	2025-12-02T11:19:06.9518230Z Ubuntu
Ingest analytics JSONL to DB	UNKNOWN STEP	2025-12-02T11:19:06.9518758Z 24.04.3
Ingest analytics JSONL to DB	UNKNOWN STEP	2025-12-02T11:19:06.9519181Z LTS
Ingest analytics JSONL to DB	UNKNOWN STEP	2025-12-02T11:19:06.9519690Z ##[endgroup]
Ingest analytics JSONL to DB	UNKNOWN STEP	2025-12-02T11:19:06.9520178Z ##[group]Runner Image
Ingest analytics JSONL to DB	UNKNOWN STEP	2025-12-02T11:19:06.9520750Z Image: ubuntu-24.04
Ingest analytics JSONL to DB	UNKNOWN STEP	2025-12-02T11:19:06.9521256Z Version: 20251112.124.1
Ingest analytics JSONL to DB	UNKNOWN STEP	2025-12-02T11:19:06.9522265Z Included Software: https://github.com/actions/runner-images/blob/ubuntu24/20251112.124/images/ubuntu/Ubuntu2404-Readme.md
Ingest analytics JSONL to DB	UNKNOWN STEP	2025-12-02T11:19:06.9523868Z Image Release: https://github.com/actions/runner-images/releases/tag/ubuntu24%2F20251112.124
Ingest analytics JSONL to DB	UNKNOWN STEP	2025-12-02T11:19:06.9524917Z ##[endgroup]
Ingest analytics JSONL to DB	UNKNOWN STEP	2025-12-02T11:19:06.9526240Z ##[group]GITHUB_TOKEN Permissions
Ingest analytics JSONL to DB	UNKNOWN STEP	2025-12-02T11:19:06.9528341Z Contents: read
Ingest analytics JSONL to DB	UNKNOWN STEP	2025-12-02T11:19:06.9528865Z Metadata: read
Ingest analytics JSONL to DB	UNKNOWN STEP	2025-12-02T11:19:06.9529364Z Packages: read
Ingest analytics JSONL to DB	UNKNOWN STEP	2025-12-02T11:19:06.9529814Z ##[endgroup]
Ingest analytics JSONL to DB	UNKNOWN STEP	2025-12-02T11:19:06.9531835Z Secret source: Actions
Ingest analytics JSONL to DB	UNKNOWN STEP	2025-12-02T11:19:06.9532484Z Prepare workflow directory
Ingest analytics JSONL to DB	UNKNOWN STEP	2025-12-02T11:19:07.0016413Z Prepare all required actions
Ingest analytics JSONL to DB	UNKNOWN STEP	2025-12-02T11:19:07.0053517Z Getting action download info
Ingest analytics JSONL to DB	UNKNOWN STEP	2025-12-02T11:19:07.2627061Z Download action repository 'actions/checkout@v4' (SHA:34e114876b0b11c390a56381ad16ebd13914f8d5)
Ingest analytics JSONL to DB	UNKNOWN STEP	2025-12-02T11:19:07.5641847Z Download action repository 'actions/setup-node@v4' (SHA:49933ea5288caeca8642d1e84afbd3f7d6820020)
Ingest analytics JSONL to DB	UNKNOWN STEP	2025-12-02T11:19:07.7591989Z Complete job name: Ingest analytics JSONL to DB
Ingest analytics JSONL to DB	UNKNOWN STEP	2025-12-02T11:19:07.8273901Z ##[group]Run actions/checkout@v4
Ingest analytics JSONL to DB	UNKNOWN STEP	2025-12-02T11:19:07.8274780Z with:
Ingest analytics JSONL to DB	UNKNOWN STEP	2025-12-02T11:19:07.8275203Z   repository: Tris247/cvforge-mvp
Ingest analytics JSONL to DB	UNKNOWN STEP	2025-12-02T11:19:07.8276078Z   token: ***
Ingest analytics JSONL to DB	UNKNOWN STEP	2025-12-02T11:19:07.8276495Z   ssh-strict: true
Ingest analytics JSONL to DB	UNKNOWN STEP	2025-12-02T11:19:07.8276888Z   ssh-user: git
Ingest analytics JSONL to DB	UNKNOWN STEP	2025-12-02T11:19:07.8277294Z   persist-credentials: true
Ingest analytics JSONL to DB	UNKNOWN STEP	2025-12-02T11:19:07.8277742Z   clean: true
Ingest analytics JSONL to DB	UNKNOWN STEP	2025-12-02T11:19:07.8278151Z   sparse-checkout-cone-mode: true
Ingest analytics JSONL to DB	UNKNOWN STEP	2025-12-02T11:19:07.8278629Z   fetch-depth: 1
Ingest analytics JSONL to DB	UNKNOWN STEP	2025-12-02T11:19:07.8279026Z   fetch-tags: false
Ingest analytics JSONL to DB	UNKNOWN STEP	2025-12-02T11:19:07.8279428Z   show-progress: true
Ingest analytics JSONL to DB	UNKNOWN STEP	2025-12-02T11:19:07.8279829Z   lfs: false
Ingest analytics JSONL to DB	UNKNOWN STEP	2025-12-02T11:19:07.8280200Z   submodules: false
Ingest analytics JSONL to DB	UNKNOWN STEP	2025-12-02T11:19:07.8280641Z   set-safe-directory: true
Ingest analytics JSONL to DB	UNKNOWN STEP	2025-12-02T11:19:07.8281336Z env:
Ingest analytics JSONL to DB	UNKNOWN STEP	2025-12-02T11:19:07.8281776Z   NODE_OPTIONS: --max-old-space-size=512
Ingest analytics JSONL to DB	UNKNOWN STEP	2025-12-02T11:19:07.8282326Z   ANALYTICS_FILE: data/analytics.jsonl
Ingest analytics JSONL to DB	UNKNOWN STEP	2025-12-02T11:19:07.8282830Z   DATABASE_URL: 
Ingest analytics JSONL to DB	UNKNOWN STEP	2025-12-02T11:19:07.8283220Z ##[endgroup]
Ingest analytics JSONL to DB	UNKNOWN STEP	2025-12-02T11:19:07.9619950Z Syncing repository: Tris247/cvforge-mvp
Ingest analytics JSONL to DB	UNKNOWN STEP	2025-12-02T11:19:07.9621603Z ##[group]Getting Git version info
Ingest analytics JSONL to DB	UNKNOWN STEP	2025-12-02T11:19:07.9622337Z Working directory is '/home/runner/work/cvforge-mvp/cvforge-mvp'
Ingest analytics JSONL to DB	UNKNOWN STEP	2025-12-02T11:19:07.9623358Z [command]/usr/bin/git version
Ingest analytics JSONL to DB	UNKNOWN STEP	2025-12-02T11:19:07.9712015Z git version 2.51.2
Ingest analytics JSONL to DB	UNKNOWN STEP	2025-12-02T11:19:07.9738829Z ##[endgroup]
Ingest analytics JSONL to DB	UNKNOWN STEP	2025-12-02T11:19:07.9762240Z Temporarily overriding HOME='/home/runner/work/_temp/e81496e7-ea9c-496e-88a4-e8849cc93de1' before making global git config changes
Ingest analytics JSONL to DB	UNKNOWN STEP	2025-12-02T11:19:07.9764707Z Adding repository directory to the temporary git global config as a safe directory
Ingest analytics JSONL to DB	UNKNOWN STEP	2025-12-02T11:19:07.9767692Z [command]/usr/bin/git config --global --add safe.directory /home/runner/work/cvforge-mvp/cvforge-mvp
Ingest analytics JSONL to DB	UNKNOWN STEP	2025-12-02T11:19:07.9807200Z Deleting the contents of '/home/runner/work/cvforge-mvp/cvforge-mvp'
Ingest analytics JSONL to DB	UNKNOWN STEP	2025-12-02T11:19:07.9811110Z ##[group]Initializing the repository
Ingest analytics JSONL to DB	UNKNOWN STEP	2025-12-02T11:19:07.9815042Z [command]/usr/bin/git init /home/runner/work/cvforge-mvp/cvforge-mvp
Ingest analytics JSONL to DB	UNKNOWN STEP	2025-12-02T11:19:07.9935186Z hint: Using 'master' as the name for the initial branch. This default branch name
Ingest analytics JSONL to DB	UNKNOWN STEP	2025-12-02T11:19:07.9937206Z hint: is subject to change. To configure the initial branch name to use in all
Ingest analytics JSONL to DB	UNKNOWN STEP	2025-12-02T11:19:07.9939222Z hint: of your new repositories, which will suppress this warning, call:
Ingest analytics JSONL to DB	UNKNOWN STEP	2025-12-02T11:19:07.9940389Z hint:
Ingest analytics JSONL to DB	UNKNOWN STEP	2025-12-02T11:19:07.9941194Z hint: 	git config --global init.defaultBranch <name>
Ingest analytics JSONL to DB	UNKNOWN STEP	2025-12-02T11:19:07.9942144Z hint:
Ingest analytics JSONL to DB	UNKNOWN STEP	2025-12-02T11:19:07.9943054Z hint: Names commonly chosen instead of 'master' are 'main', 'trunk' and
Ingest analytics JSONL to DB	UNKNOWN STEP	2025-12-02T11:19:07.9944693Z hint: 'development'. The just-created branch can be renamed via this command:
Ingest analytics JSONL to DB	UNKNOWN STEP	2025-12-02T11:19:07.9946167Z hint:
Ingest analytics JSONL to DB	UNKNOWN STEP	2025-12-02T11:19:07.9946862Z hint: 	git branch -m <name>
Ingest analytics JSONL to DB	UNKNOWN STEP	2025-12-02T11:19:07.9947631Z hint:
Ingest analytics JSONL to DB	UNKNOWN STEP	2025-12-02T11:19:07.9948667Z hint: Disable this message with "git config set advice.defaultBranchName false"
Ingest analytics JSONL to DB	UNKNOWN STEP	2025-12-02T11:19:07.9950528Z Initialized empty Git repository in /home/runner/work/cvforge-mvp/cvforge-mvp/.git/
Ingest analytics JSONL to DB	UNKNOWN STEP	2025-12-02T11:19:07.9953294Z [command]/usr/bin/git remote add origin https://github.com/Tris247/cvforge-mvp
Ingest analytics JSONL to DB	UNKNOWN STEP	2025-12-02T11:19:07.9987732Z ##[endgroup]
Ingest analytics JSONL to DB	UNKNOWN STEP	2025-12-02T11:19:07.9989022Z ##[group]Disabling automatic garbage collection
Ingest analytics JSONL to DB	UNKNOWN STEP	2025-12-02T11:19:07.9992069Z [command]/usr/bin/git config --local gc.auto 0
Ingest analytics JSONL to DB	UNKNOWN STEP	2025-12-02T11:19:08.0022292Z ##[endgroup]
Ingest analytics JSONL to DB	UNKNOWN STEP	2025-12-02T11:19:08.0023424Z ##[group]Setting up auth
Ingest analytics JSONL to DB	UNKNOWN STEP	2025-12-02T11:19:08.0029727Z [command]/usr/bin/git config --local --name-only --get-regexp core\.sshCommand
Ingest analytics JSONL to DB	UNKNOWN STEP	2025-12-02T11:19:08.0060688Z [command]/usr/bin/git submodule foreach --recursive sh -c "git config --local --name-only --get-regexp 'core\.sshCommand' && git config --local --unset-all 'core.sshCommand' || :"
Ingest analytics JSONL to DB	UNKNOWN STEP	2025-12-02T11:19:08.0414628Z [command]/usr/bin/git config --local --name-only --get-regexp http\.https\:\/\/github\.com\/\.extraheader
Ingest analytics JSONL to DB	UNKNOWN STEP	2025-12-02T11:19:08.0444153Z [command]/usr/bin/git submodule foreach --recursive sh -c "git config --local --name-only --get-regexp 'http\.https\:\/\/github\.com\/\.extraheader' && git config --local --unset-all 'http.https://github.com/.extraheader' || :"
Ingest analytics JSONL to DB	UNKNOWN STEP	2025-12-02T11:19:08.0677793Z [command]/usr/bin/git config --local --name-only --get-regexp ^includeIf\.gitdir:
Ingest analytics JSONL to DB	UNKNOWN STEP	2025-12-02T11:19:08.0708807Z [command]/usr/bin/git submodule foreach --recursive git config --local --show-origin --name-only --get-regexp remote.origin.url
Ingest analytics JSONL to DB	UNKNOWN STEP	2025-12-02T11:19:08.0929210Z [command]/usr/bin/git config --local http.https://github.com/.extraheader AUTHORIZATION: basic ***
Ingest analytics JSONL to DB	UNKNOWN STEP	2025-12-02T11:19:08.0962433Z ##[endgroup]
Ingest analytics JSONL to DB	UNKNOWN STEP	2025-12-02T11:19:08.0963676Z ##[group]Fetching the repository
Ingest analytics JSONL to DB	UNKNOWN STEP	2025-12-02T11:19:08.0972522Z [command]/usr/bin/git -c protocol.version=2 fetch --no-tags --prune --no-recurse-submodules --depth=1 origin +166d5b99f6fc694fde9912e554cba5d6d72580bd:refs/remotes/origin/feat/postgres-ci-migration
Ingest analytics JSONL to DB	UNKNOWN STEP	2025-12-02T11:19:08.2772470Z From https://github.com/Tris247/cvforge-mvp
Ingest analytics JSONL to DB	UNKNOWN STEP	2025-12-02T11:19:08.2773538Z  * [new ref]         166d5b99f6fc694fde9912e554cba5d6d72580bd -> origin/feat/postgres-ci-migration
Ingest analytics JSONL to DB	UNKNOWN STEP	2025-12-02T11:19:08.2804599Z ##[endgroup]
Ingest analytics JSONL to DB	UNKNOWN STEP	2025-12-02T11:19:08.2805294Z ##[group]Determining the checkout info
Ingest analytics JSONL to DB	UNKNOWN STEP	2025-12-02T11:19:08.2807059Z ##[endgroup]
Ingest analytics JSONL to DB	UNKNOWN STEP	2025-12-02T11:19:08.2812017Z [command]/usr/bin/git sparse-checkout disable
Ingest analytics JSONL to DB	UNKNOWN STEP	2025-12-02T11:19:08.2854417Z [command]/usr/bin/git config --local --unset-all extensions.worktreeConfig
Ingest analytics JSONL to DB	UNKNOWN STEP	2025-12-02T11:19:08.2880249Z ##[group]Checking out the ref
Ingest analytics JSONL to DB	UNKNOWN STEP	2025-12-02T11:19:08.2885128Z [command]/usr/bin/git checkout --progress --force -B feat/postgres-ci-migration refs/remotes/origin/feat/postgres-ci-migration
Ingest analytics JSONL to DB	UNKNOWN STEP	2025-12-02T11:19:08.3025061Z Switched to a new branch 'feat/postgres-ci-migration'
Ingest analytics JSONL to DB	UNKNOWN STEP	2025-12-02T11:19:08.3027647Z branch 'feat/postgres-ci-migration' set up to track 'origin/feat/postgres-ci-migration'.
Ingest analytics JSONL to DB	UNKNOWN STEP	2025-12-02T11:19:08.3034115Z ##[endgroup]
Ingest analytics JSONL to DB	UNKNOWN STEP	2025-12-02T11:19:08.3068556Z [command]/usr/bin/git log -1 --format=%H
Ingest analytics JSONL to DB	UNKNOWN STEP	2025-12-02T11:19:08.3089884Z 166d5b99f6fc694fde9912e554cba5d6d72580bd
Ingest analytics JSONL to DB	UNKNOWN STEP	2025-12-02T11:19:08.3322342Z ##[group]Run actions/setup-node@v4
Ingest analytics JSONL to DB	UNKNOWN STEP	2025-12-02T11:19:08.3322884Z with:
Ingest analytics JSONL to DB	UNKNOWN STEP	2025-12-02T11:19:08.3323234Z   node-version: 18
Ingest analytics JSONL to DB	UNKNOWN STEP	2025-12-02T11:19:08.3323624Z   always-auth: false
Ingest analytics JSONL to DB	UNKNOWN STEP	2025-12-02T11:19:08.3324025Z   check-latest: false
Ingest analytics JSONL to DB	UNKNOWN STEP	2025-12-02T11:19:08.3324567Z   token: ***
Ingest analytics JSONL to DB	UNKNOWN STEP	2025-12-02T11:19:08.3325123Z env:
Ingest analytics JSONL to DB	UNKNOWN STEP	2025-12-02T11:19:08.3325512Z   NODE_OPTIONS: --max-old-space-size=512
Ingest analytics JSONL to DB	UNKNOWN STEP	2025-12-02T11:19:08.3326275Z   ANALYTICS_FILE: data/analytics.jsonl
Ingest analytics JSONL to DB	UNKNOWN STEP	2025-12-02T11:19:08.3326775Z   DATABASE_URL: 
Ingest analytics JSONL to DB	UNKNOWN STEP	2025-12-02T11:19:08.3327148Z ##[endgroup]
Ingest analytics JSONL to DB	UNKNOWN STEP	2025-12-02T11:19:08.5671200Z Attempting to download 18...
Ingest analytics JSONL to DB	UNKNOWN STEP	2025-12-02T11:19:08.9375858Z Acquiring 18.20.8 - x64 from https://github.com/actions/node-versions/releases/download/18.20.8-14110393767/node-18.20.8-linux-x64.tar.gz
Ingest analytics JSONL to DB	UNKNOWN STEP	2025-12-02T11:19:09.3627313Z Extracting ...
Ingest analytics JSONL to DB	UNKNOWN STEP	2025-12-02T11:19:09.3742532Z [command]/usr/bin/tar xz --strip 1 --warning=no-unknown-keyword --overwrite -C /home/runner/work/_temp/89608288-bb9e-4983-a1b2-5b1cdfeea9b4 -f /home/runner/work/_temp/d3349a42-b2c9-43e8-9847-c930c17fed38
Ingest analytics JSONL to DB	UNKNOWN STEP	2025-12-02T11:19:10.3199206Z Adding to the cache ...
Ingest analytics JSONL to DB	UNKNOWN STEP	2025-12-02T11:19:11.9031653Z ##[group]Environment details
Ingest analytics JSONL to DB	UNKNOWN STEP	2025-12-02T11:19:12.1505248Z node: v18.20.8
Ingest analytics JSONL to DB	UNKNOWN STEP	2025-12-02T11:19:12.1506180Z npm: 10.8.2
Ingest analytics JSONL to DB	UNKNOWN STEP	2025-12-02T11:19:12.1506603Z yarn: 1.22.22
Ingest analytics JSONL to DB	UNKNOWN STEP	2025-12-02T11:19:12.1507659Z ##[endgroup]
Ingest analytics JSONL to DB	UNKNOWN STEP	2025-12-02T11:19:12.1667526Z ##[group]Run npm ci
Ingest analytics JSONL to DB	UNKNOWN STEP	2025-12-02T11:19:12.1667887Z [36;1mnpm ci[0m
Ingest analytics JSONL to DB	UNKNOWN STEP	2025-12-02T11:19:12.1707256Z shell: /usr/bin/bash -e {0}
Ingest analytics JSONL to DB	UNKNOWN STEP	2025-12-02T11:19:12.1707573Z env:
Ingest analytics JSONL to DB	UNKNOWN STEP	2025-12-02T11:19:12.1707839Z   NODE_OPTIONS: --max-old-space-size=512
Ingest analytics JSONL to DB	UNKNOWN STEP	2025-12-02T11:19:12.1708187Z   ANALYTICS_FILE: data/analytics.jsonl
Ingest analytics JSONL to DB	UNKNOWN STEP	2025-12-02T11:19:12.1708479Z   DATABASE_URL: 
Ingest analytics JSONL to DB	UNKNOWN STEP	2025-12-02T11:19:12.1708703Z ##[endgroup]
Ingest analytics JSONL to DB	UNKNOWN STEP	2025-12-02T11:19:14.2917209Z npm warn deprecated rimraf@3.0.2: Rimraf versions prior to v4 are no longer supported
Ingest analytics JSONL to DB	UNKNOWN STEP	2025-12-02T11:19:14.4142229Z npm warn deprecated npmlog@6.0.2: This package is no longer supported.
Ingest analytics JSONL to DB	UNKNOWN STEP	2025-12-02T11:19:14.6317130Z npm warn deprecated inflight@1.0.6: This module is not supported, and leaks memory. Do not use it. Check out lru-cache if you want a good and tested way to coalesce async requests by a key value, which is much more comprehensive and powerful.
Ingest analytics JSONL to DB	UNKNOWN STEP	2025-12-02T11:19:14.8516275Z npm warn deprecated glob@7.2.3: Glob versions prior to v9 are no longer supported
Ingest analytics JSONL to DB	UNKNOWN STEP	2025-12-02T11:19:15.1357174Z npm warn deprecated are-we-there-yet@3.0.1: This package is no longer supported.
Ingest analytics JSONL to DB	UNKNOWN STEP	2025-12-02T11:19:15.1527010Z npm warn deprecated gauge@4.0.4: This package is no longer supported.
Ingest analytics JSONL to DB	UNKNOWN STEP	2025-12-02T11:19:15.2367491Z npm warn deprecated @npmcli/move-file@1.1.2: This functionality has been moved to @npmcli/fs
Ingest analytics JSONL to DB	UNKNOWN STEP	2025-12-02T11:19:15.3099744Z npm warn deprecated node-domexception@1.0.0: Use your platform's native DOMException instead
Ingest analytics JSONL to DB	UNKNOWN STEP	2025-12-02T11:19:23.6774763Z 
Ingest analytics JSONL to DB	UNKNOWN STEP	2025-12-02T11:19:23.6775738Z added 310 packages, and audited 311 packages in 11s
Ingest analytics JSONL to DB	UNKNOWN STEP	2025-12-02T11:19:23.6776296Z 
Ingest analytics JSONL to DB	UNKNOWN STEP	2025-12-02T11:19:23.6776659Z 52 packages are looking for funding
Ingest analytics JSONL to DB	UNKNOWN STEP	2025-12-02T11:19:23.6777188Z   run `npm fund` for details
Ingest analytics JSONL to DB	UNKNOWN STEP	2025-12-02T11:19:23.6936243Z 
Ingest analytics JSONL to DB	UNKNOWN STEP	2025-12-02T11:19:23.6936941Z 4 moderate severity vulnerabilities
Ingest analytics JSONL to DB	UNKNOWN STEP	2025-12-02T11:19:23.6937396Z 
Ingest analytics JSONL to DB	UNKNOWN STEP	2025-12-02T11:19:23.6937823Z To address all issues (including breaking changes), run:
Ingest analytics JSONL to DB	UNKNOWN STEP	2025-12-02T11:19:23.6938457Z   npm audit fix --force
Ingest analytics JSONL to DB	UNKNOWN STEP	2025-12-02T11:19:23.6938724Z 
Ingest analytics JSONL to DB	UNKNOWN STEP	2025-12-02T11:19:23.6939014Z Run `npm audit` for details.
Ingest analytics JSONL to DB	UNKNOWN STEP	2025-12-02T11:19:23.7244911Z ##[group]Run node ./scripts/ingest-analytics-worker.js
Ingest analytics JSONL to DB	UNKNOWN STEP	2025-12-02T11:19:23.7245520Z [36;1mnode ./scripts/ingest-analytics-worker.js[0m
Ingest analytics JSONL to DB	UNKNOWN STEP	2025-12-02T11:19:23.7283497Z shell: /usr/bin/bash -e {0}
Ingest analytics JSONL to DB	UNKNOWN STEP	2025-12-02T11:19:23.7283738Z env:
Ingest analytics JSONL to DB	UNKNOWN STEP	2025-12-02T11:19:23.7283936Z   NODE_OPTIONS: --max-old-space-size=512
Ingest analytics JSONL to DB	UNKNOWN STEP	2025-12-02T11:19:23.7284211Z   ANALYTICS_FILE: data/analytics.jsonl
Ingest analytics JSONL to DB	UNKNOWN STEP	2025-12-02T11:19:23.7284443Z   DATABASE_URL: 
Ingest analytics JSONL to DB	UNKNOWN STEP	2025-12-02T11:19:23.7284626Z ##[endgroup]
Ingest analytics JSONL to DB	UNKNOWN STEP	2025-12-02T11:19:23.7676844Z DATABASE_URL not set — ingestion worker disabled
Ingest analytics JSONL to DB	UNKNOWN STEP	2025-12-02T11:19:23.7856132Z Post job cleanup.
Ingest analytics JSONL to DB	UNKNOWN STEP	2025-12-02T11:19:23.9821915Z Post job cleanup.
Ingest analytics JSONL to DB	UNKNOWN STEP	2025-12-02T11:19:24.1069095Z [command]/usr/bin/git version
Ingest analytics JSONL to DB	UNKNOWN STEP	2025-12-02T11:19:24.1104716Z git version 2.51.2
Ingest analytics JSONL to DB	UNKNOWN STEP	2025-12-02T11:19:24.1147650Z Temporarily overriding HOME='/home/runner/work/_temp/3c08d11c-e924-4905-90d2-08c3ea50da67' before making global git config changes
Ingest analytics JSONL to DB	UNKNOWN STEP	2025-12-02T11:19:24.1148614Z Adding repository directory to the temporary git global config as a safe directory
Ingest analytics JSONL to DB	UNKNOWN STEP	2025-12-02T11:19:24.1153129Z [command]/usr/bin/git config --global --add safe.directory /home/runner/work/cvforge-mvp/cvforge-mvp
Ingest analytics JSONL to DB	UNKNOWN STEP	2025-12-02T11:19:24.1188131Z [command]/usr/bin/git config --local --name-only --get-regexp core\.sshCommand
Ingest analytics JSONL to DB	UNKNOWN STEP	2025-12-02T11:19:24.1220051Z [command]/usr/bin/git submodule foreach --recursive sh -c "git config --local --name-only --get-regexp 'core\.sshCommand' && git config --local --unset-all 'core.sshCommand' || :"
Ingest analytics JSONL to DB	UNKNOWN STEP	2025-12-02T11:19:24.1448946Z [command]/usr/bin/git config --local --name-only --get-regexp http\.https\:\/\/github\.com\/\.extraheader
Ingest analytics JSONL to DB	UNKNOWN STEP	2025-12-02T11:19:24.1469852Z http.https://github.com/.extraheader
Ingest analytics JSONL to DB	UNKNOWN STEP	2025-12-02T11:19:24.1483101Z [command]/usr/bin/git config --local --unset-all http.https://github.com/.extraheader
Ingest analytics JSONL to DB	UNKNOWN STEP	2025-12-02T11:19:24.1514267Z [command]/usr/bin/git submodule foreach --recursive sh -c "git config --local --name-only --get-regexp 'http\.https\:\/\/github\.com\/\.extraheader' && git config --local --unset-all 'http.https://github.com/.extraheader' || :"
Ingest analytics JSONL to DB	UNKNOWN STEP	2025-12-02T11:19:24.1734324Z [command]/usr/bin/git config --local --name-only --get-regexp ^includeIf\.gitdir:
Ingest analytics JSONL to DB	UNKNOWN STEP	2025-12-02T11:19:24.1764850Z [command]/usr/bin/git submodule foreach --recursive git config --local --show-origin --name-only --get-regexp remote.origin.url
Ingest analytics JSONL to DB	UNKNOWN STEP	2025-12-02T11:19:24.2116860Z Cleaning up orphan processes
